Using pre-set license
Built from '2023.2/release' branch; Version is '2023.2.4f1 (3a7eb0602d92) revision 3833520'; Using compiler version '193431935'; Build Type 'Release'
OS: 'Windows 10  (10.0.19045) 64bit Core' Language: 'en' Physical Memory: 16253 MB
BatchMode: 1, IsHumanControllingUs: 0, StartBugReporterOnCrash: 0, Is64bit: 1, IsPro: 1

COMMAND LINE ARGUMENTS:
C:\Program Files\Unity\Hub\Editor\2023.2.4f1\Editor\Unity.exe
-adb2
-batchMode
-noUpm
-name
AssetImportWorker8
-projectPath
C:/Users/dosra/Documents/CappiAstralMuseum/Cappi Astral Museum
-logFile
Logs/AssetImportWorker8.log
-srvPort
62408
-job-worker-count
5
-background-job-worker-count
8
-asset-garbage-collectors
1
Successfully changed project path to: C:/Users/dosra/Documents/CappiAstralMuseum/Cappi Astral Museum
C:/Users/dosra/Documents/CappiAstralMuseum/Cappi Astral Museum
[UnityMemory] Configuration Parameters - Can be set up in boot.config
    "memorysetup-bucket-allocator-granularity=16"
    "memorysetup-bucket-allocator-bucket-count=8"
    "memorysetup-bucket-allocator-block-size=33554432"
    "memorysetup-bucket-allocator-block-count=8"
    "memorysetup-main-allocator-block-size=16777216"
    "memorysetup-thread-allocator-block-size=16777216"
    "memorysetup-gfx-main-allocator-block-size=16777216"
    "memorysetup-gfx-thread-allocator-block-size=16777216"
    "memorysetup-cache-allocator-block-size=4194304"
    "memorysetup-typetree-allocator-block-size=2097152"
    "memorysetup-profiler-bucket-allocator-granularity=16"
    "memorysetup-profiler-bucket-allocator-bucket-count=8"
    "memorysetup-profiler-bucket-allocator-block-size=33554432"
    "memorysetup-profiler-bucket-allocator-block-count=8"
    "memorysetup-profiler-allocator-block-size=16777216"
    "memorysetup-profiler-editor-allocator-block-size=1048576"
    "memorysetup-temp-allocator-size-main=16777216"
    "memorysetup-job-temp-allocator-block-size=2097152"
    "memorysetup-job-temp-allocator-block-size-background=1048576"
    "memorysetup-job-temp-allocator-reduction-small-platforms=262144"
    "memorysetup-allocator-temp-initial-block-size-main=262144"
    "memorysetup-allocator-temp-initial-block-size-worker=262144"
    "memorysetup-temp-allocator-size-background-worker=32768"
    "memorysetup-temp-allocator-size-job-worker=262144"
    "memorysetup-temp-allocator-size-preload-manager=33554432"
    "memorysetup-temp-allocator-size-nav-mesh-worker=65536"
    "memorysetup-temp-allocator-size-audio-worker=65536"
    "memorysetup-temp-allocator-size-cloud-worker=32768"
    "memorysetup-temp-allocator-size-gi-baking-worker=262144"
    "memorysetup-temp-allocator-size-gi-baking-worker=262144"
    "memorysetup-temp-allocator-size-gi-baking-worker=262144"
    "memorysetup-temp-allocator-size-gi-baking-worker=262144"
    "memorysetup-temp-allocator-size-gfx=262144"
Player connection [23524] Host "[IP] 10.0.0.241 [Port] 0 [Flags] 2 [Guid] 462041798 [EditorId] 462041798 [Version] 1048832 [Id] WindowsEditor(7,DESKTOP-7VA17B2) [Debug] 1 [PackageName] WindowsEditor [ProjectName] Editor" joined multi-casting on [225.0.0.222:54997]...
Player connection [23524] Host "[IP] 10.0.0.241 [Port] 0 [Flags] 2 [Guid] 462041798 [EditorId] 462041798 [Version] 1048832 [Id] WindowsEditor(7,DESKTOP-7VA17B2) [Debug] 1 [PackageName] WindowsEditor [ProjectName] Editor" joined alternative multi-casting on [225.0.0.222:34997]...
JobSystem: Creating JobQueue using job-worker-count value 5
[Physics::Module] Initialized MultithreadedJobDispatcher with 5 workers.
Library Redirect Path: Library/
Refreshing native plugins compatible for Editor in 1.61 ms, found 3 plugins.
Preloading 0 native plugins for Editor in 0.00 ms.
Initialize engine version: 2023.2.4f1 (3a7eb0602d92)
[Subsystems] Discovering subsystems at path C:/Program Files/Unity/Hub/Editor/2023.2.4f1/Editor/Data/Resources/UnitySubsystems
[Subsystems] Discovering subsystems at path C:/Users/dosra/Documents/CappiAstralMuseum/Cappi Astral Museum/Assets
GfxDevice: creating device client; kGfxThreadingModeNonThreaded
Direct3D:
    Version:  Direct3D 11.0 [level 11.1]
    Renderer: NVIDIA GeForce RTX 3060 Ti (ID=0x2486)
    Vendor:   NVIDIA
    VRAM:     8024 MB
    Driver:   32.0.15.8097
Initialize mono
Mono path[0] = 'C:/Program Files/Unity/Hub/Editor/2023.2.4f1/Editor/Data/Managed'
Mono path[1] = 'C:/Program Files/Unity/Hub/Editor/2023.2.4f1/Editor/Data/MonoBleedingEdge/lib/mono/unityjit-win32'
Mono config path = 'C:/Program Files/Unity/Hub/Editor/2023.2.4f1/Editor/Data/MonoBleedingEdge/etc'
Using monoOptions --debugger-agent=transport=dt_socket,embedding=1,server=y,suspend=n,address=127.0.0.1:56136
Begin MonoManager ReloadAssembly
C:\build\output\Unity-Technologies\mono\mono\metadata\icall.c:1842:
C:\build\output\Unity-Technologies\mono\mono\metadata\icall.c:1842:
C:\build\output\Unity-Technologies\mono\mono\metadata\icall.c:1842:
C:\build\output\Unity-Technologies\mono\mono\metadata\icall.c:1842:
C:\build\output\Unity-Technologies\mono\mono\metadata\icall.c:1842:
C:\build\output\Unity-Technologies\mono\mono\metadata\icall.c:1842:
C:\build\output\Unity-Technologies\mono\mono\metadata\icall.c:1842:
C:\build\output\Unity-Technologies\mono\mono\metadata\icall.c:1842:
C:\build\output\Unity-Technologies\mono\mono\metadata\icall.c:1842:
C:\build\output\Unity-Technologies\mono\mono\metadata\icall.c:1842:
Registering precompiled unity dll's ...
Register platform support module: C:/Program Files/Unity/Hub/Editor/2023.2.4f1/Editor/Data/PlaybackEngines/WindowsStandaloneSupport/UnityEditor.WindowsStandalone.Extensions.dll
Registered in 0.003907 seconds.
- Loaded All Assemblies, in  0.399 seconds
Native extension for WindowsStandalone target not found
Mono: successfully reloaded assembly
C:\build\output\Unity-Technologies\mono\mono\metadata\icall.c:1842:
C:\build\output\Unity-Technologies\mono\mono\metadata\icall.c:1842:
- Finished resetting the current domain, in  0.296 seconds
Domain Reload Profiling: 691ms
	BeginReloadAssembly (131ms)
		ExecutionOrderSort (0ms)
		DisableScriptedObjects (0ms)
		BackupInstance (0ms)
		ReleaseScriptingObjects (0ms)
		CreateAndSetChildDomain (1ms)
	RebuildCommonClasses (38ms)
	RebuildNativeTypeToScriptingClass (14ms)
	initialDomainReloadingComplete (52ms)
	LoadAllAssembliesAndSetupDomain (160ms)
		LoadAssemblies (127ms)
		RebuildTransferFunctionScriptingTraits (0ms)
		AnalyzeDomain (158ms)
			TypeCache.Refresh (157ms)
				TypeCache.ScanAssembly (142ms)
			BuildScriptInfoCaches (0ms)
			ResolveRequiredComponents (0ms)
	FinalizeReload (296ms)
		ReleaseScriptCaches (0ms)
		RebuildScriptCaches (0ms)
		SetupLoadedEditorAssemblies (251ms)
			LogAssemblyErrors (0ms)
			InitializePlatformSupportModulesInManaged (9ms)
			SetLoadedEditorAssemblies (5ms)
			BeforeProcessingInitializeOnLoad (7ms)
			ProcessInitializeOnLoadAttributes (185ms)
			ProcessInitializeOnLoadMethodAttributes (45ms)
			AfterProcessingInitializeOnLoad (0ms)
			EditorAssembliesLoaded (0ms)
		ExecutionOrderSort2 (0ms)
		AwakeInstancesAfterBackupRestoration (0ms)
========================================================================
Worker process is ready to serve import requests
Import Worker Mode flag is 0x00
Begin MonoManager ReloadAssembly
C:\build\output\Unity-Technologies\mono\mono\metadata\icall.c:1842:
C:\build\output\Unity-Technologies\mono\mono\metadata\icall.c:1842:
C:\build\output\Unity-Technologies\mono\mono\metadata\icall.c:1842:
C:\build\output\Unity-Technologies\mono\mono\metadata\icall.c:1842:
C:\build\output\Unity-Technologies\mono\mono\metadata\icall.c:1842:
C:\build\output\Unity-Technologies\mono\mono\metadata\icall.c:1842:
C:\build\output\Unity-Technologies\mono\mono\metadata\icall.c:1842:
C:\build\output\Unity-Technologies\mono\mono\metadata\icall.c:1842:
C:\build\output\Unity-Technologies\mono\mono\metadata\icall.c:1842:
C:\build\output\Unity-Technologies\mono\mono\metadata\icall.c:1842:
C:\build\output\Unity-Technologies\mono\mono\metadata\icall.c:1842:
C:\build\output\Unity-Technologies\mono\mono\metadata\icall.c:1842:
Symbol file data-000001B924F62030 doesn't match image C:\Users\dosra\Documents\CappiAstralMuseum\Cappi Astral Museum\Library\ScriptAssemblies\Assembly-CSharp.dll
Symbol file LoadedFromMemory is not a mono symbol file
Symbol file data-000001B927537C40 doesn't match image C:\Users\dosra\Documents\CappiAstralMuseum\Cappi Astral Museum\Library\ScriptAssemblies\CFXR.WelcomeScreen.dll
Symbol file LoadedFromMemory is not a mono symbol file
Symbol file data-000001B927537C40 doesn't match image C:\Users\dosra\Documents\CappiAstralMuseum\Cappi Astral Museum\Library\ScriptAssemblies\CFXRDemo.dll
Symbol file LoadedFromMemory is not a mono symbol file
Symbol file data-000001B92766D060 doesn't match image C:\Users\dosra\Documents\CappiAstralMuseum\Cappi Astral Museum\Library\ScriptAssemblies\CFXREditor.dll
Symbol file LoadedFromMemory is not a mono symbol file
Symbol file data-000001B92766D060 doesn't match image C:\Users\dosra\Documents\CappiAstralMuseum\Cappi Astral Museum\Library\ScriptAssemblies\CFXRRuntime.dll
Symbol file LoadedFromMemory is not a mono symbol file
Symbol file data-000001B923CC5020 doesn't match image C:\Users\dosra\Documents\CappiAstralMuseum\Cappi Astral Museum\Library\ScriptAssemblies\Cinemachine.dll
Symbol file LoadedFromMemory is not a mono symbol file
Symbol file data-000001B92381AFD0 doesn't match image C:\Users\dosra\Documents\CappiAstralMuseum\Cappi Astral Museum\Library\ScriptAssemblies\com.unity.cinemachine.editor.dll
Symbol file LoadedFromMemory is not a mono symbol file
Symbol file data-000001B927537C40 doesn't match image C:\Users\dosra\Documents\CappiAstralMuseum\Cappi Astral Museum\Library\ScriptAssemblies\KinoBloom.Runtime.dll
Symbol file LoadedFromMemory is not a mono symbol file
Symbol file data-000001B927537C40 doesn't match image C:\Users\dosra\Documents\CappiAstralMuseum\Cappi Astral Museum\Library\ScriptAssemblies\ToonyColorsPro.Demo.Editor.dll
Symbol file LoadedFromMemory is not a mono symbol file
Symbol file data-000001B92381AFD0 doesn't match image C:\Users\dosra\Documents\CappiAstralMuseum\Cappi Astral Museum\Library\ScriptAssemblies\Unity.AI.Navigation.dll
Symbol file LoadedFromMemory is not a mono symbol file
Symbol file data-000001B923D01A30 doesn't match image C:\Users\dosra\Documents\CappiAstralMuseum\Cappi Astral Museum\Library\ScriptAssemblies\Unity.AI.Navigation.Editor.ConversionSystem.dll
Symbol file LoadedFromMemory is not a mono symbol file
Symbol file data-000001B92382BBE0 doesn't match image C:\Users\dosra\Documents\CappiAstralMuseum\Cappi Astral Museum\Library\ScriptAssemblies\Unity.AI.Navigation.Editor.dll
Symbol file LoadedFromMemory is not a mono symbol file
Symbol file data-000001B923D01A30 doesn't match image C:\Users\dosra\Documents\CappiAstralMuseum\Cappi Astral Museum\Library\ScriptAssemblies\Unity.AI.Navigation.Updater.dll
Symbol file LoadedFromMemory is not a mono symbol file
Symbol file data-000001B923B72060 doesn't match image C:\Users\dosra\Documents\CappiAstralMuseum\Cappi Astral Museum\Library\ScriptAssemblies\Unity.Animation.Rigging.dll
Symbol file LoadedFromMemory is not a mono symbol file
Symbol file data-000001B926B01240 doesn't match image C:\Users\dosra\Documents\CappiAstralMuseum\Cappi Astral Museum\Library\ScriptAssemblies\Unity.Animation.Rigging.DocCodeExamples.dll
Symbol file LoadedFromMemory is not a mono symbol file
Symbol file data-000001B923B05040 doesn't match image C:\Users\dosra\Documents\CappiAstralMuseum\Cappi Astral Museum\Library\ScriptAssemblies\Unity.Animation.Rigging.Editor.dll
Symbol file LoadedFromMemory is not a mono symbol file
Symbol file data-000001B9238544A0 doesn't match image C:\Users\dosra\Documents\CappiAstralMuseum\Cappi Astral Museum\Library\ScriptAssemblies\Unity.Burst.CodeGen.dll
Symbol file LoadedFromMemory is not a mono symbol file
Symbol file data-000001B923B13E50 doesn't match image C:\Users\dosra\Documents\CappiAstralMuseum\Cappi Astral Museum\Library\ScriptAssemblies\Unity.Burst.dll
Symbol file LoadedFromMemory is not a mono symbol file
Symbol file data-000001B923B13E50 doesn't match image C:\Users\dosra\Documents\CappiAstralMuseum\Cappi Astral Museum\Library\ScriptAssemblies\Unity.Burst.Editor.dll
Symbol file LoadedFromMemory is not a mono symbol file
Symbol file data-000001B926B01240 doesn't match image C:\Users\dosra\Documents\CappiAstralMuseum\Cappi Astral Museum\Library\ScriptAssemblies\Unity.CollabProxy.Editor.dll
Symbol file LoadedFromMemory is not a mono symbol file
Symbol file data-000001B92663F800 doesn't match image C:\Users\dosra\Documents\CappiAstralMuseum\Cappi Astral Museum\Library\ScriptAssemblies\Unity.EditorCoroutines.Editor.dll
Symbol file LoadedFromMemory is not a mono symbol file
Symbol file data-000001B8BF8487B0 doesn't match image C:\Users\dosra\Documents\CappiAstralMuseum\Cappi Astral Museum\Library\ScriptAssemblies\Unity.InputSystem.dll
Symbol file LoadedFromMemory is not a mono symbol file
Symbol file data-000001B92663F800 doesn't match image C:\Users\dosra\Documents\CappiAstralMuseum\Cappi Astral Museum\Library\ScriptAssemblies\Unity.InputSystem.ForUI.dll
Symbol file LoadedFromMemory is not a mono symbol file
Symbol file data-000001B925DAC820 doesn't match image C:\Users\dosra\Documents\CappiAstralMuseum\Cappi Astral Museum\Library\ScriptAssemblies\Unity.InputSystem.TestFramework.dll
Symbol file LoadedFromMemory is not a mono symbol file
Symbol file data-000001B9254C6010 doesn't match image C:\Users\dosra\Documents\CappiAstralMuseum\Cappi Astral Museum\Library\ScriptAssemblies\Unity.Mathematics.dll
Symbol file LoadedFromMemory is not a mono symbol file
Symbol file data-000001B923D01A30 doesn't match image C:\Users\dosra\Documents\CappiAstralMuseum\Cappi Astral Museum\Library\ScriptAssemblies\Unity.Mathematics.Editor.dll
Symbol file LoadedFromMemory is not a mono symbol file
Symbol file data-000001B923B1E860 doesn't match image C:\Users\dosra\Documents\CappiAstralMuseum\Cappi Astral Museum\Library\ScriptAssemblies\Unity.Performance.Profile-Analyzer.Editor.dll
Symbol file LoadedFromMemory is not a mono symbol file
Symbol file data-000001B9255E2010 doesn't match image C:\Users\dosra\Documents\CappiAstralMuseum\Cappi Astral Museum\Library\ScriptAssemblies\Unity.PlasticSCM.Editor.dll
Symbol file LoadedFromMemory is not a mono symbol file
Symbol file data-000001B923AF6630 doesn't match image C:\Users\dosra\Documents\CappiAstralMuseum\Cappi Astral Museum\Library\ScriptAssemblies\Unity.Postprocessing.Editor.dll
Symbol file LoadedFromMemory is not a mono symbol file
Symbol file data-000001B92560A020 doesn't match image C:\Users\dosra\Documents\CappiAstralMuseum\Cappi Astral Museum\Library\ScriptAssemblies\Unity.Postprocessing.Runtime.dll
Symbol file LoadedFromMemory is not a mono symbol file
Symbol file data-000001B92561D430 doesn't match image C:\Users\dosra\Documents\CappiAstralMuseum\Cappi Astral Museum\Library\ScriptAssemblies\Unity.Rider.Editor.dll
Symbol file LoadedFromMemory is not a mono symbol file
Symbol file data-000001B92382BBE0 doesn't match image C:\Users\dosra\Documents\CappiAstralMuseum\Cappi Astral Museum\Library\ScriptAssemblies\Unity.Settings.Editor.dll
Symbol file LoadedFromMemory is not a mono symbol file
Symbol file data-000001B924FB8020 doesn't match image C:\Users\dosra\Documents\CappiAstralMuseum\Cappi Astral Museum\Library\ScriptAssemblies\Unity.Splines.dll
Symbol file LoadedFromMemory is not a mono symbol file
Symbol file data-000001B924FB8020 doesn't match image C:\Users\dosra\Documents\CappiAstralMuseum\Cappi Astral Museum\Library\ScriptAssemblies\Unity.Splines.Editor.dll
Symbol file LoadedFromMemory is not a mono symbol file
Symbol file data-000001B923B39270 doesn't match image C:\Users\dosra\Documents\CappiAstralMuseum\Cappi Astral Museum\Library\ScriptAssemblies\Unity.TestTools.CodeCoverage.Editor.dll
Symbol file LoadedFromMemory is not a mono symbol file
Symbol file data-000001B92382BBE0 doesn't match image C:\Users\dosra\Documents\CappiAstralMuseum\Cappi Astral Museum\Library\ScriptAssemblies\Unity.TestTools.CodeCoverage.Editor.OpenCover.Model.dll
Symbol file LoadedFromMemory is not a mono symbol file
Symbol file data-000001B923D01A30 doesn't match image C:\Users\dosra\Documents\CappiAstralMuseum\Cappi Astral Museum\Library\ScriptAssemblies\Unity.TestTools.CodeCoverage.Editor.OpenCover.Mono.Reflection.dll
Symbol file LoadedFromMemory is not a mono symbol file
Symbol file data-000001B924CBC010 doesn't match image C:\Users\dosra\Documents\CappiAstralMuseum\Cappi Astral Museum\Library\ScriptAssemblies\Unity.TextMeshPro.dll
Symbol file LoadedFromMemory is not a mono symbol file
Symbol file data-000001B924CBC010 doesn't match image C:\Users\dosra\Documents\CappiAstralMuseum\Cappi Astral Museum\Library\ScriptAssemblies\Unity.TextMeshPro.Editor.dll
Symbol file LoadedFromMemory is not a mono symbol file
Symbol file data-000001B924CE0020 doesn't match image C:\Users\dosra\Documents\CappiAstralMuseum\Cappi Astral Museum\Library\ScriptAssemblies\Unity.Timeline.dll
Symbol file LoadedFromMemory is not a mono symbol file
Symbol file data-000001B92480E010 doesn't match image C:\Users\dosra\Documents\CappiAstralMuseum\Cappi Astral Museum\Library\ScriptAssemblies\Unity.Timeline.Editor.dll
Symbol file LoadedFromMemory is not a mono symbol file
Symbol file data-000001B923C38FE0 doesn't match image C:\Users\dosra\Documents\CappiAstralMuseum\Cappi Astral Museum\Library\ScriptAssemblies\Unity.VisualScripting.Core.dll
Symbol file LoadedFromMemory is not a mono symbol file
Symbol file data-000001B923970020 doesn't match image C:\Users\dosra\Documents\CappiAstralMuseum\Cappi Astral Museum\Library\ScriptAssemblies\Unity.VisualScripting.Core.Editor.dll
Symbol file LoadedFromMemory is not a mono symbol file
Symbol file data-000001B923C38FE0 doesn't match image C:\Users\dosra\Documents\CappiAstralMuseum\Cappi Astral Museum\Library\ScriptAssemblies\Unity.VisualScripting.Flow.dll
Symbol file LoadedFromMemory is not a mono symbol file
Symbol file data-000001B9251AD030 doesn't match image C:\Users\dosra\Documents\CappiAstralMuseum\Cappi Astral Museum\Library\ScriptAssemblies\Unity.VisualScripting.Flow.Editor.dll
Symbol file LoadedFromMemory is not a mono symbol file
Symbol file data-000001B923D01A30 doesn't match image C:\Users\dosra\Documents\CappiAstralMuseum\Cappi Astral Museum\Library\ScriptAssemblies\Unity.VisualScripting.SettingsProvider.Editor.dll
Symbol file LoadedFromMemory is not a mono symbol file
Symbol file data-000001B923D01A30 doesn't match image C:\Users\dosra\Documents\CappiAstralMuseum\Cappi Astral Museum\Library\ScriptAssemblies\Unity.VisualScripting.Shared.Editor.dll
Symbol file LoadedFromMemory is not a mono symbol file
Symbol file data-000001B9238544A0 doesn't match image C:\Users\dosra\Documents\CappiAstralMuseum\Cappi Astral Museum\Library\ScriptAssemblies\Unity.VisualScripting.State.dll
Symbol file LoadedFromMemory is not a mono symbol file
Symbol file data-000001B923AF6630 doesn't match image C:\Users\dosra\Documents\CappiAstralMuseum\Cappi Astral Museum\Library\ScriptAssemblies\Unity.VisualScripting.State.Editor.dll
Symbol file LoadedFromMemory is not a mono symbol file
Symbol file data-000001B923C38FE0 doesn't match image C:\Users\dosra\Documents\CappiAstralMuseum\Cappi Astral Museum\Library\ScriptAssemblies\Unity.VisualStudio.Editor.dll
Symbol file LoadedFromMemory is not a mono symbol file
Symbol file data-000001B923E548A0 doesn't match image C:\Users\dosra\Documents\CappiAstralMuseum\Cappi Astral Museum\Library\ScriptAssemblies\UnityEditor.TestRunner.dll
Symbol file LoadedFromMemory is not a mono symbol file
Symbol file data-000001B923AF6630 doesn't match image C:\Users\dosra\Documents\CappiAstralMuseum\Cappi Astral Museum\Library\ScriptAssemblies\UnityEditor.UI.dll
Symbol file LoadedFromMemory is not a mono symbol file
Symbol file data-000001B92480E010 doesn't match image C:\Users\dosra\Documents\CappiAstralMuseum\Cappi Astral Museum\Library\ScriptAssemblies\UnityEngine.TestRunner.dll
Symbol file LoadedFromMemory is not a mono symbol file
Symbol file data-000001B9254C6010 doesn't match image C:\Users\dosra\Documents\CappiAstralMuseum\Cappi Astral Museum\Library\ScriptAssemblies\UnityEngine.UI.dll
Symbol file LoadedFromMemory is not a mono symbol file
Symbol file LoadedFromMemory doesn't match image C:\Users\dosra\Documents\CappiAstralMuseum\Cappi Astral Museum\Library\PackageCache\com.unity.visualscripting@1.8.0\Editor\VisualScripting.Core\Dependencies\YamlDotNet\Unity.VisualScripting.YamlDotNet.dll
Symbol file LoadedFromMemory doesn't match image C:\Users\dosra\Documents\CappiAstralMuseum\Cappi Astral Museum\Library\PackageCache\com.unity.visualscripting@1.8.0\Editor\VisualScripting.Core\Dependencies\DotNetZip\Unity.VisualScripting.IonicZip.dll
Symbol file LoadedFromMemory is not a mono symbol file
- Loaded All Assemblies, in  0.940 seconds
Refreshing native plugins compatible for Editor in 0.96 ms, found 3 plugins.
Native extension for WindowsStandalone target not found
[MODES] ModeService[none].Initialize
[MODES] ModeService[none].LoadModes
[MODES] Loading mode Default (0) for mode-current-id-Cappi Astral Museum
Mono: successfully reloaded assembly
- Finished resetting the current domain, in  0.755 seconds
Domain Reload Profiling: 1689ms
	BeginReloadAssembly (347ms)
		ExecutionOrderSort (0ms)
		DisableScriptedObjects (6ms)
		BackupInstance (0ms)
		ReleaseScriptingObjects (0ms)
		CreateAndSetChildDomain (28ms)
	RebuildCommonClasses (38ms)
	RebuildNativeTypeToScriptingClass (14ms)
	initialDomainReloadingComplete (42ms)
	LoadAllAssembliesAndSetupDomain (493ms)
		LoadAssemblies (365ms)
		RebuildTransferFunctionScriptingTraits (0ms)
		AnalyzeDomain (231ms)
			TypeCache.Refresh (189ms)
				TypeCache.ScanAssembly (172ms)
			BuildScriptInfoCaches (29ms)
			ResolveRequiredComponents (9ms)
	FinalizeReload (755ms)
		ReleaseScriptCaches (0ms)
		RebuildScriptCaches (0ms)
		SetupLoadedEditorAssemblies (559ms)
			LogAssemblyErrors (0ms)
			InitializePlatformSupportModulesInManaged (2ms)
			SetLoadedEditorAssemblies (5ms)
			BeforeProcessingInitializeOnLoad (64ms)
			ProcessInitializeOnLoadAttributes (456ms)
			ProcessInitializeOnLoadMethodAttributes (24ms)
			AfterProcessingInitializeOnLoad (7ms)
			EditorAssembliesLoaded (0ms)
		ExecutionOrderSort2 (0ms)
		AwakeInstancesAfterBackupRestoration (5ms)
Launched and connected shader compiler UnityShaderCompiler.exe after 0.01 seconds
Refreshing native plugins compatible for Editor in 0.98 ms, found 3 plugins.
Preloading 0 native plugins for Editor in 0.00 ms.
Unloading 78 Unused Serialized files (Serialized files now loaded: 0)
Unloading 4493 unused Assets / (3.0 MB). Loaded Objects now: 5120.
Memory consumption went from 229.8 MB to 226.8 MB.
Total: 6.438500 ms (FindLiveObjects: 0.489800 ms CreateObjectMapping: 0.547600 ms MarkObjects: 3.682800 ms  DeleteObjects: 1.717300 ms)

========================================================================
Received Import Request.
  Time since last request: 36534.064832 seconds.
  path: Assets/Assets Used/Low Poly Nature Pack/Models/Clouds/Cloud01.fbx
  artifactKey: Guid(19789040dc4a50b46b259bdf7b7f8f14) Importer(815301076,1909f56bfc062723c751e8b465ee728b)
Start importing Assets/Assets Used/Low Poly Nature Pack/Models/Clouds/Cloud01.fbx using Guid(19789040dc4a50b46b259bdf7b7f8f14) Importer(815301076,1909f56bfc062723c751e8b465ee728b) (PreviewImporter) -> (artifact id: '728276e1dab5cc72d676e2f6d8afefd0') in 0.1557875 seconds
Number of updated asset objects reloaded before import = 0Number of asset objects unloaded after import = 8

========================================================================
Received Import Request.
  Time since last request: 12.154951 seconds.
  path: Assets/Assets Used/SimpleNaturePack/Models
  artifactKey: Guid(f2460ba6bbb1eee41b63499dcba676dc) Importer(815301076,1909f56bfc062723c751e8b465ee728b)
Start importing Assets/Assets Used/SimpleNaturePack/Models using Guid(f2460ba6bbb1eee41b63499dcba676dc) Importer(815301076,1909f56bfc062723c751e8b465ee728b) (PreviewImporter) -> (artifact id: 'c4bed96725f552bd6d3cd06b9c271c6d') in 0.0005062 seconds
Number of updated asset objects reloaded before import = 0Number of asset objects unloaded after import = 0

========================================================================
Received Prepare
Begin MonoManager ReloadAssembly
C:\build\output\Unity-Technologies\mono\mono\metadata\icall.c:1842:
C:\build\output\Unity-Technologies\mono\mono\metadata\icall.c:1842:
C:\build\output\Unity-Technologies\mono\mono\metadata\icall.c:1842:
C:\build\output\Unity-Technologies\mono\mono\metadata\icall.c:1842:
C:\build\output\Unity-Technologies\mono\mono\metadata\icall.c:1842:
C:\build\output\Unity-Technologies\mono\mono\metadata\icall.c:1842:
C:\build\output\Unity-Technologies\mono\mono\metadata\icall.c:1842:
C:\build\output\Unity-Technologies\mono\mono\metadata\icall.c:1842:
C:\build\output\Unity-Technologies\mono\mono\metadata\icall.c:1842:
C:\build\output\Unity-Technologies\mono\mono\metadata\icall.c:1842:
C:\build\output\Unity-Technologies\mono\mono\metadata\icall.c:1842:
C:\build\output\Unity-Technologies\mono\mono\metadata\icall.c:1842:
Symbol file data-000001B9289FE020 doesn't match image C:\Users\dosra\Documents\CappiAstralMuseum\Cappi Astral Museum\Library\ScriptAssemblies\Assembly-CSharp.dll
Symbol file LoadedFromMemory is not a mono symbol file
Symbol file data-000001B9237C3010 doesn't match image C:\Users\dosra\Documents\CappiAstralMuseum\Cappi Astral Museum\Library\ScriptAssemblies\CFXR.WelcomeScreen.dll
Symbol file LoadedFromMemory is not a mono symbol file
Symbol file data-000001B9237C3010 doesn't match image C:\Users\dosra\Documents\CappiAstralMuseum\Cappi Astral Museum\Library\ScriptAssemblies\CFXRDemo.dll
Symbol file LoadedFromMemory is not a mono symbol file
Symbol file data-000001B928A06230 doesn't match image C:\Users\dosra\Documents\CappiAstralMuseum\Cappi Astral Museum\Library\ScriptAssemblies\CFXREditor.dll
Symbol file LoadedFromMemory is not a mono symbol file
Symbol file data-000001B9286F6A30 doesn't match image C:\Users\dosra\Documents\CappiAstralMuseum\Cappi Astral Museum\Library\ScriptAssemblies\CFXRRuntime.dll
Symbol file LoadedFromMemory is not a mono symbol file
Symbol file data-000001B93244D020 doesn't match image C:\Users\dosra\Documents\CappiAstralMuseum\Cappi Astral Museum\Library\ScriptAssemblies\Cinemachine.dll
Symbol file LoadedFromMemory is not a mono symbol file
Symbol file data-000001B92683F010 doesn't match image C:\Users\dosra\Documents\CappiAstralMuseum\Cappi Astral Museum\Library\ScriptAssemblies\com.unity.cinemachine.editor.dll
Symbol file LoadedFromMemory is not a mono symbol file
Symbol file data-000001B9286F6A30 doesn't match image C:\Users\dosra\Documents\CappiAstralMuseum\Cappi Astral Museum\Library\ScriptAssemblies\KinoBloom.Runtime.dll
Symbol file LoadedFromMemory is not a mono symbol file
Symbol file data-000001B9286F6A30 doesn't match image C:\Users\dosra\Documents\CappiAstralMuseum\Cappi Astral Museum\Library\ScriptAssemblies\ToonyColorsPro.Demo.Editor.dll
Symbol file LoadedFromMemory is not a mono symbol file
Symbol file data-000001B928A06230 doesn't match image C:\Users\dosra\Documents\CappiAstralMuseum\Cappi Astral Museum\Library\ScriptAssemblies\Unity.AI.Navigation.dll
Symbol file LoadedFromMemory is not a mono symbol file
Symbol file data-000001B9237C3010 doesn't match image C:\Users\dosra\Documents\CappiAstralMuseum\Cappi Astral Museum\Library\ScriptAssemblies\Unity.AI.Navigation.Editor.ConversionSystem.dll
Symbol file LoadedFromMemory is not a mono symbol file
Symbol file data-000001B926931DA0 doesn't match image C:\Users\dosra\Documents\CappiAstralMuseum\Cappi Astral Museum\Library\ScriptAssemblies\Unity.AI.Navigation.Editor.dll
Symbol file LoadedFromMemory is not a mono symbol file
Symbol file data-000001B926931DA0 doesn't match image C:\Users\dosra\Documents\CappiAstralMuseum\Cappi Astral Museum\Library\ScriptAssemblies\Unity.AI.Navigation.Updater.dll
Symbol file LoadedFromMemory is not a mono symbol file
Symbol file data-000001B926931DA0 doesn't match image C:\Users\dosra\Documents\CappiAstralMuseum\Cappi Astral Museum\Library\ScriptAssemblies\Unity.Animation.Rigging.dll
Symbol file LoadedFromMemory is not a mono symbol file
Symbol file data-000001B926931DA0 doesn't match image C:\Users\dosra\Documents\CappiAstralMuseum\Cappi Astral Museum\Library\ScriptAssemblies\Unity.Animation.Rigging.DocCodeExamples.dll
Symbol file LoadedFromMemory is not a mono symbol file
Symbol file data-000001B926931DA0 doesn't match image C:\Users\dosra\Documents\CappiAstralMuseum\Cappi Astral Museum\Library\ScriptAssemblies\Unity.Animation.Rigging.Editor.dll
Symbol file LoadedFromMemory is not a mono symbol file
Symbol file data-000001B928948040 doesn't match image C:\Users\dosra\Documents\CappiAstralMuseum\Cappi Astral Museum\Library\ScriptAssemblies\Unity.Burst.CodeGen.dll
Symbol file LoadedFromMemory is not a mono symbol file
Symbol file data-000001B8BF803010 doesn't match image C:\Users\dosra\Documents\CappiAstralMuseum\Cappi Astral Museum\Library\ScriptAssemblies\Unity.Burst.dll
Symbol file LoadedFromMemory is not a mono symbol file
Symbol file data-000001B92683F010 doesn't match image C:\Users\dosra\Documents\CappiAstralMuseum\Cappi Astral Museum\Library\ScriptAssemblies\Unity.Burst.Editor.dll
Symbol file LoadedFromMemory is not a mono symbol file
Symbol file data-000001B925DAC820 doesn't match image C:\Users\dosra\Documents\CappiAstralMuseum\Cappi Astral Museum\Library\ScriptAssemblies\Unity.CollabProxy.Editor.dll
Symbol file LoadedFromMemory is not a mono symbol file
Symbol file data-000001B925DAC820 doesn't match image C:\Users\dosra\Documents\CappiAstralMuseum\Cappi Astral Museum\Library\ScriptAssemblies\Unity.EditorCoroutines.Editor.dll
Symbol file LoadedFromMemory is not a mono symbol file
Symbol file data-000001B8BF8487B0 doesn't match image C:\Users\dosra\Documents\CappiAstralMuseum\Cappi Astral Museum\Library\ScriptAssemblies\Unity.InputSystem.dll
Symbol file LoadedFromMemory is not a mono symbol file
Symbol file data-000001B925DAC820 doesn't match image C:\Users\dosra\Documents\CappiAstralMuseum\Cappi Astral Museum\Library\ScriptAssemblies\Unity.InputSystem.ForUI.dll
Symbol file LoadedFromMemory is not a mono symbol file
Symbol file data-000001B93128C020 doesn't match image C:\Users\dosra\Documents\CappiAstralMuseum\Cappi Astral Museum\Library\ScriptAssemblies\Unity.InputSystem.TestFramework.dll
Symbol file LoadedFromMemory is not a mono symbol file
Symbol file data-000001B931228020 doesn't match image C:\Users\dosra\Documents\CappiAstralMuseum\Cappi Astral Museum\Library\ScriptAssemblies\Unity.Mathematics.dll
Symbol file LoadedFromMemory is not a mono symbol file
Symbol file data-000001B927CC96B0 doesn't match image C:\Users\dosra\Documents\CappiAstralMuseum\Cappi Astral Museum\Library\ScriptAssemblies\Unity.Mathematics.Editor.dll
Symbol file LoadedFromMemory is not a mono symbol file
Symbol file data-000001B927655040 doesn't match image C:\Users\dosra\Documents\CappiAstralMuseum\Cappi Astral Museum\Library\ScriptAssemblies\Unity.Performance.Profile-Analyzer.Editor.dll
Symbol file LoadedFromMemory is not a mono symbol file
Symbol file data-000001B923000080 doesn't match image C:\Users\dosra\Documents\CappiAstralMuseum\Cappi Astral Museum\Library\ScriptAssemblies\Unity.PlasticSCM.Editor.dll
Symbol file LoadedFromMemory is not a mono symbol file
Symbol file data-000001B93128C020 doesn't match image C:\Users\dosra\Documents\CappiAstralMuseum\Cappi Astral Museum\Library\ScriptAssemblies\Unity.Postprocessing.Editor.dll
Symbol file LoadedFromMemory is not a mono symbol file
Symbol file data-000001B92655FC80 doesn't match image C:\Users\dosra\Documents\CappiAstralMuseum\Cappi Astral Museum\Library\ScriptAssemblies\Unity.Postprocessing.Runtime.dll
Symbol file LoadedFromMemory is not a mono symbol file
Symbol file data-000001B93128C020 doesn't match image C:\Users\dosra\Documents\CappiAstralMuseum\Cappi Astral Museum\Library\ScriptAssemblies\Unity.Rider.Editor.dll
Symbol file LoadedFromMemory is not a mono symbol file
Symbol file data-000001B8BF82B020 doesn't match image C:\Users\dosra\Documents\CappiAstralMuseum\Cappi Astral Museum\Library\ScriptAssemblies\Unity.Settings.Editor.dll
Symbol file LoadedFromMemory is not a mono symbol file
Symbol file data-000001B9278C4020 doesn't match image C:\Users\dosra\Documents\CappiAstralMuseum\Cappi Astral Museum\Library\ScriptAssemblies\Unity.Splines.dll
Symbol file LoadedFromMemory is not a mono symbol file
Symbol file data-000001B92683F010 doesn't match image C:\Users\dosra\Documents\CappiAstralMuseum\Cappi Astral Museum\Library\ScriptAssemblies\Unity.Splines.Editor.dll
Symbol file LoadedFromMemory is not a mono symbol file
Symbol file data-000001B928F98020 doesn't match image C:\Users\dosra\Documents\CappiAstralMuseum\Cappi Astral Museum\Library\ScriptAssemblies\Unity.TestTools.CodeCoverage.Editor.dll
Symbol file LoadedFromMemory is not a mono symbol file
Symbol file data-000001B927CC96B0 doesn't match image C:\Users\dosra\Documents\CappiAstralMuseum\Cappi Astral Museum\Library\ScriptAssemblies\Unity.TestTools.CodeCoverage.Editor.OpenCover.Model.dll
Symbol file LoadedFromMemory is not a mono symbol file
Symbol file data-000001B931296430 doesn't match image C:\Users\dosra\Documents\CappiAstralMuseum\Cappi Astral Museum\Library\ScriptAssemblies\Unity.TestTools.CodeCoverage.Editor.OpenCover.Mono.Reflection.dll
Symbol file LoadedFromMemory is not a mono symbol file
Symbol file data-000001B927BAE020 doesn't match image C:\Users\dosra\Documents\CappiAstralMuseum\Cappi Astral Museum\Library\ScriptAssemblies\Unity.TextMeshPro.dll
Symbol file LoadedFromMemory is not a mono symbol file
Symbol file data-000001B9266FECF0 doesn't match image C:\Users\dosra\Documents\CappiAstralMuseum\Cappi Astral Museum\Library\ScriptAssemblies\Unity.TextMeshPro.Editor.dll
Symbol file LoadedFromMemory is not a mono symbol file
Symbol file data-000001B9278C4020 doesn't match image C:\Users\dosra\Documents\CappiAstralMuseum\Cappi Astral Museum\Library\ScriptAssemblies\Unity.Timeline.dll
Symbol file LoadedFromMemory is not a mono symbol file
Symbol file data-000001B931228020 doesn't match image C:\Users\dosra\Documents\CappiAstralMuseum\Cappi Astral Museum\Library\ScriptAssemblies\Unity.Timeline.Editor.dll
Symbol file LoadedFromMemory is not a mono symbol file
Symbol file data-000001B924EDD010 doesn't match image C:\Users\dosra\Documents\CappiAstralMuseum\Cappi Astral Museum\Library\ScriptAssemblies\Unity.VisualScripting.Core.dll
Symbol file LoadedFromMemory is not a mono symbol file
Symbol file data-000001B8BF6DD030 doesn't match image C:\Users\dosra\Documents\CappiAstralMuseum\Cappi Astral Museum\Library\ScriptAssemblies\Unity.VisualScripting.Core.Editor.dll
Symbol file LoadedFromMemory is not a mono symbol file
Symbol file data-000001B927BAE020 doesn't match image C:\Users\dosra\Documents\CappiAstralMuseum\Cappi Astral Museum\Library\ScriptAssemblies\Unity.VisualScripting.Flow.dll
Symbol file LoadedFromMemory is not a mono symbol file
Symbol file data-000001B9266FECF0 doesn't match image C:\Users\dosra\Documents\CappiAstralMuseum\Cappi Astral Museum\Library\ScriptAssemblies\Unity.VisualScripting.Flow.Editor.dll
Symbol file LoadedFromMemory is not a mono symbol file
Symbol file data-000001B924B30840 doesn't match image C:\Users\dosra\Documents\CappiAstralMuseum\Cappi Astral Museum\Library\ScriptAssemblies\Unity.VisualScripting.SettingsProvider.Editor.dll
Symbol file LoadedFromMemory is not a mono symbol file
Symbol file data-000001B924B30840 doesn't match image C:\Users\dosra\Documents\CappiAstralMuseum\Cappi Astral Museum\Library\ScriptAssemblies\Unity.VisualScripting.Shared.Editor.dll
Symbol file LoadedFromMemory is not a mono symbol file
Symbol file data-000001B8BFA90450 doesn't match image C:\Users\dosra\Documents\CappiAstralMuseum\Cappi Astral Museum\Library\ScriptAssemblies\Unity.VisualScripting.State.dll
Symbol file LoadedFromMemory is not a mono symbol file
Symbol file data-000001B924DF8020 doesn't match image C:\Users\dosra\Documents\CappiAstralMuseum\Cappi Astral Museum\Library\ScriptAssemblies\Unity.VisualScripting.State.Editor.dll
Symbol file LoadedFromMemory is not a mono symbol file
Symbol file data-000001B92655FC80 doesn't match image C:\Users\dosra\Documents\CappiAstralMuseum\Cappi Astral Museum\Library\ScriptAssemblies\Unity.VisualStudio.Editor.dll
Symbol file LoadedFromMemory is not a mono symbol file
Symbol file data-000001B9266FECF0 doesn't match image C:\Users\dosra\Documents\CappiAstralMuseum\Cappi Astral Museum\Library\ScriptAssemblies\UnityEditor.TestRunner.dll
Symbol file LoadedFromMemory is not a mono symbol file
Symbol file data-000001B927BCFA30 doesn't match image C:\Users\dosra\Documents\CappiAstralMuseum\Cappi Astral Museum\Library\ScriptAssemblies\UnityEditor.UI.dll
Symbol file LoadedFromMemory is not a mono symbol file
Symbol file data-000001B9278C4020 doesn't match image C:\Users\dosra\Documents\CappiAstralMuseum\Cappi Astral Museum\Library\ScriptAssemblies\UnityEngine.TestRunner.dll
Symbol file LoadedFromMemory is not a mono symbol file
Symbol file data-000001B9293A4060 doesn't match image C:\Users\dosra\Documents\CappiAstralMuseum\Cappi Astral Museum\Library\ScriptAssemblies\UnityEngine.UI.dll
Symbol file LoadedFromMemory is not a mono symbol file
Symbol file LoadedFromMemory doesn't match image C:\Users\dosra\Documents\CappiAstralMuseum\Cappi Astral Museum\Library\PackageCache\com.unity.visualscripting@1.8.0\Editor\VisualScripting.Core\Dependencies\YamlDotNet\Unity.VisualScripting.YamlDotNet.dll
Symbol file LoadedFromMemory doesn't match image C:\Users\dosra\Documents\CappiAstralMuseum\Cappi Astral Museum\Library\PackageCache\com.unity.visualscripting@1.8.0\Editor\VisualScripting.Core\Dependencies\DotNetZip\Unity.VisualScripting.IonicZip.dll
Symbol file LoadedFromMemory is not a mono symbol file
- Loaded All Assemblies, in  0.717 seconds
Refreshing native plugins compatible for Editor in 1.00 ms, found 3 plugins.
Native extension for WindowsStandalone target not found
[MODES] ModeService[none].Initialize
[MODES] ModeService[none].LoadModes
[MODES] Loading mode Default (0) for mode-current-id-Cappi Astral Museum
Mono: successfully reloaded assembly
- Finished resetting the current domain, in  0.749 seconds
Domain Reload Profiling: 1462ms
	BeginReloadAssembly (202ms)
		ExecutionOrderSort (0ms)
		DisableScriptedObjects (5ms)
		BackupInstance (0ms)
		ReleaseScriptingObjects (0ms)
		CreateAndSetChildDomain (45ms)
	RebuildCommonClasses (38ms)
	RebuildNativeTypeToScriptingClass (15ms)
	initialDomainReloadingComplete (31ms)
	LoadAllAssembliesAndSetupDomain (427ms)
		LoadAssemblies (360ms)
		RebuildTransferFunctionScriptingTraits (0ms)
		AnalyzeDomain (176ms)
			TypeCache.Refresh (7ms)
				TypeCache.ScanAssembly (0ms)
			BuildScriptInfoCaches (160ms)
			ResolveRequiredComponents (7ms)
	FinalizeReload (750ms)
		ReleaseScriptCaches (0ms)
		RebuildScriptCaches (0ms)
		SetupLoadedEditorAssemblies (525ms)
			LogAssemblyErrors (0ms)
			InitializePlatformSupportModulesInManaged (3ms)
			SetLoadedEditorAssemblies (5ms)
			BeforeProcessingInitializeOnLoad (66ms)
			ProcessInitializeOnLoadAttributes (422ms)
			ProcessInitializeOnLoadMethodAttributes (21ms)
			AfterProcessingInitializeOnLoad (7ms)
			EditorAssembliesLoaded (0ms)
		ExecutionOrderSort2 (0ms)
		AwakeInstancesAfterBackupRestoration (8ms)
Refreshing native plugins compatible for Editor in 0.98 ms, found 3 plugins.
Preloading 0 native plugins for Editor in 0.00 ms.
Unloading 14 Unused Serialized files (Serialized files now loaded: 0)
Unloading 4491 unused Assets / (2.9 MB). Loaded Objects now: 5166.
Memory consumption went from 218.1 MB to 215.2 MB.
Total: 8.789200 ms (FindLiveObjects: 0.499800 ms CreateObjectMapping: 0.929600 ms MarkObjects: 5.181700 ms  DeleteObjects: 2.177000 ms)

Prepare: number of updated asset objects reloaded= 0
