Using pre-set license
Built from '2023.2/release' branch; Version is '2023.2.4f1 (3a7eb0602d92) revision 3833520'; Using compiler version '193431935'; Build Type 'Release'
OS: 'Windows 10  (10.0.19045) 64bit Core' Language: 'en' Physical Memory: 16253 MB
BatchMode: 1, IsHumanControllingUs: 0, StartBugReporterOnCrash: 0, Is64bit: 1, IsPro: 1

COMMAND LINE ARGUMENTS:
C:\Program Files\Unity\Hub\Editor\2023.2.4f1\Editor\Unity.exe
-adb2
-batchMode
-noUpm
-name
AssetImportWorker4
-projectPath
C:/Users/dosra/Documents/CappiAstralMuseum/Cappi Astral Museum
-logFile
Logs/AssetImportWorker4.log
-srvPort
59406
-job-worker-count
5
-background-job-worker-count
8
-asset-garbage-collectors
1
Successfully changed project path to: C:/Users/dosra/Documents/CappiAstralMuseum/Cappi Astral Museum
C:/Users/dosra/Documents/CappiAstralMuseum/Cappi Astral Museum
[UnityMemory] Configuration Parameters - Can be set up in boot.config
    "memorysetup-bucket-allocator-granularity=16"
    "memorysetup-bucket-allocator-bucket-count=8"
    "memorysetup-bucket-allocator-block-size=33554432"
    "memorysetup-bucket-allocator-block-count=8"
    "memorysetup-main-allocator-block-size=16777216"
    "memorysetup-thread-allocator-block-size=16777216"
    "memorysetup-gfx-main-allocator-block-size=16777216"
    "memorysetup-gfx-thread-allocator-block-size=16777216"
    "memorysetup-cache-allocator-block-size=4194304"
    "memorysetup-typetree-allocator-block-size=2097152"
    "memorysetup-profiler-bucket-allocator-granularity=16"
    "memorysetup-profiler-bucket-allocator-bucket-count=8"
    "memorysetup-profiler-bucket-allocator-block-size=33554432"
    "memorysetup-profiler-bucket-allocator-block-count=8"
    "memorysetup-profiler-allocator-block-size=16777216"
    "memorysetup-profiler-editor-allocator-block-size=1048576"
    "memorysetup-temp-allocator-size-main=16777216"
    "memorysetup-job-temp-allocator-block-size=2097152"
    "memorysetup-job-temp-allocator-block-size-background=1048576"
    "memorysetup-job-temp-allocator-reduction-small-platforms=262144"
    "memorysetup-allocator-temp-initial-block-size-main=262144"
    "memorysetup-allocator-temp-initial-block-size-worker=262144"
    "memorysetup-temp-allocator-size-background-worker=32768"
    "memorysetup-temp-allocator-size-job-worker=262144"
    "memorysetup-temp-allocator-size-preload-manager=33554432"
    "memorysetup-temp-allocator-size-nav-mesh-worker=65536"
    "memorysetup-temp-allocator-size-audio-worker=65536"
    "memorysetup-temp-allocator-size-cloud-worker=32768"
    "memorysetup-temp-allocator-size-gi-baking-worker=262144"
    "memorysetup-temp-allocator-size-gi-baking-worker=262144"
    "memorysetup-temp-allocator-size-gi-baking-worker=262144"
    "memorysetup-temp-allocator-size-gi-baking-worker=262144"
    "memorysetup-temp-allocator-size-gfx=262144"
Player connection [20632] Host "[IP] 10.0.0.241 [Port] 0 [Flags] 2 [Guid] 1614674387 [EditorId] 1614674387 [Version] 1048832 [Id] WindowsEditor(7,DESKTOP-7VA17B2) [Debug] 1 [PackageName] WindowsEditor [ProjectName] Editor" joined multi-casting on [225.0.0.222:54997]...
Player connection [20632] Host "[IP] 10.0.0.241 [Port] 0 [Flags] 2 [Guid] 1614674387 [EditorId] 1614674387 [Version] 1048832 [Id] WindowsEditor(7,DESKTOP-7VA17B2) [Debug] 1 [PackageName] WindowsEditor [ProjectName] Editor" joined alternative multi-casting on [225.0.0.222:34997]...
JobSystem: Creating JobQueue using job-worker-count value 5
[Physics::Module] Initialized MultithreadedJobDispatcher with 5 workers.
Library Redirect Path: Library/
Refreshing native plugins compatible for Editor in 1.59 ms, found 3 plugins.
Preloading 0 native plugins for Editor in 0.00 ms.
Initialize engine version: 2023.2.4f1 (3a7eb0602d92)
[Subsystems] Discovering subsystems at path C:/Program Files/Unity/Hub/Editor/2023.2.4f1/Editor/Data/Resources/UnitySubsystems
[Subsystems] Discovering subsystems at path C:/Users/dosra/Documents/CappiAstralMuseum/Cappi Astral Museum/Assets
GfxDevice: creating device client; kGfxThreadingModeNonThreaded
Direct3D:
    Version:  Direct3D 11.0 [level 11.1]
    Renderer: NVIDIA GeForce RTX 3060 Ti (ID=0x2486)
    Vendor:   NVIDIA
    VRAM:     8024 MB
    Driver:   32.0.15.8097
Initialize mono
Mono path[0] = 'C:/Program Files/Unity/Hub/Editor/2023.2.4f1/Editor/Data/Managed'
Mono path[1] = 'C:/Program Files/Unity/Hub/Editor/2023.2.4f1/Editor/Data/MonoBleedingEdge/lib/mono/unityjit-win32'
Mono config path = 'C:/Program Files/Unity/Hub/Editor/2023.2.4f1/Editor/Data/MonoBleedingEdge/etc'
Using monoOptions --debugger-agent=transport=dt_socket,embedding=1,server=y,suspend=n,address=127.0.0.1:56108
Begin MonoManager ReloadAssembly
C:\build\output\Unity-Technologies\mono\mono\metadata\icall.c:1842:
C:\build\output\Unity-Technologies\mono\mono\metadata\icall.c:1842:
C:\build\output\Unity-Technologies\mono\mono\metadata\icall.c:1842:
C:\build\output\Unity-Technologies\mono\mono\metadata\icall.c:1842:
C:\build\output\Unity-Technologies\mono\mono\metadata\icall.c:1842:
C:\build\output\Unity-Technologies\mono\mono\metadata\icall.c:1842:
C:\build\output\Unity-Technologies\mono\mono\metadata\icall.c:1842:
C:\build\output\Unity-Technologies\mono\mono\metadata\icall.c:1842:
C:\build\output\Unity-Technologies\mono\mono\metadata\icall.c:1842:
C:\build\output\Unity-Technologies\mono\mono\metadata\icall.c:1842:
Registering precompiled unity dll's ...
Register platform support module: C:/Program Files/Unity/Hub/Editor/2023.2.4f1/Editor/Data/PlaybackEngines/WindowsStandaloneSupport/UnityEditor.WindowsStandalone.Extensions.dll
Registered in 0.003913 seconds.
- Loaded All Assemblies, in  0.399 seconds
Native extension for WindowsStandalone target not found
Mono: successfully reloaded assembly
C:\build\output\Unity-Technologies\mono\mono\metadata\icall.c:1842:
C:\build\output\Unity-Technologies\mono\mono\metadata\icall.c:1842:
- Finished resetting the current domain, in  0.300 seconds
Domain Reload Profiling: 696ms
	BeginReloadAssembly (130ms)
		ExecutionOrderSort (0ms)
		DisableScriptedObjects (0ms)
		BackupInstance (0ms)
		ReleaseScriptingObjects (0ms)
		CreateAndSetChildDomain (1ms)
	RebuildCommonClasses (38ms)
	RebuildNativeTypeToScriptingClass (14ms)
	initialDomainReloadingComplete (53ms)
	LoadAllAssembliesAndSetupDomain (161ms)
		LoadAssemblies (127ms)
		RebuildTransferFunctionScriptingTraits (0ms)
		AnalyzeDomain (158ms)
			TypeCache.Refresh (157ms)
				TypeCache.ScanAssembly (144ms)
			BuildScriptInfoCaches (0ms)
			ResolveRequiredComponents (0ms)
	FinalizeReload (301ms)
		ReleaseScriptCaches (0ms)
		RebuildScriptCaches (0ms)
		SetupLoadedEditorAssemblies (245ms)
			LogAssemblyErrors (0ms)
			InitializePlatformSupportModulesInManaged (9ms)
			SetLoadedEditorAssemblies (5ms)
			BeforeProcessingInitializeOnLoad (6ms)
			ProcessInitializeOnLoadAttributes (181ms)
			ProcessInitializeOnLoadMethodAttributes (44ms)
			AfterProcessingInitializeOnLoad (0ms)
			EditorAssembliesLoaded (0ms)
		ExecutionOrderSort2 (0ms)
		AwakeInstancesAfterBackupRestoration (0ms)
========================================================================
Worker process is ready to serve import requests
Import Worker Mode flag is 0x00
Begin MonoManager ReloadAssembly
C:\build\output\Unity-Technologies\mono\mono\metadata\icall.c:1842:
C:\build\output\Unity-Technologies\mono\mono\metadata\icall.c:1842:
C:\build\output\Unity-Technologies\mono\mono\metadata\icall.c:1842:
C:\build\output\Unity-Technologies\mono\mono\metadata\icall.c:1842:
C:\build\output\Unity-Technologies\mono\mono\metadata\icall.c:1842:
C:\build\output\Unity-Technologies\mono\mono\metadata\icall.c:1842:
C:\build\output\Unity-Technologies\mono\mono\metadata\icall.c:1842:
C:\build\output\Unity-Technologies\mono\mono\metadata\icall.c:1842:
C:\build\output\Unity-Technologies\mono\mono\metadata\icall.c:1842:
C:\build\output\Unity-Technologies\mono\mono\metadata\icall.c:1842:
C:\build\output\Unity-Technologies\mono\mono\metadata\icall.c:1842:
C:\build\output\Unity-Technologies\mono\mono\metadata\icall.c:1842:
Symbol file data-000001642A64A010 doesn't match image C:\Users\dosra\Documents\CappiAstralMuseum\Cappi Astral Museum\Library\ScriptAssemblies\Assembly-CSharp.dll
Symbol file LoadedFromMemory is not a mono symbol file
Symbol file data-000001642B227070 doesn't match image C:\Users\dosra\Documents\CappiAstralMuseum\Cappi Astral Museum\Library\ScriptAssemblies\CFXR.WelcomeScreen.dll
Symbol file LoadedFromMemory is not a mono symbol file
Symbol file data-000001642B227070 doesn't match image C:\Users\dosra\Documents\CappiAstralMuseum\Cappi Astral Museum\Library\ScriptAssemblies\CFXRDemo.dll
Symbol file LoadedFromMemory is not a mono symbol file
Symbol file data-000001642A64A010 doesn't match image C:\Users\dosra\Documents\CappiAstralMuseum\Cappi Astral Museum\Library\ScriptAssemblies\CFXREditor.dll
Symbol file LoadedFromMemory is not a mono symbol file
Symbol file data-000001642A652A20 doesn't match image C:\Users\dosra\Documents\CappiAstralMuseum\Cappi Astral Museum\Library\ScriptAssemblies\CFXRRuntime.dll
Symbol file LoadedFromMemory is not a mono symbol file
Symbol file data-000001642A652A20 doesn't match image C:\Users\dosra\Documents\CappiAstralMuseum\Cappi Astral Museum\Library\ScriptAssemblies\Cinemachine.dll
Symbol file LoadedFromMemory is not a mono symbol file
Symbol file data-000001642A652A20 doesn't match image C:\Users\dosra\Documents\CappiAstralMuseum\Cappi Astral Museum\Library\ScriptAssemblies\com.unity.cinemachine.editor.dll
Symbol file LoadedFromMemory is not a mono symbol file
Symbol file data-000001642B227070 doesn't match image C:\Users\dosra\Documents\CappiAstralMuseum\Cappi Astral Museum\Library\ScriptAssemblies\KinoBloom.Runtime.dll
Symbol file LoadedFromMemory is not a mono symbol file
Symbol file data-00000164297F5A20 doesn't match image C:\Users\dosra\Documents\CappiAstralMuseum\Cappi Astral Museum\Library\ScriptAssemblies\ToonyColorsPro.Demo.Editor.dll
Symbol file LoadedFromMemory is not a mono symbol file
Symbol file data-000001642A652A20 doesn't match image C:\Users\dosra\Documents\CappiAstralMuseum\Cappi Astral Museum\Library\ScriptAssemblies\Unity.AI.Navigation.dll
Symbol file LoadedFromMemory is not a mono symbol file
Symbol file data-000001642A658830 doesn't match image C:\Users\dosra\Documents\CappiAstralMuseum\Cappi Astral Museum\Library\ScriptAssemblies\Unity.AI.Navigation.Editor.ConversionSystem.dll
Symbol file LoadedFromMemory is not a mono symbol file
Symbol file data-000001642A669440 doesn't match image C:\Users\dosra\Documents\CappiAstralMuseum\Cappi Astral Museum\Library\ScriptAssemblies\Unity.AI.Navigation.Editor.dll
Symbol file LoadedFromMemory is not a mono symbol file
Symbol file data-000001642A66E650 doesn't match image C:\Users\dosra\Documents\CappiAstralMuseum\Cappi Astral Museum\Library\ScriptAssemblies\Unity.AI.Navigation.Updater.dll
Symbol file LoadedFromMemory is not a mono symbol file
Symbol file data-000001642CC7D020 doesn't match image C:\Users\dosra\Documents\CappiAstralMuseum\Cappi Astral Museum\Library\ScriptAssemblies\Unity.Animation.Rigging.dll
Symbol file LoadedFromMemory is not a mono symbol file
Symbol file data-000001642B77E290 doesn't match image C:\Users\dosra\Documents\CappiAstralMuseum\Cappi Astral Museum\Library\ScriptAssemblies\Unity.Animation.Rigging.DocCodeExamples.dll
Symbol file LoadedFromMemory is not a mono symbol file
Symbol file data-000001642CC9FC30 doesn't match image C:\Users\dosra\Documents\CappiAstralMuseum\Cappi Astral Museum\Library\ScriptAssemblies\Unity.Animation.Rigging.Editor.dll
Symbol file LoadedFromMemory is not a mono symbol file
Symbol file data-000001642CCAEA40 doesn't match image C:\Users\dosra\Documents\CappiAstralMuseum\Cappi Astral Museum\Library\ScriptAssemblies\Unity.Burst.CodeGen.dll
Symbol file LoadedFromMemory is not a mono symbol file
Symbol file data-0000016429597020 doesn't match image C:\Users\dosra\Documents\CappiAstralMuseum\Cappi Astral Museum\Library\ScriptAssemblies\Unity.Burst.dll
Symbol file LoadedFromMemory is not a mono symbol file
Symbol file data-0000016429597020 doesn't match image C:\Users\dosra\Documents\CappiAstralMuseum\Cappi Astral Museum\Library\ScriptAssemblies\Unity.Burst.Editor.dll
Symbol file LoadedFromMemory is not a mono symbol file
Symbol file data-000001642B227070 doesn't match image C:\Users\dosra\Documents\CappiAstralMuseum\Cappi Astral Museum\Library\ScriptAssemblies\Unity.CollabProxy.Editor.dll
Symbol file LoadedFromMemory is not a mono symbol file
Symbol file data-000001642AB42820 doesn't match image C:\Users\dosra\Documents\CappiAstralMuseum\Cappi Astral Museum\Library\ScriptAssemblies\Unity.EditorCoroutines.Editor.dll
Symbol file LoadedFromMemory is not a mono symbol file
Symbol file data-00000163C5364030 doesn't match image C:\Users\dosra\Documents\CappiAstralMuseum\Cappi Astral Museum\Library\ScriptAssemblies\Unity.InputSystem.dll
Symbol file LoadedFromMemory is not a mono symbol file
Symbol file data-000001642AB42820 doesn't match image C:\Users\dosra\Documents\CappiAstralMuseum\Cappi Astral Museum\Library\ScriptAssemblies\Unity.InputSystem.ForUI.dll
Symbol file LoadedFromMemory is not a mono symbol file
Symbol file data-000001642CCAEA40 doesn't match image C:\Users\dosra\Documents\CappiAstralMuseum\Cappi Astral Museum\Library\ScriptAssemblies\Unity.InputSystem.TestFramework.dll
Symbol file LoadedFromMemory is not a mono symbol file
Symbol file data-000001642CCCBA80 doesn't match image C:\Users\dosra\Documents\CappiAstralMuseum\Cappi Astral Museum\Library\ScriptAssemblies\Unity.Mathematics.dll
Symbol file LoadedFromMemory is not a mono symbol file
Symbol file data-000001642BE29820 doesn't match image C:\Users\dosra\Documents\CappiAstralMuseum\Cappi Astral Museum\Library\ScriptAssemblies\Unity.Mathematics.Editor.dll
Symbol file LoadedFromMemory is not a mono symbol file
Symbol file data-000001642C25C5D0 doesn't match image C:\Users\dosra\Documents\CappiAstralMuseum\Cappi Astral Museum\Library\ScriptAssemblies\Unity.Performance.Profile-Analyzer.Editor.dll
Symbol file LoadedFromMemory is not a mono symbol file
Symbol file data-000001642C25C5D0 doesn't match image C:\Users\dosra\Documents\CappiAstralMuseum\Cappi Astral Museum\Library\ScriptAssemblies\Unity.PlasticSCM.Editor.dll
Symbol file LoadedFromMemory is not a mono symbol file
Symbol file data-000001642CCAEA40 doesn't match image C:\Users\dosra\Documents\CappiAstralMuseum\Cappi Astral Museum\Library\ScriptAssemblies\Unity.Postprocessing.Editor.dll
Symbol file LoadedFromMemory is not a mono symbol file
Symbol file data-000001642CCAEA40 doesn't match image C:\Users\dosra\Documents\CappiAstralMuseum\Cappi Astral Museum\Library\ScriptAssemblies\Unity.Postprocessing.Runtime.dll
Symbol file LoadedFromMemory is not a mono symbol file
Symbol file data-000001642BA16030 doesn't match image C:\Users\dosra\Documents\CappiAstralMuseum\Cappi Astral Museum\Library\ScriptAssemblies\Unity.Rider.Editor.dll
Symbol file LoadedFromMemory is not a mono symbol file
Symbol file data-000001642BA20440 doesn't match image C:\Users\dosra\Documents\CappiAstralMuseum\Cappi Astral Museum\Library\ScriptAssemblies\Unity.Settings.Editor.dll
Symbol file LoadedFromMemory is not a mono symbol file
Symbol file data-000001642BA42450 doesn't match image C:\Users\dosra\Documents\CappiAstralMuseum\Cappi Astral Museum\Library\ScriptAssemblies\Unity.Splines.dll
Symbol file LoadedFromMemory is not a mono symbol file
Symbol file data-000001642CD00E90 doesn't match image C:\Users\dosra\Documents\CappiAstralMuseum\Cappi Astral Museum\Library\ScriptAssemblies\Unity.Splines.Editor.dll
Symbol file LoadedFromMemory is not a mono symbol file
Symbol file data-000001642CD00E90 doesn't match image C:\Users\dosra\Documents\CappiAstralMuseum\Cappi Astral Museum\Library\ScriptAssemblies\Unity.TestTools.CodeCoverage.Editor.dll
Symbol file LoadedFromMemory is not a mono symbol file
Symbol file data-00000164295D8430 doesn't match image C:\Users\dosra\Documents\CappiAstralMuseum\Cappi Astral Museum\Library\ScriptAssemblies\Unity.TestTools.CodeCoverage.Editor.OpenCover.Model.dll
Symbol file LoadedFromMemory is not a mono symbol file
Symbol file data-000001642BE29820 doesn't match image C:\Users\dosra\Documents\CappiAstralMuseum\Cappi Astral Museum\Library\ScriptAssemblies\Unity.TestTools.CodeCoverage.Editor.OpenCover.Mono.Reflection.dll
Symbol file LoadedFromMemory is not a mono symbol file
Symbol file data-000001642AE11430 doesn't match image C:\Users\dosra\Documents\CappiAstralMuseum\Cappi Astral Museum\Library\ScriptAssemblies\Unity.TextMeshPro.dll
Symbol file LoadedFromMemory is not a mono symbol file
Symbol file data-000001642BA42450 doesn't match image C:\Users\dosra\Documents\CappiAstralMuseum\Cappi Astral Museum\Library\ScriptAssemblies\Unity.TextMeshPro.Editor.dll
Symbol file LoadedFromMemory is not a mono symbol file
Symbol file data-000001642BA42450 doesn't match image C:\Users\dosra\Documents\CappiAstralMuseum\Cappi Astral Museum\Library\ScriptAssemblies\Unity.Timeline.dll
Symbol file LoadedFromMemory is not a mono symbol file
Symbol file data-00000163C53FE2F0 doesn't match image C:\Users\dosra\Documents\CappiAstralMuseum\Cappi Astral Museum\Library\ScriptAssemblies\Unity.Timeline.Editor.dll
Symbol file LoadedFromMemory is not a mono symbol file
Symbol file data-000001642A5A3030 doesn't match image C:\Users\dosra\Documents\CappiAstralMuseum\Cappi Astral Museum\Library\ScriptAssemblies\Unity.VisualScripting.Core.dll
Symbol file LoadedFromMemory is not a mono symbol file
Symbol file data-0000016429749020 doesn't match image C:\Users\dosra\Documents\CappiAstralMuseum\Cappi Astral Museum\Library\ScriptAssemblies\Unity.VisualScripting.Core.Editor.dll
Symbol file LoadedFromMemory is not a mono symbol file
Symbol file data-000001642A5A3030 doesn't match image C:\Users\dosra\Documents\CappiAstralMuseum\Cappi Astral Museum\Library\ScriptAssemblies\Unity.VisualScripting.Flow.dll
Symbol file LoadedFromMemory is not a mono symbol file
Symbol file data-000001642BA42450 doesn't match image C:\Users\dosra\Documents\CappiAstralMuseum\Cappi Astral Museum\Library\ScriptAssemblies\Unity.VisualScripting.Flow.Editor.dll
Symbol file LoadedFromMemory is not a mono symbol file
Symbol file data-000001642BE29820 doesn't match image C:\Users\dosra\Documents\CappiAstralMuseum\Cappi Astral Museum\Library\ScriptAssemblies\Unity.VisualScripting.SettingsProvider.Editor.dll
Symbol file LoadedFromMemory is not a mono symbol file
Symbol file data-000001642BE29820 doesn't match image C:\Users\dosra\Documents\CappiAstralMuseum\Cappi Astral Museum\Library\ScriptAssemblies\Unity.VisualScripting.Shared.Editor.dll
Symbol file LoadedFromMemory is not a mono symbol file
Symbol file data-00000164295D8430 doesn't match image C:\Users\dosra\Documents\CappiAstralMuseum\Cappi Astral Museum\Library\ScriptAssemblies\Unity.VisualScripting.State.dll
Symbol file LoadedFromMemory is not a mono symbol file
Symbol file data-0000016429718A20 doesn't match image C:\Users\dosra\Documents\CappiAstralMuseum\Cappi Astral Museum\Library\ScriptAssemblies\Unity.VisualScripting.State.Editor.dll
Symbol file LoadedFromMemory is not a mono symbol file
Symbol file data-0000016428FBEE20 doesn't match image C:\Users\dosra\Documents\CappiAstralMuseum\Cappi Astral Museum\Library\ScriptAssemblies\Unity.VisualStudio.Editor.dll
Symbol file LoadedFromMemory is not a mono symbol file
Symbol file data-000001642A5C4A40 doesn't match image C:\Users\dosra\Documents\CappiAstralMuseum\Cappi Astral Museum\Library\ScriptAssemblies\UnityEditor.TestRunner.dll
Symbol file LoadedFromMemory is not a mono symbol file
Symbol file data-0000016429718A20 doesn't match image C:\Users\dosra\Documents\CappiAstralMuseum\Cappi Astral Museum\Library\ScriptAssemblies\UnityEditor.UI.dll
Symbol file LoadedFromMemory is not a mono symbol file
Symbol file data-0000016428FBEE20 doesn't match image C:\Users\dosra\Documents\CappiAstralMuseum\Cappi Astral Museum\Library\ScriptAssemblies\UnityEngine.TestRunner.dll
Symbol file LoadedFromMemory is not a mono symbol file
Symbol file data-000001642CD7A030 doesn't match image C:\Users\dosra\Documents\CappiAstralMuseum\Cappi Astral Museum\Library\ScriptAssemblies\UnityEngine.UI.dll
Symbol file LoadedFromMemory is not a mono symbol file
Symbol file LoadedFromMemory doesn't match image C:\Users\dosra\Documents\CappiAstralMuseum\Cappi Astral Museum\Library\PackageCache\com.unity.visualscripting@1.8.0\Editor\VisualScripting.Core\Dependencies\YamlDotNet\Unity.VisualScripting.YamlDotNet.dll
Symbol file LoadedFromMemory doesn't match image C:\Users\dosra\Documents\CappiAstralMuseum\Cappi Astral Museum\Library\PackageCache\com.unity.visualscripting@1.8.0\Editor\VisualScripting.Core\Dependencies\DotNetZip\Unity.VisualScripting.IonicZip.dll
Symbol file LoadedFromMemory is not a mono symbol file
- Loaded All Assemblies, in  0.888 seconds
Refreshing native plugins compatible for Editor in 0.92 ms, found 3 plugins.
Native extension for WindowsStandalone target not found
[MODES] ModeService[none].Initialize
[MODES] ModeService[none].LoadModes
[MODES] Loading mode Default (0) for mode-current-id-Cappi Astral Museum
Mono: successfully reloaded assembly
- Finished resetting the current domain, in  0.725 seconds
Domain Reload Profiling: 1608ms
	BeginReloadAssembly (321ms)
		ExecutionOrderSort (0ms)
		DisableScriptedObjects (6ms)
		BackupInstance (0ms)
		ReleaseScriptingObjects (0ms)
		CreateAndSetChildDomain (27ms)
	RebuildCommonClasses (37ms)
	RebuildNativeTypeToScriptingClass (14ms)
	initialDomainReloadingComplete (41ms)
	LoadAllAssembliesAndSetupDomain (469ms)
		LoadAssemblies (347ms)
		RebuildTransferFunctionScriptingTraits (0ms)
		AnalyzeDomain (222ms)
			TypeCache.Refresh (185ms)
				TypeCache.ScanAssembly (168ms)
			BuildScriptInfoCaches (28ms)
			ResolveRequiredComponents (7ms)
	FinalizeReload (726ms)
		ReleaseScriptCaches (0ms)
		RebuildScriptCaches (0ms)
		SetupLoadedEditorAssemblies (536ms)
			LogAssemblyErrors (0ms)
			InitializePlatformSupportModulesInManaged (2ms)
			SetLoadedEditorAssemblies (5ms)
			BeforeProcessingInitializeOnLoad (67ms)
			ProcessInitializeOnLoadAttributes (433ms)
			ProcessInitializeOnLoadMethodAttributes (22ms)
			AfterProcessingInitializeOnLoad (7ms)
			EditorAssembliesLoaded (0ms)
		ExecutionOrderSort2 (0ms)
		AwakeInstancesAfterBackupRestoration (5ms)
Launched and connected shader compiler UnityShaderCompiler.exe after 0.01 seconds
Refreshing native plugins compatible for Editor in 0.94 ms, found 3 plugins.
Preloading 0 native plugins for Editor in 0.00 ms.
Unloading 78 Unused Serialized files (Serialized files now loaded: 0)
Unloading 4493 unused Assets / (2.9 MB). Loaded Objects now: 5120.
Memory consumption went from 229.9 MB to 227.0 MB.
Total: 6.036700 ms (FindLiveObjects: 0.485200 ms CreateObjectMapping: 0.519300 ms MarkObjects: 3.587900 ms  DeleteObjects: 1.443700 ms)

========================================================================
Received Import Request.
  Time since last request: 34782.612786 seconds.
  path: Assets/Assets Used/AllSkyFree/Night MoonBurst/AllSky_Night_MoonBurst Equirect.mat
  artifactKey: Guid(51b74d7bad397457d883c5940f7664d8) Importer(815301076,1909f56bfc062723c751e8b465ee728b)
Start importing Assets/Assets Used/AllSkyFree/Night MoonBurst/AllSky_Night_MoonBurst Equirect.mat using Guid(51b74d7bad397457d883c5940f7664d8) Importer(815301076,1909f56bfc062723c751e8b465ee728b) (PreviewImporter) -> (artifact id: '7a646a2d007b9f5091e316becbb58a5b') in 0.1655652 seconds
Number of updated asset objects reloaded before import = 0Number of asset objects unloaded after import = 2

========================================================================
Received Import Request.
  Time since last request: 0.000024 seconds.
  path: Assets/Assets Used/AllSkyFree/Space_AnotherPlanet/AllSky_Space_AnotherPlanet Equirect.mat
  artifactKey: Guid(13f6e5eed33d84c76979f1ec06b5e48c) Importer(815301076,1909f56bfc062723c751e8b465ee728b)
Start importing Assets/Assets Used/AllSkyFree/Space_AnotherPlanet/AllSky_Space_AnotherPlanet Equirect.mat using Guid(13f6e5eed33d84c76979f1ec06b5e48c) Importer(815301076,1909f56bfc062723c751e8b465ee728b) (PreviewImporter) -> (artifact id: '4e8067aac5fc0149ed61d24e574f4f50') in 0.053082 seconds
Number of updated asset objects reloaded before import = 0Number of asset objects unloaded after import = 2

========================================================================
Received Import Request.
  Time since last request: 0.000022 seconds.
  path: Assets/Assets Used/AllSkyFree/Space_AnotherPlanet/AllSky_Space_AnotherPlanet_Cam_2_Left+X.png
  artifactKey: Guid(40cd83628508d406497f3b21ff220644) Importer(815301076,1909f56bfc062723c751e8b465ee728b)
Start importing Assets/Assets Used/AllSkyFree/Space_AnotherPlanet/AllSky_Space_AnotherPlanet_Cam_2_Left+X.png using Guid(40cd83628508d406497f3b21ff220644) Importer(815301076,1909f56bfc062723c751e8b465ee728b) (PreviewImporter) -> (artifact id: '56cc568319823a64bc5cd7664714ae43') in 0.0260143 seconds
Number of updated asset objects reloaded before import = 0Number of asset objects unloaded after import = 2

========================================================================
Received Import Request.
  Time since last request: 10.050414 seconds.
  path: Assets/Model/Environment/Hub/Painting Border.mat
  artifactKey: Guid(b10b2564830538f4c92a74f4fe086cc5) Importer(815301076,1909f56bfc062723c751e8b465ee728b)
Start importing Assets/Model/Environment/Hub/Painting Border.mat using Guid(b10b2564830538f4c92a74f4fe086cc5) Importer(815301076,1909f56bfc062723c751e8b465ee728b) (PreviewImporter) -> (artifact id: 'f44adeb3f69f6accc687fdd26bb05421') in 0.0392078 seconds
Number of updated asset objects reloaded before import = 0Number of asset objects unloaded after import = 2

========================================================================
Received Import Request.
  Time since last request: 26.898714 seconds.
  path: Assets/Prefabs/Colectibles/Capsule.prefab
  artifactKey: Guid(2a7dc71ba492473488e01d0c0ea62aad) Importer(815301076,1909f56bfc062723c751e8b465ee728b)
Start importing Assets/Prefabs/Colectibles/Capsule.prefab using Guid(2a7dc71ba492473488e01d0c0ea62aad) Importer(815301076,1909f56bfc062723c751e8b465ee728b) (PreviewImporter) -> (artifact id: 'a4e8115e221d8d27cbf2f9b2af58a4bb') in 0.0946217 seconds
Number of updated asset objects reloaded before import = 0Number of asset objects unloaded after import = 208

========================================================================
Received Import Request.
  Time since last request: 21.424589 seconds.
  path: Assets/Assets Used/JMO Assets/Cartoon FX Remaster/CFXR Assets/Graphics/cfxr proc ring ab.mat
  artifactKey: Guid(4df8a5993f951b04581df7cc5fbb1254) Importer(815301076,1909f56bfc062723c751e8b465ee728b)
Start importing Assets/Assets Used/JMO Assets/Cartoon FX Remaster/CFXR Assets/Graphics/cfxr proc ring ab.mat using Guid(4df8a5993f951b04581df7cc5fbb1254) Importer(815301076,1909f56bfc062723c751e8b465ee728b) (PreviewImporter) -> (artifact id: 'd3322568dc4d67c8dae502d763fd1e68') in 0.0367044 seconds
Number of updated asset objects reloaded before import = 0Number of asset objects unloaded after import = 1

========================================================================
Received Import Request.
  Time since last request: 0.000016 seconds.
  path: Assets/Assets Used/JMO Assets/Cartoon FX Remaster/CFXR Assets/Graphics/cfxr ring ripple arc dissolve.png
  artifactKey: Guid(e09598ca19faace49acaf7b6bfb5516c) Importer(815301076,1909f56bfc062723c751e8b465ee728b)
Start importing Assets/Assets Used/JMO Assets/Cartoon FX Remaster/CFXR Assets/Graphics/cfxr ring ripple arc dissolve.png using Guid(e09598ca19faace49acaf7b6bfb5516c) Importer(815301076,1909f56bfc062723c751e8b465ee728b) (PreviewImporter) -> (artifact id: 'd28df5bee53060ce9b4831bceab72266') in 0.0166395 seconds
Number of updated asset objects reloaded before import = 0Number of asset objects unloaded after import = 2

========================================================================
Received Import Request.
  Time since last request: 0.000021 seconds.
  path: Assets/Assets Used/JMO Assets/Cartoon FX Remaster/CFXR Assets/Graphics/cfxr screen distortion ring.mat
  artifactKey: Guid(79f345c78339add488a435e22037fc87) Importer(815301076,1909f56bfc062723c751e8b465ee728b)
Start importing Assets/Assets Used/JMO Assets/Cartoon FX Remaster/CFXR Assets/Graphics/cfxr screen distortion ring.mat using Guid(79f345c78339add488a435e22037fc87) Importer(815301076,1909f56bfc062723c751e8b465ee728b) (PreviewImporter) -> (artifact id: '5ff0112680fc2f9c67be3d357c7e28c9') in 0.0535396 seconds
Number of updated asset objects reloaded before import = 0Number of asset objects unloaded after import = 2

========================================================================
Received Import Request.
  Time since last request: 0.000016 seconds.
  path: Assets/Assets Used/JMO Assets/Cartoon FX Remaster/CFXR Assets/Graphics/cfxr proc ring local space hdr ab.mat
  artifactKey: Guid(851a3f25e203f584bbe9dea88fc580a4) Importer(815301076,1909f56bfc062723c751e8b465ee728b)
Start importing Assets/Assets Used/JMO Assets/Cartoon FX Remaster/CFXR Assets/Graphics/cfxr proc ring local space hdr ab.mat using Guid(851a3f25e203f584bbe9dea88fc580a4) Importer(815301076,1909f56bfc062723c751e8b465ee728b) (PreviewImporter) -> (artifact id: '0132021e650189af27a60a3fcba8fdd3') in 0.048808 seconds
Number of updated asset objects reloaded before import = 0Number of asset objects unloaded after import = 1

========================================================================
Received Import Request.
  Time since last request: 0.000022 seconds.
  path: Assets/UI/HUD/Ring.png
  artifactKey: Guid(deaa4987c6152844baf73b425ae1449e) Importer(815301076,1909f56bfc062723c751e8b465ee728b)
Start importing Assets/UI/HUD/Ring.png using Guid(deaa4987c6152844baf73b425ae1449e) Importer(815301076,1909f56bfc062723c751e8b465ee728b) (PreviewImporter) -> (artifact id: 'c7d22fec17f6d1dc755c513fb95a90d4') in 0.0787974 seconds
Number of updated asset objects reloaded before import = 0Number of asset objects unloaded after import = 3

========================================================================
Received Import Request.
  Time since last request: 0.000017 seconds.
  path: Assets/Assets Used/JMO Assets/Cartoon FX Remaster/CFXR Assets/Graphics/cfxr ring spikes revert.png
  artifactKey: Guid(bcd4f0c1c99fcfe42bd88ec27630ff17) Importer(815301076,1909f56bfc062723c751e8b465ee728b)
Start importing Assets/Assets Used/JMO Assets/Cartoon FX Remaster/CFXR Assets/Graphics/cfxr ring spikes revert.png using Guid(bcd4f0c1c99fcfe42bd88ec27630ff17) Importer(815301076,1909f56bfc062723c751e8b465ee728b) (PreviewImporter) -> (artifact id: 'ccd0ac54fab7a9f02aab079a9b692d4d') in 0.0264932 seconds
Number of updated asset objects reloaded before import = 0Number of asset objects unloaded after import = 2

========================================================================
Received Import Request.
  Time since last request: 77.589095 seconds.
  path: Assets/Model/Enemies/Cursed/Peon/peon_body.mat
  artifactKey: Guid(8513331b706d7cc41b1b5edbad094541) Importer(815301076,1909f56bfc062723c751e8b465ee728b)
Start importing Assets/Model/Enemies/Cursed/Peon/peon_body.mat using Guid(8513331b706d7cc41b1b5edbad094541) Importer(815301076,1909f56bfc062723c751e8b465ee728b) (PreviewImporter) -> (artifact id: '90926ab05784cb4ff20d61f61e2ba43b') in 0.0256998 seconds
Number of updated asset objects reloaded before import = 0Number of asset objects unloaded after import = 2

========================================================================
Received Prepare
Begin MonoManager ReloadAssembly
C:\build\output\Unity-Technologies\mono\mono\metadata\icall.c:1842:
C:\build\output\Unity-Technologies\mono\mono\metadata\icall.c:1842:
C:\build\output\Unity-Technologies\mono\mono\metadata\icall.c:1842:
C:\build\output\Unity-Technologies\mono\mono\metadata\icall.c:1842:
C:\build\output\Unity-Technologies\mono\mono\metadata\icall.c:1842:
C:\build\output\Unity-Technologies\mono\mono\metadata\icall.c:1842:
C:\build\output\Unity-Technologies\mono\mono\metadata\icall.c:1842:
C:\build\output\Unity-Technologies\mono\mono\metadata\icall.c:1842:
C:\build\output\Unity-Technologies\mono\mono\metadata\icall.c:1842:
C:\build\output\Unity-Technologies\mono\mono\metadata\icall.c:1842:
C:\build\output\Unity-Technologies\mono\mono\metadata\icall.c:1842:
C:\build\output\Unity-Technologies\mono\mono\metadata\icall.c:1842:
Symbol file data-000001642D68E040 doesn't match image C:\Users\dosra\Documents\CappiAstralMuseum\Cappi Astral Museum\Library\ScriptAssemblies\Assembly-CSharp.dll
Symbol file LoadedFromMemory is not a mono symbol file
Symbol file data-000001642CA14020 doesn't match image C:\Users\dosra\Documents\CappiAstralMuseum\Cappi Astral Museum\Library\ScriptAssemblies\CFXR.WelcomeScreen.dll
Symbol file LoadedFromMemory is not a mono symbol file
Symbol file data-000001642CA14020 doesn't match image C:\Users\dosra\Documents\CappiAstralMuseum\Cappi Astral Museum\Library\ScriptAssemblies\CFXRDemo.dll
Symbol file LoadedFromMemory is not a mono symbol file
Symbol file data-00000164380F2020 doesn't match image C:\Users\dosra\Documents\CappiAstralMuseum\Cappi Astral Museum\Library\ScriptAssemblies\CFXREditor.dll
Symbol file LoadedFromMemory is not a mono symbol file
Symbol file data-00000164380F2020 doesn't match image C:\Users\dosra\Documents\CappiAstralMuseum\Cappi Astral Museum\Library\ScriptAssemblies\CFXRRuntime.dll
Symbol file LoadedFromMemory is not a mono symbol file
Symbol file data-000001643B012860 doesn't match image C:\Users\dosra\Documents\CappiAstralMuseum\Cappi Astral Museum\Library\ScriptAssemblies\Cinemachine.dll
Symbol file LoadedFromMemory is not a mono symbol file
Symbol file data-000001642957A010 doesn't match image C:\Users\dosra\Documents\CappiAstralMuseum\Cappi Astral Museum\Library\ScriptAssemblies\com.unity.cinemachine.editor.dll
Symbol file LoadedFromMemory is not a mono symbol file
Symbol file data-000001642CA14020 doesn't match image C:\Users\dosra\Documents\CappiAstralMuseum\Cappi Astral Museum\Library\ScriptAssemblies\KinoBloom.Runtime.dll
Symbol file LoadedFromMemory is not a mono symbol file
Symbol file data-000001642CA14020 doesn't match image C:\Users\dosra\Documents\CappiAstralMuseum\Cappi Astral Museum\Library\ScriptAssemblies\ToonyColorsPro.Demo.Editor.dll
Symbol file LoadedFromMemory is not a mono symbol file
Symbol file data-0000016429B46020 doesn't match image C:\Users\dosra\Documents\CappiAstralMuseum\Cappi Astral Museum\Library\ScriptAssemblies\Unity.AI.Navigation.dll
Symbol file LoadedFromMemory is not a mono symbol file
Symbol file data-0000016429B46020 doesn't match image C:\Users\dosra\Documents\CappiAstralMuseum\Cappi Astral Museum\Library\ScriptAssemblies\Unity.AI.Navigation.Editor.ConversionSystem.dll
Symbol file LoadedFromMemory is not a mono symbol file
Symbol file data-0000016438D11850 doesn't match image C:\Users\dosra\Documents\CappiAstralMuseum\Cappi Astral Museum\Library\ScriptAssemblies\Unity.AI.Navigation.Editor.dll
Symbol file LoadedFromMemory is not a mono symbol file
Symbol file data-000001642C706F20 doesn't match image C:\Users\dosra\Documents\CappiAstralMuseum\Cappi Astral Museum\Library\ScriptAssemblies\Unity.AI.Navigation.Updater.dll
Symbol file LoadedFromMemory is not a mono symbol file
Symbol file data-000001643ADD7A40 doesn't match image C:\Users\dosra\Documents\CappiAstralMuseum\Cappi Astral Museum\Library\ScriptAssemblies\Unity.Animation.Rigging.dll
Symbol file LoadedFromMemory is not a mono symbol file
Symbol file data-00000163C535F030 doesn't match image C:\Users\dosra\Documents\CappiAstralMuseum\Cappi Astral Museum\Library\ScriptAssemblies\Unity.Animation.Rigging.DocCodeExamples.dll
Symbol file LoadedFromMemory is not a mono symbol file
Symbol file data-000001643ADD7A40 doesn't match image C:\Users\dosra\Documents\CappiAstralMuseum\Cappi Astral Museum\Library\ScriptAssemblies\Unity.Animation.Rigging.Editor.dll
Symbol file LoadedFromMemory is not a mono symbol file
Symbol file data-0000016438D11850 doesn't match image C:\Users\dosra\Documents\CappiAstralMuseum\Cappi Astral Museum\Library\ScriptAssemblies\Unity.Burst.CodeGen.dll
Symbol file LoadedFromMemory is not a mono symbol file
Symbol file data-000001642EDA4020 doesn't match image C:\Users\dosra\Documents\CappiAstralMuseum\Cappi Astral Museum\Library\ScriptAssemblies\Unity.Burst.dll
Symbol file LoadedFromMemory is not a mono symbol file
Symbol file data-000001642C41D010 doesn't match image C:\Users\dosra\Documents\CappiAstralMuseum\Cappi Astral Museum\Library\ScriptAssemblies\Unity.Burst.Editor.dll
Symbol file LoadedFromMemory is not a mono symbol file
Symbol file data-000001642D789F10 doesn't match image C:\Users\dosra\Documents\CappiAstralMuseum\Cappi Astral Museum\Library\ScriptAssemblies\Unity.CollabProxy.Editor.dll
Symbol file LoadedFromMemory is not a mono symbol file
Symbol file data-000001642D789F10 doesn't match image C:\Users\dosra\Documents\CappiAstralMuseum\Cappi Astral Museum\Library\ScriptAssemblies\Unity.EditorCoroutines.Editor.dll
Symbol file LoadedFromMemory is not a mono symbol file
Symbol file data-000001643794A430 doesn't match image C:\Users\dosra\Documents\CappiAstralMuseum\Cappi Astral Museum\Library\ScriptAssemblies\Unity.InputSystem.dll
Symbol file LoadedFromMemory is not a mono symbol file
Symbol file data-000001642D789F10 doesn't match image C:\Users\dosra\Documents\CappiAstralMuseum\Cappi Astral Museum\Library\ScriptAssemblies\Unity.InputSystem.ForUI.dll
Symbol file LoadedFromMemory is not a mono symbol file
Symbol file data-000001642C706F20 doesn't match image C:\Users\dosra\Documents\CappiAstralMuseum\Cappi Astral Museum\Library\ScriptAssemblies\Unity.InputSystem.TestFramework.dll
Symbol file LoadedFromMemory is not a mono symbol file
Symbol file data-0000016437164030 doesn't match image C:\Users\dosra\Documents\CappiAstralMuseum\Cappi Astral Museum\Library\ScriptAssemblies\Unity.Mathematics.dll
Symbol file LoadedFromMemory is not a mono symbol file
Symbol file data-000001642D825010 doesn't match image C:\Users\dosra\Documents\CappiAstralMuseum\Cappi Astral Museum\Library\ScriptAssemblies\Unity.Mathematics.Editor.dll
Symbol file LoadedFromMemory is not a mono symbol file
Symbol file data-000001642CBB5030 doesn't match image C:\Users\dosra\Documents\CappiAstralMuseum\Cappi Astral Museum\Library\ScriptAssemblies\Unity.Performance.Profile-Analyzer.Editor.dll
Symbol file LoadedFromMemory is not a mono symbol file
Symbol file data-000001642A64A010 doesn't match image C:\Users\dosra\Documents\CappiAstralMuseum\Cappi Astral Museum\Library\ScriptAssemblies\Unity.PlasticSCM.Editor.dll
Symbol file LoadedFromMemory is not a mono symbol file
Symbol file data-000001642D825010 doesn't match image C:\Users\dosra\Documents\CappiAstralMuseum\Cappi Astral Museum\Library\ScriptAssemblies\Unity.Postprocessing.Editor.dll
Symbol file LoadedFromMemory is not a mono symbol file
Symbol file data-000001642B8B2F10 doesn't match image C:\Users\dosra\Documents\CappiAstralMuseum\Cappi Astral Museum\Library\ScriptAssemblies\Unity.Postprocessing.Runtime.dll
Symbol file LoadedFromMemory is not a mono symbol file
Symbol file data-000001642D825010 doesn't match image C:\Users\dosra\Documents\CappiAstralMuseum\Cappi Astral Museum\Library\ScriptAssemblies\Unity.Rider.Editor.dll
Symbol file LoadedFromMemory is not a mono symbol file
Symbol file data-000001642E544020 doesn't match image C:\Users\dosra\Documents\CappiAstralMuseum\Cappi Astral Museum\Library\ScriptAssemblies\Unity.Settings.Editor.dll
Symbol file LoadedFromMemory is not a mono symbol file
Symbol file data-000001642C41D010 doesn't match image C:\Users\dosra\Documents\CappiAstralMuseum\Cappi Astral Museum\Library\ScriptAssemblies\Unity.Splines.dll
Symbol file LoadedFromMemory is not a mono symbol file
Symbol file data-000001642C41D010 doesn't match image C:\Users\dosra\Documents\CappiAstralMuseum\Cappi Astral Museum\Library\ScriptAssemblies\Unity.Splines.Editor.dll
Symbol file LoadedFromMemory is not a mono symbol file
Symbol file data-000001642E544020 doesn't match image C:\Users\dosra\Documents\CappiAstralMuseum\Cappi Astral Museum\Library\ScriptAssemblies\Unity.TestTools.CodeCoverage.Editor.dll
Symbol file LoadedFromMemory is not a mono symbol file
Symbol file data-000001642E54AA30 doesn't match image C:\Users\dosra\Documents\CappiAstralMuseum\Cappi Astral Museum\Library\ScriptAssemblies\Unity.TestTools.CodeCoverage.Editor.OpenCover.Model.dll
Symbol file LoadedFromMemory is not a mono symbol file
Symbol file data-000001642D789F10 doesn't match image C:\Users\dosra\Documents\CappiAstralMuseum\Cappi Astral Museum\Library\ScriptAssemblies\Unity.TestTools.CodeCoverage.Editor.OpenCover.Mono.Reflection.dll
Symbol file LoadedFromMemory is not a mono symbol file
Symbol file data-0000016429450FC0 doesn't match image C:\Users\dosra\Documents\CappiAstralMuseum\Cappi Astral Museum\Library\ScriptAssemblies\Unity.TextMeshPro.dll
Symbol file LoadedFromMemory is not a mono symbol file
Symbol file data-000001642CBB5030 doesn't match image C:\Users\dosra\Documents\CappiAstralMuseum\Cappi Astral Museum\Library\ScriptAssemblies\Unity.TextMeshPro.Editor.dll
Symbol file LoadedFromMemory is not a mono symbol file
Symbol file data-000001642C41D010 doesn't match image C:\Users\dosra\Documents\CappiAstralMuseum\Cappi Astral Museum\Library\ScriptAssemblies\Unity.Timeline.dll
Symbol file LoadedFromMemory is not a mono symbol file
Symbol file data-000001642ADF0020 doesn't match image C:\Users\dosra\Documents\CappiAstralMuseum\Cappi Astral Museum\Library\ScriptAssemblies\Unity.Timeline.Editor.dll
Symbol file LoadedFromMemory is not a mono symbol file
Symbol file data-0000016428BF0080 doesn't match image C:\Users\dosra\Documents\CappiAstralMuseum\Cappi Astral Museum\Library\ScriptAssemblies\Unity.VisualScripting.Core.dll
Symbol file LoadedFromMemory is not a mono symbol file
Symbol file data-0000016429747010 doesn't match image C:\Users\dosra\Documents\CappiAstralMuseum\Cappi Astral Museum\Library\ScriptAssemblies\Unity.VisualScripting.Core.Editor.dll
Symbol file LoadedFromMemory is not a mono symbol file
Symbol file data-0000016429450FC0 doesn't match image C:\Users\dosra\Documents\CappiAstralMuseum\Cappi Astral Museum\Library\ScriptAssemblies\Unity.VisualScripting.Flow.dll
Symbol file LoadedFromMemory is not a mono symbol file
Symbol file data-000001642CBB5030 doesn't match image C:\Users\dosra\Documents\CappiAstralMuseum\Cappi Astral Museum\Library\ScriptAssemblies\Unity.VisualScripting.Flow.Editor.dll
Symbol file LoadedFromMemory is not a mono symbol file
Symbol file data-000001642D789F10 doesn't match image C:\Users\dosra\Documents\CappiAstralMuseum\Cappi Astral Museum\Library\ScriptAssemblies\Unity.VisualScripting.SettingsProvider.Editor.dll
Symbol file LoadedFromMemory is not a mono symbol file
Symbol file data-000001642D789F10 doesn't match image C:\Users\dosra\Documents\CappiAstralMuseum\Cappi Astral Museum\Library\ScriptAssemblies\Unity.VisualScripting.Shared.Editor.dll
Symbol file LoadedFromMemory is not a mono symbol file
Symbol file data-000001642E54AA30 doesn't match image C:\Users\dosra\Documents\CappiAstralMuseum\Cappi Astral Museum\Library\ScriptAssemblies\Unity.VisualScripting.State.dll
Symbol file LoadedFromMemory is not a mono symbol file
Symbol file data-000001642B0E7020 doesn't match image C:\Users\dosra\Documents\CappiAstralMuseum\Cappi Astral Museum\Library\ScriptAssemblies\Unity.VisualScripting.State.Editor.dll
Symbol file LoadedFromMemory is not a mono symbol file
Symbol file data-0000016428F4B040 doesn't match image C:\Users\dosra\Documents\CappiAstralMuseum\Cappi Astral Museum\Library\ScriptAssemblies\Unity.VisualStudio.Editor.dll
Symbol file LoadedFromMemory is not a mono symbol file
Symbol file data-00000164388A0010 doesn't match image C:\Users\dosra\Documents\CappiAstralMuseum\Cappi Astral Museum\Library\ScriptAssemblies\UnityEditor.TestRunner.dll
Symbol file LoadedFromMemory is not a mono symbol file
Symbol file data-000001642B0E7020 doesn't match image C:\Users\dosra\Documents\CappiAstralMuseum\Cappi Astral Museum\Library\ScriptAssemblies\UnityEditor.UI.dll
Symbol file LoadedFromMemory is not a mono symbol file
Symbol file data-0000016429475FD0 doesn't match image C:\Users\dosra\Documents\CappiAstralMuseum\Cappi Astral Museum\Library\ScriptAssemblies\UnityEngine.TestRunner.dll
Symbol file LoadedFromMemory is not a mono symbol file
Symbol file data-000001642A64A010 doesn't match image C:\Users\dosra\Documents\CappiAstralMuseum\Cappi Astral Museum\Library\ScriptAssemblies\UnityEngine.UI.dll
Symbol file LoadedFromMemory is not a mono symbol file
Symbol file LoadedFromMemory doesn't match image C:\Users\dosra\Documents\CappiAstralMuseum\Cappi Astral Museum\Library\PackageCache\com.unity.visualscripting@1.8.0\Editor\VisualScripting.Core\Dependencies\YamlDotNet\Unity.VisualScripting.YamlDotNet.dll
Symbol file LoadedFromMemory doesn't match image C:\Users\dosra\Documents\CappiAstralMuseum\Cappi Astral Museum\Library\PackageCache\com.unity.visualscripting@1.8.0\Editor\VisualScripting.Core\Dependencies\DotNetZip\Unity.VisualScripting.IonicZip.dll
Symbol file LoadedFromMemory is not a mono symbol file
- Loaded All Assemblies, in  0.726 seconds
Refreshing native plugins compatible for Editor in 0.92 ms, found 3 plugins.
Native extension for WindowsStandalone target not found
[MODES] ModeService[none].Initialize
[MODES] ModeService[none].LoadModes
[MODES] Loading mode Default (0) for mode-current-id-Cappi Astral Museum
Mono: successfully reloaded assembly
- Finished resetting the current domain, in  0.734 seconds
Domain Reload Profiling: 1456ms
	BeginReloadAssembly (208ms)
		ExecutionOrderSort (0ms)
		DisableScriptedObjects (6ms)
		BackupInstance (0ms)
		ReleaseScriptingObjects (0ms)
		CreateAndSetChildDomain (46ms)
	RebuildCommonClasses (37ms)
	RebuildNativeTypeToScriptingClass (15ms)
	initialDomainReloadingComplete (31ms)
	LoadAllAssembliesAndSetupDomain (430ms)
		LoadAssemblies (367ms)
		RebuildTransferFunctionScriptingTraits (0ms)
		AnalyzeDomain (172ms)
			TypeCache.Refresh (7ms)
				TypeCache.ScanAssembly (0ms)
			BuildScriptInfoCaches (155ms)
			ResolveRequiredComponents (7ms)
	FinalizeReload (734ms)
		ReleaseScriptCaches (0ms)
		RebuildScriptCaches (0ms)
		SetupLoadedEditorAssemblies (523ms)
			LogAssemblyErrors (0ms)
			InitializePlatformSupportModulesInManaged (3ms)
			SetLoadedEditorAssemblies (6ms)
			BeforeProcessingInitializeOnLoad (64ms)
			ProcessInitializeOnLoadAttributes (422ms)
			ProcessInitializeOnLoadMethodAttributes (20ms)
			AfterProcessingInitializeOnLoad (7ms)
			EditorAssembliesLoaded (0ms)
		ExecutionOrderSort2 (0ms)
		AwakeInstancesAfterBackupRestoration (6ms)
Refreshing native plugins compatible for Editor in 0.99 ms, found 3 plugins.
Preloading 0 native plugins for Editor in 0.00 ms.
Unloading 14 Unused Serialized files (Serialized files now loaded: 0)
Unloading 4491 unused Assets / (2.9 MB). Loaded Objects now: 5169.
Memory consumption went from 218.3 MB to 215.4 MB.
Total: 6.748900 ms (FindLiveObjects: 0.504200 ms CreateObjectMapping: 0.568500 ms MarkObjects: 3.865200 ms  DeleteObjects: 1.809800 ms)

Prepare: number of updated asset objects reloaded= 0
