Using pre-set license
Built from '2023.2/release' branch; Version is '2023.2.4f1 (3a7eb0602d92) revision 3833520'; Using compiler version '193431935'; Build Type 'Release'
OS: 'Windows 10  (10.0.19045) 64bit Core' Language: 'en' Physical Memory: 16253 MB
BatchMode: 1, IsHumanControllingUs: 0, StartBugReporterOnCrash: 0, Is64bit: 1, IsPro: 1

COMMAND LINE ARGUMENTS:
C:\Program Files\Unity\Hub\Editor\2023.2.4f1\Editor\Unity.exe
-adb2
-batchMode
-noUpm
-name
AssetImportWorker1
-projectPath
C:/Users/dosra/Documents/CappiAstralMuseum/Cappi Astral Museum
-logFile
Logs/AssetImportWorker1.log
-srvPort
51149
-job-worker-count
5
-background-job-worker-count
8
-asset-garbage-collectors
1
Successfully changed project path to: C:/Users/dosra/Documents/CappiAstralMuseum/Cappi Astral Museum
C:/Users/dosra/Documents/CappiAstralMuseum/Cappi Astral Museum
[UnityMemory] Configuration Parameters - Can be set up in boot.config
    "memorysetup-bucket-allocator-granularity=16"
    "memorysetup-bucket-allocator-bucket-count=8"
    "memorysetup-bucket-allocator-block-size=33554432"
    "memorysetup-bucket-allocator-block-count=8"
    "memorysetup-main-allocator-block-size=16777216"
    "memorysetup-thread-allocator-block-size=16777216"
    "memorysetup-gfx-main-allocator-block-size=16777216"
    "memorysetup-gfx-thread-allocator-block-size=16777216"
    "memorysetup-cache-allocator-block-size=4194304"
    "memorysetup-typetree-allocator-block-size=2097152"
    "memorysetup-profiler-bucket-allocator-granularity=16"
    "memorysetup-profiler-bucket-allocator-bucket-count=8"
    "memorysetup-profiler-bucket-allocator-block-size=33554432"
    "memorysetup-profiler-bucket-allocator-block-count=8"
    "memorysetup-profiler-allocator-block-size=16777216"
    "memorysetup-profiler-editor-allocator-block-size=1048576"
    "memorysetup-temp-allocator-size-main=16777216"
    "memorysetup-job-temp-allocator-block-size=2097152"
    "memorysetup-job-temp-allocator-block-size-background=1048576"
    "memorysetup-job-temp-allocator-reduction-small-platforms=262144"
    "memorysetup-allocator-temp-initial-block-size-main=262144"
    "memorysetup-allocator-temp-initial-block-size-worker=262144"
    "memorysetup-temp-allocator-size-background-worker=32768"
    "memorysetup-temp-allocator-size-job-worker=262144"
    "memorysetup-temp-allocator-size-preload-manager=33554432"
    "memorysetup-temp-allocator-size-nav-mesh-worker=65536"
    "memorysetup-temp-allocator-size-audio-worker=65536"
    "memorysetup-temp-allocator-size-cloud-worker=32768"
    "memorysetup-temp-allocator-size-gi-baking-worker=262144"
    "memorysetup-temp-allocator-size-gi-baking-worker=262144"
    "memorysetup-temp-allocator-size-gi-baking-worker=262144"
    "memorysetup-temp-allocator-size-gi-baking-worker=262144"
    "memorysetup-temp-allocator-size-gfx=262144"
Player connection [8368] Host "[IP] 10.0.0.241 [Port] 0 [Flags] 2 [Guid] 683535791 [EditorId] 683535791 [Version] 1048832 [Id] WindowsEditor(7,DESKTOP-7VA17B2) [Debug] 1 [PackageName] WindowsEditor [ProjectName] Editor" joined multi-casting on [225.0.0.222:54997]...
Player connection [8368] Host "[IP] 10.0.0.241 [Port] 0 [Flags] 2 [Guid] 683535791 [EditorId] 683535791 [Version] 1048832 [Id] WindowsEditor(7,DESKTOP-7VA17B2) [Debug] 1 [PackageName] WindowsEditor [ProjectName] Editor" joined alternative multi-casting on [225.0.0.222:34997]...
JobSystem: Creating JobQueue using job-worker-count value 5
[Physics::Module] Initialized MultithreadedJobDispatcher with 5 workers.
Library Redirect Path: Library/
Refreshing native plugins compatible for Editor in 1.37 ms, found 3 plugins.
Preloading 0 native plugins for Editor in 0.00 ms.
Initialize engine version: 2023.2.4f1 (3a7eb0602d92)
[Subsystems] Discovering subsystems at path C:/Program Files/Unity/Hub/Editor/2023.2.4f1/Editor/Data/Resources/UnitySubsystems
[Subsystems] Discovering subsystems at path C:/Users/dosra/Documents/CappiAstralMuseum/Cappi Astral Museum/Assets
GfxDevice: creating device client; kGfxThreadingModeNonThreaded
Direct3D:
    Version:  Direct3D 11.0 [level 11.1]
    Renderer: NVIDIA GeForce RTX 3060 Ti (ID=0x2486)
    Vendor:   NVIDIA
    VRAM:     8024 MB
    Driver:   32.0.15.8097
Initialize mono
Mono path[0] = 'C:/Program Files/Unity/Hub/Editor/2023.2.4f1/Editor/Data/Managed'
Mono path[1] = 'C:/Program Files/Unity/Hub/Editor/2023.2.4f1/Editor/Data/MonoBleedingEdge/lib/mono/unityjit-win32'
Mono config path = 'C:/Program Files/Unity/Hub/Editor/2023.2.4f1/Editor/Data/MonoBleedingEdge/etc'
Using monoOptions --debugger-agent=transport=dt_socket,embedding=1,server=y,suspend=n,address=127.0.0.1:56584
Begin MonoManager ReloadAssembly
C:\build\output\Unity-Technologies\mono\mono\metadata\icall.c:1842:
C:\build\output\Unity-Technologies\mono\mono\metadata\icall.c:1842:
C:\build\output\Unity-Technologies\mono\mono\metadata\icall.c:1842:
C:\build\output\Unity-Technologies\mono\mono\metadata\icall.c:1842:
C:\build\output\Unity-Technologies\mono\mono\metadata\icall.c:1842:
C:\build\output\Unity-Technologies\mono\mono\metadata\icall.c:1842:
C:\build\output\Unity-Technologies\mono\mono\metadata\icall.c:1842:
C:\build\output\Unity-Technologies\mono\mono\metadata\icall.c:1842:
C:\build\output\Unity-Technologies\mono\mono\metadata\icall.c:1842:
C:\build\output\Unity-Technologies\mono\mono\metadata\icall.c:1842:
Registering precompiled unity dll's ...
Register platform support module: C:/Program Files/Unity/Hub/Editor/2023.2.4f1/Editor/Data/PlaybackEngines/WindowsStandaloneSupport/UnityEditor.WindowsStandalone.Extensions.dll
Registered in 0.003539 seconds.
- Loaded All Assemblies, in  0.462 seconds
Native extension for WindowsStandalone target not found
Mono: successfully reloaded assembly
C:\build\output\Unity-Technologies\mono\mono\metadata\icall.c:1842:
C:\build\output\Unity-Technologies\mono\mono\metadata\icall.c:1842:
- Finished resetting the current domain, in  0.330 seconds
Domain Reload Profiling: 789ms
	BeginReloadAssembly (146ms)
		ExecutionOrderSort (0ms)
		DisableScriptedObjects (0ms)
		BackupInstance (0ms)
		ReleaseScriptingObjects (0ms)
		CreateAndSetChildDomain (1ms)
	RebuildCommonClasses (41ms)
	RebuildNativeTypeToScriptingClass (17ms)
	initialDomainReloadingComplete (58ms)
	LoadAllAssembliesAndSetupDomain (196ms)
		LoadAssemblies (143ms)
		RebuildTransferFunctionScriptingTraits (0ms)
		AnalyzeDomain (193ms)
			TypeCache.Refresh (191ms)
				TypeCache.ScanAssembly (177ms)
			BuildScriptInfoCaches (0ms)
			ResolveRequiredComponents (0ms)
	FinalizeReload (330ms)
		ReleaseScriptCaches (0ms)
		RebuildScriptCaches (0ms)
		SetupLoadedEditorAssemblies (278ms)
			LogAssemblyErrors (0ms)
			InitializePlatformSupportModulesInManaged (11ms)
			SetLoadedEditorAssemblies (5ms)
			BeforeProcessingInitializeOnLoad (7ms)
			ProcessInitializeOnLoadAttributes (200ms)
			ProcessInitializeOnLoadMethodAttributes (55ms)
			AfterProcessingInitializeOnLoad (0ms)
			EditorAssembliesLoaded (0ms)
		ExecutionOrderSort2 (0ms)
		AwakeInstancesAfterBackupRestoration (0ms)
========================================================================
Worker process is ready to serve import requests
Import Worker Mode flag is 0x00
Begin MonoManager ReloadAssembly
C:\build\output\Unity-Technologies\mono\mono\metadata\icall.c:1842:
C:\build\output\Unity-Technologies\mono\mono\metadata\icall.c:1842:
C:\build\output\Unity-Technologies\mono\mono\metadata\icall.c:1842:
C:\build\output\Unity-Technologies\mono\mono\metadata\icall.c:1842:
C:\build\output\Unity-Technologies\mono\mono\metadata\icall.c:1842:
C:\build\output\Unity-Technologies\mono\mono\metadata\icall.c:1842:
C:\build\output\Unity-Technologies\mono\mono\metadata\icall.c:1842:
C:\build\output\Unity-Technologies\mono\mono\metadata\icall.c:1842:
C:\build\output\Unity-Technologies\mono\mono\metadata\icall.c:1842:
C:\build\output\Unity-Technologies\mono\mono\metadata\icall.c:1842:
C:\build\output\Unity-Technologies\mono\mono\metadata\icall.c:1842:
C:\build\output\Unity-Technologies\mono\mono\metadata\icall.c:1842:
Symbol file data-000001C22A9C0440 doesn't match image C:\Users\dosra\Documents\CappiAstralMuseum\Cappi Astral Museum\Library\ScriptAssemblies\Assembly-CSharp.dll
Symbol file LoadedFromMemory is not a mono symbol file
Symbol file data-000001C22BEE0050 doesn't match image C:\Users\dosra\Documents\CappiAstralMuseum\Cappi Astral Museum\Library\ScriptAssemblies\CFXR.WelcomeScreen.dll
Symbol file LoadedFromMemory is not a mono symbol file
Symbol file data-000001C22BEE0050 doesn't match image C:\Users\dosra\Documents\CappiAstralMuseum\Cappi Astral Museum\Library\ScriptAssemblies\CFXRDemo.dll
Symbol file LoadedFromMemory is not a mono symbol file
Symbol file data-000001C22D837030 doesn't match image C:\Users\dosra\Documents\CappiAstralMuseum\Cappi Astral Museum\Library\ScriptAssemblies\CFXREditor.dll
Symbol file LoadedFromMemory is not a mono symbol file
Symbol file data-000001C22D837030 doesn't match image C:\Users\dosra\Documents\CappiAstralMuseum\Cappi Astral Museum\Library\ScriptAssemblies\CFXRRuntime.dll
Symbol file LoadedFromMemory is not a mono symbol file
Symbol file data-000001C22A9C0440 doesn't match image C:\Users\dosra\Documents\CappiAstralMuseum\Cappi Astral Museum\Library\ScriptAssemblies\Cinemachine.dll
Symbol file LoadedFromMemory is not a mono symbol file
Symbol file data-000001C22A9C0440 doesn't match image C:\Users\dosra\Documents\CappiAstralMuseum\Cappi Astral Museum\Library\ScriptAssemblies\com.unity.cinemachine.editor.dll
Symbol file LoadedFromMemory is not a mono symbol file
Symbol file data-000001C22B1AC220 doesn't match image C:\Users\dosra\Documents\CappiAstralMuseum\Cappi Astral Museum\Library\ScriptAssemblies\KinoBloom.Runtime.dll
Symbol file LoadedFromMemory is not a mono symbol file
Symbol file data-000001C22B1AC220 doesn't match image C:\Users\dosra\Documents\CappiAstralMuseum\Cappi Astral Museum\Library\ScriptAssemblies\ToonyColorsPro.Demo.Editor.dll
Symbol file LoadedFromMemory is not a mono symbol file
Symbol file data-000001C22C7F7430 doesn't match image C:\Users\dosra\Documents\CappiAstralMuseum\Cappi Astral Museum\Library\ScriptAssemblies\Unity.AI.Navigation.dll
Symbol file LoadedFromMemory is not a mono symbol file
Symbol file data-000001C22C7F7430 doesn't match image C:\Users\dosra\Documents\CappiAstralMuseum\Cappi Astral Museum\Library\ScriptAssemblies\Unity.AI.Navigation.Editor.ConversionSystem.dll
Symbol file LoadedFromMemory is not a mono symbol file
Symbol file data-000001C22B552A20 doesn't match image C:\Users\dosra\Documents\CappiAstralMuseum\Cappi Astral Museum\Library\ScriptAssemblies\Unity.AI.Navigation.Editor.dll
Symbol file LoadedFromMemory is not a mono symbol file
Symbol file data-000001C22C7F7430 doesn't match image C:\Users\dosra\Documents\CappiAstralMuseum\Cappi Astral Museum\Library\ScriptAssemblies\Unity.AI.Navigation.Updater.dll
Symbol file LoadedFromMemory is not a mono symbol file
Symbol file data-000001C22B552A20 doesn't match image C:\Users\dosra\Documents\CappiAstralMuseum\Cappi Astral Museum\Library\ScriptAssemblies\Unity.Animation.Rigging.dll
Symbol file LoadedFromMemory is not a mono symbol file
Symbol file data-000001C22C7F7430 doesn't match image C:\Users\dosra\Documents\CappiAstralMuseum\Cappi Astral Museum\Library\ScriptAssemblies\Unity.Animation.Rigging.DocCodeExamples.dll
Symbol file LoadedFromMemory is not a mono symbol file
Symbol file data-000001C22B552A20 doesn't match image C:\Users\dosra\Documents\CappiAstralMuseum\Cappi Astral Museum\Library\ScriptAssemblies\Unity.Animation.Rigging.Editor.dll
Symbol file LoadedFromMemory is not a mono symbol file
Symbol file data-000001C22A9E1060 doesn't match image C:\Users\dosra\Documents\CappiAstralMuseum\Cappi Astral Museum\Library\ScriptAssemblies\Unity.Burst.CodeGen.dll
Symbol file LoadedFromMemory is not a mono symbol file
Symbol file data-000001C22A8E8020 doesn't match image C:\Users\dosra\Documents\CappiAstralMuseum\Cappi Astral Museum\Library\ScriptAssemblies\Unity.Burst.dll
Symbol file LoadedFromMemory is not a mono symbol file
Symbol file data-000001C22A8E8020 doesn't match image C:\Users\dosra\Documents\CappiAstralMuseum\Cappi Astral Museum\Library\ScriptAssemblies\Unity.Burst.Editor.dll
Symbol file LoadedFromMemory is not a mono symbol file
Symbol file data-000001C22BFDB440 doesn't match image C:\Users\dosra\Documents\CappiAstralMuseum\Cappi Astral Museum\Library\ScriptAssemblies\Unity.CollabProxy.Editor.dll
Symbol file LoadedFromMemory is not a mono symbol file
Symbol file data-000001C22BFDB440 doesn't match image C:\Users\dosra\Documents\CappiAstralMuseum\Cappi Astral Museum\Library\ScriptAssemblies\Unity.EditorCoroutines.Editor.dll
Symbol file LoadedFromMemory is not a mono symbol file
Symbol file data-000001C22DCE4010 doesn't match image C:\Users\dosra\Documents\CappiAstralMuseum\Cappi Astral Museum\Library\ScriptAssemblies\Unity.InputSystem.dll
Symbol file LoadedFromMemory is not a mono symbol file
Symbol file data-000001C22BFDB440 doesn't match image C:\Users\dosra\Documents\CappiAstralMuseum\Cappi Astral Museum\Library\ScriptAssemblies\Unity.InputSystem.ForUI.dll
Symbol file LoadedFromMemory is not a mono symbol file
Symbol file data-000001C22BFDB440 doesn't match image C:\Users\dosra\Documents\CappiAstralMuseum\Cappi Astral Museum\Library\ScriptAssemblies\Unity.InputSystem.TestFramework.dll
Symbol file LoadedFromMemory is not a mono symbol file
Symbol file data-000001C22CF3E010 doesn't match image C:\Users\dosra\Documents\CappiAstralMuseum\Cappi Astral Museum\Library\ScriptAssemblies\Unity.Mathematics.dll
Symbol file LoadedFromMemory is not a mono symbol file
Symbol file data-000001C22BFDB440 doesn't match image C:\Users\dosra\Documents\CappiAstralMuseum\Cappi Astral Museum\Library\ScriptAssemblies\Unity.Mathematics.Editor.dll
Symbol file LoadedFromMemory is not a mono symbol file
Symbol file data-000001C22CF3E010 doesn't match image C:\Users\dosra\Documents\CappiAstralMuseum\Cappi Astral Museum\Library\ScriptAssemblies\Unity.Performance.Profile-Analyzer.Editor.dll
Symbol file LoadedFromMemory is not a mono symbol file
Symbol file data-000001C22CF3E010 doesn't match image C:\Users\dosra\Documents\CappiAstralMuseum\Cappi Astral Museum\Library\ScriptAssemblies\Unity.PlasticSCM.Editor.dll
Symbol file LoadedFromMemory is not a mono symbol file
Symbol file data-000001C22A933E40 doesn't match image C:\Users\dosra\Documents\CappiAstralMuseum\Cappi Astral Museum\Library\ScriptAssemblies\Unity.Postprocessing.Editor.dll
Symbol file LoadedFromMemory is not a mono symbol file
Symbol file data-000001C22CF80A30 doesn't match image C:\Users\dosra\Documents\CappiAstralMuseum\Cappi Astral Museum\Library\ScriptAssemblies\Unity.Postprocessing.Runtime.dll
Symbol file LoadedFromMemory is not a mono symbol file
Symbol file data-000001C22A933E40 doesn't match image C:\Users\dosra\Documents\CappiAstralMuseum\Cappi Astral Museum\Library\ScriptAssemblies\Unity.Rider.Editor.dll
Symbol file LoadedFromMemory is not a mono symbol file
Symbol file data-000001C22C7F7430 doesn't match image C:\Users\dosra\Documents\CappiAstralMuseum\Cappi Astral Museum\Library\ScriptAssemblies\Unity.Settings.Editor.dll
Symbol file LoadedFromMemory is not a mono symbol file
Symbol file data-000001C22DA19020 doesn't match image C:\Users\dosra\Documents\CappiAstralMuseum\Cappi Astral Museum\Library\ScriptAssemblies\Unity.Splines.dll
Symbol file LoadedFromMemory is not a mono symbol file
Symbol file data-000001C229722020 doesn't match image C:\Users\dosra\Documents\CappiAstralMuseum\Cappi Astral Museum\Library\ScriptAssemblies\Unity.Splines.Editor.dll
Symbol file LoadedFromMemory is not a mono symbol file
Symbol file data-000001C229743430 doesn't match image C:\Users\dosra\Documents\CappiAstralMuseum\Cappi Astral Museum\Library\ScriptAssemblies\Unity.TestTools.CodeCoverage.Editor.dll
Symbol file LoadedFromMemory is not a mono symbol file
Symbol file data-000001C22BE8A830 doesn't match image C:\Users\dosra\Documents\CappiAstralMuseum\Cappi Astral Museum\Library\ScriptAssemblies\Unity.TestTools.CodeCoverage.Editor.OpenCover.Model.dll
Symbol file LoadedFromMemory is not a mono symbol file
Symbol file data-000001C22CF93E40 doesn't match image C:\Users\dosra\Documents\CappiAstralMuseum\Cappi Astral Museum\Library\ScriptAssemblies\Unity.TestTools.CodeCoverage.Editor.OpenCover.Mono.Reflection.dll
Symbol file LoadedFromMemory is not a mono symbol file
Symbol file data-000001C229743430 doesn't match image C:\Users\dosra\Documents\CappiAstralMuseum\Cappi Astral Museum\Library\ScriptAssemblies\Unity.TextMeshPro.dll
Symbol file LoadedFromMemory is not a mono symbol file
Symbol file data-000001C229743430 doesn't match image C:\Users\dosra\Documents\CappiAstralMuseum\Cappi Astral Museum\Library\ScriptAssemblies\Unity.TextMeshPro.Editor.dll
Symbol file LoadedFromMemory is not a mono symbol file
Symbol file data-000001C229362830 doesn't match image C:\Users\dosra\Documents\CappiAstralMuseum\Cappi Astral Museum\Library\ScriptAssemblies\Unity.Timeline.dll
Symbol file LoadedFromMemory is not a mono symbol file
Symbol file data-000001C22A7EFCA0 doesn't match image C:\Users\dosra\Documents\CappiAstralMuseum\Cappi Astral Museum\Library\ScriptAssemblies\Unity.Timeline.Editor.dll
Symbol file LoadedFromMemory is not a mono symbol file
Symbol file data-000001C22A7EFCA0 doesn't match image C:\Users\dosra\Documents\CappiAstralMuseum\Cappi Astral Museum\Library\ScriptAssemblies\Unity.VisualScripting.Core.dll
Symbol file LoadedFromMemory is not a mono symbol file
Symbol file data-000001C22A7EFCA0 doesn't match image C:\Users\dosra\Documents\CappiAstralMuseum\Cappi Astral Museum\Library\ScriptAssemblies\Unity.VisualScripting.Core.Editor.dll
Symbol file LoadedFromMemory is not a mono symbol file
Symbol file data-000001C22C8C7010 doesn't match image C:\Users\dosra\Documents\CappiAstralMuseum\Cappi Astral Museum\Library\ScriptAssemblies\Unity.VisualScripting.Flow.dll
Symbol file LoadedFromMemory is not a mono symbol file
Symbol file data-000001C229DC9670 doesn't match image C:\Users\dosra\Documents\CappiAstralMuseum\Cappi Astral Museum\Library\ScriptAssemblies\Unity.VisualScripting.Flow.Editor.dll
Symbol file LoadedFromMemory is not a mono symbol file
Symbol file data-000001C22CF93E40 doesn't match image C:\Users\dosra\Documents\CappiAstralMuseum\Cappi Astral Museum\Library\ScriptAssemblies\Unity.VisualScripting.SettingsProvider.Editor.dll
Symbol file LoadedFromMemory is not a mono symbol file
Symbol file data-000001C22CF93E40 doesn't match image C:\Users\dosra\Documents\CappiAstralMuseum\Cappi Astral Museum\Library\ScriptAssemblies\Unity.VisualScripting.Shared.Editor.dll
Symbol file LoadedFromMemory is not a mono symbol file
Symbol file data-000001C22BE8A830 doesn't match image C:\Users\dosra\Documents\CappiAstralMuseum\Cappi Astral Museum\Library\ScriptAssemblies\Unity.VisualScripting.State.dll
Symbol file LoadedFromMemory is not a mono symbol file
Symbol file data-000001C22BBF4090 doesn't match image C:\Users\dosra\Documents\CappiAstralMuseum\Cappi Astral Museum\Library\ScriptAssemblies\Unity.VisualScripting.State.Editor.dll
Symbol file LoadedFromMemory is not a mono symbol file
Symbol file data-000001C22BBF4090 doesn't match image C:\Users\dosra\Documents\CappiAstralMuseum\Cappi Astral Museum\Library\ScriptAssemblies\Unity.VisualStudio.Editor.dll
Symbol file LoadedFromMemory is not a mono symbol file
Symbol file data-000001C22D36A020 doesn't match image C:\Users\dosra\Documents\CappiAstralMuseum\Cappi Astral Museum\Library\ScriptAssemblies\UnityEditor.TestRunner.dll
Symbol file LoadedFromMemory is not a mono symbol file
Symbol file data-000001C22BBF4090 doesn't match image C:\Users\dosra\Documents\CappiAstralMuseum\Cappi Astral Museum\Library\ScriptAssemblies\UnityEditor.UI.dll
Symbol file LoadedFromMemory is not a mono symbol file
Symbol file data-000001C22D38F030 doesn't match image C:\Users\dosra\Documents\CappiAstralMuseum\Cappi Astral Museum\Library\ScriptAssemblies\UnityEngine.TestRunner.dll
Symbol file LoadedFromMemory is not a mono symbol file
Symbol file data-000001C22AA41010 doesn't match image C:\Users\dosra\Documents\CappiAstralMuseum\Cappi Astral Museum\Library\ScriptAssemblies\UnityEngine.UI.dll
Symbol file LoadedFromMemory is not a mono symbol file
Symbol file LoadedFromMemory doesn't match image C:\Users\dosra\Documents\CappiAstralMuseum\Cappi Astral Museum\Library\PackageCache\com.unity.visualscripting@1.8.0\Editor\VisualScripting.Core\Dependencies\YamlDotNet\Unity.VisualScripting.YamlDotNet.dll
Symbol file LoadedFromMemory doesn't match image C:\Users\dosra\Documents\CappiAstralMuseum\Cappi Astral Museum\Library\PackageCache\com.unity.visualscripting@1.8.0\Editor\VisualScripting.Core\Dependencies\DotNetZip\Unity.VisualScripting.IonicZip.dll
Symbol file LoadedFromMemory is not a mono symbol file
- Loaded All Assemblies, in  0.958 seconds
Refreshing native plugins compatible for Editor in 0.96 ms, found 3 plugins.
Native extension for WindowsStandalone target not found
[MODES] ModeService[none].Initialize
[MODES] ModeService[none].LoadModes
[MODES] Loading mode Default (0) for mode-current-id-Cappi Astral Museum
Mono: successfully reloaded assembly
- Finished resetting the current domain, in  0.796 seconds
Domain Reload Profiling: 1749ms
	BeginReloadAssembly (344ms)
		ExecutionOrderSort (0ms)
		DisableScriptedObjects (6ms)
		BackupInstance (0ms)
		ReleaseScriptingObjects (0ms)
		CreateAndSetChildDomain (32ms)
	RebuildCommonClasses (41ms)
	RebuildNativeTypeToScriptingClass (14ms)
	initialDomainReloadingComplete (43ms)
	LoadAllAssembliesAndSetupDomain (510ms)
		LoadAssemblies (374ms)
		RebuildTransferFunctionScriptingTraits (0ms)
		AnalyzeDomain (243ms)
			TypeCache.Refresh (203ms)
				TypeCache.ScanAssembly (185ms)
			BuildScriptInfoCaches (30ms)
			ResolveRequiredComponents (6ms)
	FinalizeReload (797ms)
		ReleaseScriptCaches (0ms)
		RebuildScriptCaches (0ms)
		SetupLoadedEditorAssemblies (590ms)
			LogAssemblyErrors (0ms)
			InitializePlatformSupportModulesInManaged (3ms)
			SetLoadedEditorAssemblies (6ms)
			BeforeProcessingInitializeOnLoad (61ms)
			ProcessInitializeOnLoadAttributes (485ms)
			ProcessInitializeOnLoadMethodAttributes (25ms)
			AfterProcessingInitializeOnLoad (10ms)
			EditorAssembliesLoaded (0ms)
		ExecutionOrderSort2 (0ms)
		AwakeInstancesAfterBackupRestoration (6ms)
Launched and connected shader compiler UnityShaderCompiler.exe after 0.01 seconds
Refreshing native plugins compatible for Editor in 0.95 ms, found 3 plugins.
Preloading 0 native plugins for Editor in 0.00 ms.
Unloading 78 Unused Serialized files (Serialized files now loaded: 0)
Unloading 4493 unused Assets / (3.0 MB). Loaded Objects now: 5120.
Memory consumption went from 229.9 MB to 227.0 MB.
Total: 6.377300 ms (FindLiveObjects: 0.482300 ms CreateObjectMapping: 0.512400 ms MarkObjects: 3.630800 ms  DeleteObjects: 1.751300 ms)

========================================================================
Received Prepare
Begin MonoManager ReloadAssembly
C:\build\output\Unity-Technologies\mono\mono\metadata\icall.c:1842:
C:\build\output\Unity-Technologies\mono\mono\metadata\icall.c:1842:
C:\build\output\Unity-Technologies\mono\mono\metadata\icall.c:1842:
C:\build\output\Unity-Technologies\mono\mono\metadata\icall.c:1842:
C:\build\output\Unity-Technologies\mono\mono\metadata\icall.c:1842:
C:\build\output\Unity-Technologies\mono\mono\metadata\icall.c:1842:
C:\build\output\Unity-Technologies\mono\mono\metadata\icall.c:1842:
C:\build\output\Unity-Technologies\mono\mono\metadata\icall.c:1842:
C:\build\output\Unity-Technologies\mono\mono\metadata\icall.c:1842:
C:\build\output\Unity-Technologies\mono\mono\metadata\icall.c:1842:
C:\build\output\Unity-Technologies\mono\mono\metadata\icall.c:1842:
C:\build\output\Unity-Technologies\mono\mono\metadata\icall.c:1842:
Symbol file data-000001C238465010 doesn't match image C:\Users\dosra\Documents\CappiAstralMuseum\Cappi Astral Museum\Library\ScriptAssemblies\Assembly-CSharp.dll
Symbol file LoadedFromMemory is not a mono symbol file
Symbol file data-000001C237C5B020 doesn't match image C:\Users\dosra\Documents\CappiAstralMuseum\Cappi Astral Museum\Library\ScriptAssemblies\CFXR.WelcomeScreen.dll
Symbol file LoadedFromMemory is not a mono symbol file
Symbol file data-000001C237C5B020 doesn't match image C:\Users\dosra\Documents\CappiAstralMuseum\Cappi Astral Museum\Library\ScriptAssemblies\CFXRDemo.dll
Symbol file LoadedFromMemory is not a mono symbol file
Symbol file data-000001C238465010 doesn't match image C:\Users\dosra\Documents\CappiAstralMuseum\Cappi Astral Museum\Library\ScriptAssemblies\CFXREditor.dll
Symbol file LoadedFromMemory is not a mono symbol file
Symbol file data-000001C23846DA20 doesn't match image C:\Users\dosra\Documents\CappiAstralMuseum\Cappi Astral Museum\Library\ScriptAssemblies\CFXRRuntime.dll
Symbol file LoadedFromMemory is not a mono symbol file
Symbol file data-000001C23876C020 doesn't match image C:\Users\dosra\Documents\CappiAstralMuseum\Cappi Astral Museum\Library\ScriptAssemblies\Cinemachine.dll
Symbol file LoadedFromMemory is not a mono symbol file
Symbol file data-000001C22DD6F320 doesn't match image C:\Users\dosra\Documents\CappiAstralMuseum\Cappi Astral Museum\Library\ScriptAssemblies\com.unity.cinemachine.editor.dll
Symbol file LoadedFromMemory is not a mono symbol file
Symbol file data-000001C22EAB9A50 doesn't match image C:\Users\dosra\Documents\CappiAstralMuseum\Cappi Astral Museum\Library\ScriptAssemblies\KinoBloom.Runtime.dll
Symbol file LoadedFromMemory is not a mono symbol file
Symbol file data-000001C22EAB9A50 doesn't match image C:\Users\dosra\Documents\CappiAstralMuseum\Cappi Astral Museum\Library\ScriptAssemblies\ToonyColorsPro.Demo.Editor.dll
Symbol file LoadedFromMemory is not a mono symbol file
Symbol file data-000001C22C1E6010 doesn't match image C:\Users\dosra\Documents\CappiAstralMuseum\Cappi Astral Museum\Library\ScriptAssemblies\Unity.AI.Navigation.dll
Symbol file LoadedFromMemory is not a mono symbol file
Symbol file data-000001C22C1EBE20 doesn't match image C:\Users\dosra\Documents\CappiAstralMuseum\Cappi Astral Museum\Library\ScriptAssemblies\Unity.AI.Navigation.Editor.ConversionSystem.dll
Symbol file LoadedFromMemory is not a mono symbol file
Symbol file data-000001C22C1EBE20 doesn't match image C:\Users\dosra\Documents\CappiAstralMuseum\Cappi Astral Museum\Library\ScriptAssemblies\Unity.AI.Navigation.Editor.dll
Symbol file LoadedFromMemory is not a mono symbol file
Symbol file data-000001C22C1EBE20 doesn't match image C:\Users\dosra\Documents\CappiAstralMuseum\Cappi Astral Museum\Library\ScriptAssemblies\Unity.AI.Navigation.Updater.dll
Symbol file LoadedFromMemory is not a mono symbol file
Symbol file data-000001C1C596E5E0 doesn't match image C:\Users\dosra\Documents\CappiAstralMuseum\Cappi Astral Museum\Library\ScriptAssemblies\Unity.Animation.Rigging.dll
Symbol file LoadedFromMemory is not a mono symbol file
Symbol file data-000001C22C1EBE20 doesn't match image C:\Users\dosra\Documents\CappiAstralMuseum\Cappi Astral Museum\Library\ScriptAssemblies\Unity.Animation.Rigging.DocCodeExamples.dll
Symbol file LoadedFromMemory is not a mono symbol file
Symbol file data-000001C1C596E5E0 doesn't match image C:\Users\dosra\Documents\CappiAstralMuseum\Cappi Astral Museum\Library\ScriptAssemblies\Unity.Animation.Rigging.Editor.dll
Symbol file LoadedFromMemory is not a mono symbol file
Symbol file data-000001C22C1EBE20 doesn't match image C:\Users\dosra\Documents\CappiAstralMuseum\Cappi Astral Museum\Library\ScriptAssemblies\Unity.Burst.CodeGen.dll
Symbol file LoadedFromMemory is not a mono symbol file
Symbol file data-000001C22ADB6010 doesn't match image C:\Users\dosra\Documents\CappiAstralMuseum\Cappi Astral Museum\Library\ScriptAssemblies\Unity.Burst.dll
Symbol file LoadedFromMemory is not a mono symbol file
Symbol file data-000001C22EAE1010 doesn't match image C:\Users\dosra\Documents\CappiAstralMuseum\Cappi Astral Museum\Library\ScriptAssemblies\Unity.Burst.Editor.dll
Symbol file LoadedFromMemory is not a mono symbol file
Symbol file data-000001C22BE8A830 doesn't match image C:\Users\dosra\Documents\CappiAstralMuseum\Cappi Astral Museum\Library\ScriptAssemblies\Unity.CollabProxy.Editor.dll
Symbol file LoadedFromMemory is not a mono symbol file
Symbol file data-000001C22BE8A830 doesn't match image C:\Users\dosra\Documents\CappiAstralMuseum\Cappi Astral Museum\Library\ScriptAssemblies\Unity.EditorCoroutines.Editor.dll
Symbol file LoadedFromMemory is not a mono symbol file
Symbol file data-000001C22ABCF020 doesn't match image C:\Users\dosra\Documents\CappiAstralMuseum\Cappi Astral Museum\Library\ScriptAssemblies\Unity.InputSystem.dll
Symbol file LoadedFromMemory is not a mono symbol file
Symbol file data-000001C22BE8A830 doesn't match image C:\Users\dosra\Documents\CappiAstralMuseum\Cappi Astral Museum\Library\ScriptAssemblies\Unity.InputSystem.ForUI.dll
Symbol file LoadedFromMemory is not a mono symbol file
Symbol file data-000001C22BE8A830 doesn't match image C:\Users\dosra\Documents\CappiAstralMuseum\Cappi Astral Museum\Library\ScriptAssemblies\Unity.InputSystem.TestFramework.dll
Symbol file LoadedFromMemory is not a mono symbol file
Symbol file data-000001C22E7A1020 doesn't match image C:\Users\dosra\Documents\CappiAstralMuseum\Cappi Astral Museum\Library\ScriptAssemblies\Unity.Mathematics.dll
Symbol file LoadedFromMemory is not a mono symbol file
Symbol file data-000001C22BE8A830 doesn't match image C:\Users\dosra\Documents\CappiAstralMuseum\Cappi Astral Museum\Library\ScriptAssemblies\Unity.Mathematics.Editor.dll
Symbol file LoadedFromMemory is not a mono symbol file
Symbol file data-000001C22D6F2E00 doesn't match image C:\Users\dosra\Documents\CappiAstralMuseum\Cappi Astral Museum\Library\ScriptAssemblies\Unity.Performance.Profile-Analyzer.Editor.dll
Symbol file LoadedFromMemory is not a mono symbol file
Symbol file data-000001C23799D030 doesn't match image C:\Users\dosra\Documents\CappiAstralMuseum\Cappi Astral Museum\Library\ScriptAssemblies\Unity.PlasticSCM.Editor.dll
Symbol file LoadedFromMemory is not a mono symbol file
Symbol file data-000001C2390AF190 doesn't match image C:\Users\dosra\Documents\CappiAstralMuseum\Cappi Astral Museum\Library\ScriptAssemblies\Unity.Postprocessing.Editor.dll
Symbol file LoadedFromMemory is not a mono symbol file
Symbol file data-000001C23AD811F0 doesn't match image C:\Users\dosra\Documents\CappiAstralMuseum\Cappi Astral Museum\Library\ScriptAssemblies\Unity.Postprocessing.Runtime.dll
Symbol file LoadedFromMemory is not a mono symbol file
Symbol file data-000001C2390AF190 doesn't match image C:\Users\dosra\Documents\CappiAstralMuseum\Cappi Astral Museum\Library\ScriptAssemblies\Unity.Rider.Editor.dll
Symbol file LoadedFromMemory is not a mono symbol file
Symbol file data-000001C237859700 doesn't match image C:\Users\dosra\Documents\CappiAstralMuseum\Cappi Astral Museum\Library\ScriptAssemblies\Unity.Settings.Editor.dll
Symbol file LoadedFromMemory is not a mono symbol file
Symbol file data-000001C22CAE7040 doesn't match image C:\Users\dosra\Documents\CappiAstralMuseum\Cappi Astral Museum\Library\ScriptAssemblies\Unity.Splines.dll
Symbol file LoadedFromMemory is not a mono symbol file
Symbol file data-000001C22EAE1010 doesn't match image C:\Users\dosra\Documents\CappiAstralMuseum\Cappi Astral Museum\Library\ScriptAssemblies\Unity.Splines.Editor.dll
Symbol file LoadedFromMemory is not a mono symbol file
Symbol file data-000001C237859700 doesn't match image C:\Users\dosra\Documents\CappiAstralMuseum\Cappi Astral Museum\Library\ScriptAssemblies\Unity.TestTools.CodeCoverage.Editor.dll
Symbol file LoadedFromMemory is not a mono symbol file
Symbol file data-000001C2379D2440 doesn't match image C:\Users\dosra\Documents\CappiAstralMuseum\Cappi Astral Museum\Library\ScriptAssemblies\Unity.TestTools.CodeCoverage.Editor.OpenCover.Model.dll
Symbol file LoadedFromMemory is not a mono symbol file
Symbol file data-000001C2390B95A0 doesn't match image C:\Users\dosra\Documents\CappiAstralMuseum\Cappi Astral Museum\Library\ScriptAssemblies\Unity.TestTools.CodeCoverage.Editor.OpenCover.Mono.Reflection.dll
Symbol file LoadedFromMemory is not a mono symbol file
Symbol file data-000001C22ADB6010 doesn't match image C:\Users\dosra\Documents\CappiAstralMuseum\Cappi Astral Museum\Library\ScriptAssemblies\Unity.TextMeshPro.dll
Symbol file LoadedFromMemory is not a mono symbol file
Symbol file data-000001C22D15B830 doesn't match image C:\Users\dosra\Documents\CappiAstralMuseum\Cappi Astral Museum\Library\ScriptAssemblies\Unity.TextMeshPro.Editor.dll
Symbol file LoadedFromMemory is not a mono symbol file
Symbol file data-000001C22CAE7040 doesn't match image C:\Users\dosra\Documents\CappiAstralMuseum\Cappi Astral Museum\Library\ScriptAssemblies\Unity.Timeline.dll
Symbol file LoadedFromMemory is not a mono symbol file
Symbol file data-000001C22B516010 doesn't match image C:\Users\dosra\Documents\CappiAstralMuseum\Cappi Astral Museum\Library\ScriptAssemblies\Unity.Timeline.Editor.dll
Symbol file LoadedFromMemory is not a mono symbol file
Symbol file data-000001C23780E010 doesn't match image C:\Users\dosra\Documents\CappiAstralMuseum\Cappi Astral Museum\Library\ScriptAssemblies\Unity.VisualScripting.Core.dll
Symbol file LoadedFromMemory is not a mono symbol file
Symbol file data-000001C22CF3E010 doesn't match image C:\Users\dosra\Documents\CappiAstralMuseum\Cappi Astral Museum\Library\ScriptAssemblies\Unity.VisualScripting.Core.Editor.dll
Symbol file LoadedFromMemory is not a mono symbol file
Symbol file data-000001C22ADB6010 doesn't match image C:\Users\dosra\Documents\CappiAstralMuseum\Cappi Astral Museum\Library\ScriptAssemblies\Unity.VisualScripting.Flow.dll
Symbol file LoadedFromMemory is not a mono symbol file
Symbol file data-000001C22C089010 doesn't match image C:\Users\dosra\Documents\CappiAstralMuseum\Cappi Astral Museum\Library\ScriptAssemblies\Unity.VisualScripting.Flow.Editor.dll
Symbol file LoadedFromMemory is not a mono symbol file
Symbol file data-000001C2390B95A0 doesn't match image C:\Users\dosra\Documents\CappiAstralMuseum\Cappi Astral Museum\Library\ScriptAssemblies\Unity.VisualScripting.SettingsProvider.Editor.dll
Symbol file LoadedFromMemory is not a mono symbol file
Symbol file data-000001C2390B95A0 doesn't match image C:\Users\dosra\Documents\CappiAstralMuseum\Cappi Astral Museum\Library\ScriptAssemblies\Unity.VisualScripting.Shared.Editor.dll
Symbol file LoadedFromMemory is not a mono symbol file
Symbol file data-000001C23AD811F0 doesn't match image C:\Users\dosra\Documents\CappiAstralMuseum\Cappi Astral Museum\Library\ScriptAssemblies\Unity.VisualScripting.State.dll
Symbol file LoadedFromMemory is not a mono symbol file
Symbol file data-000001C23AD811F0 doesn't match image C:\Users\dosra\Documents\CappiAstralMuseum\Cappi Astral Museum\Library\ScriptAssemblies\Unity.VisualScripting.State.Editor.dll
Symbol file LoadedFromMemory is not a mono symbol file
Symbol file data-000001C23AD811F0 doesn't match image C:\Users\dosra\Documents\CappiAstralMuseum\Cappi Astral Museum\Library\ScriptAssemblies\Unity.VisualStudio.Editor.dll
Symbol file LoadedFromMemory is not a mono symbol file
Symbol file data-000001C22C089010 doesn't match image C:\Users\dosra\Documents\CappiAstralMuseum\Cappi Astral Museum\Library\ScriptAssemblies\UnityEditor.TestRunner.dll
Symbol file LoadedFromMemory is not a mono symbol file
Symbol file data-000001C23AD811F0 doesn't match image C:\Users\dosra\Documents\CappiAstralMuseum\Cappi Astral Museum\Library\ScriptAssemblies\UnityEditor.UI.dll
Symbol file LoadedFromMemory is not a mono symbol file
Symbol file data-000001C22CAE7040 doesn't match image C:\Users\dosra\Documents\CappiAstralMuseum\Cappi Astral Museum\Library\ScriptAssemblies\UnityEngine.TestRunner.dll
Symbol file LoadedFromMemory is not a mono symbol file
Symbol file data-000001C22F080020 doesn't match image C:\Users\dosra\Documents\CappiAstralMuseum\Cappi Astral Museum\Library\ScriptAssemblies\UnityEngine.UI.dll
Symbol file LoadedFromMemory is not a mono symbol file
Symbol file LoadedFromMemory doesn't match image C:\Users\dosra\Documents\CappiAstralMuseum\Cappi Astral Museum\Library\PackageCache\com.unity.visualscripting@1.8.0\Editor\VisualScripting.Core\Dependencies\YamlDotNet\Unity.VisualScripting.YamlDotNet.dll
Symbol file LoadedFromMemory doesn't match image C:\Users\dosra\Documents\CappiAstralMuseum\Cappi Astral Museum\Library\PackageCache\com.unity.visualscripting@1.8.0\Editor\VisualScripting.Core\Dependencies\DotNetZip\Unity.VisualScripting.IonicZip.dll
Symbol file LoadedFromMemory is not a mono symbol file
- Loaded All Assemblies, in  0.717 seconds
Refreshing native plugins compatible for Editor in 0.92 ms, found 3 plugins.
Native extension for WindowsStandalone target not found
[MODES] ModeService[none].Initialize
[MODES] ModeService[none].LoadModes
[MODES] Loading mode Default (0) for mode-current-id-Cappi Astral Museum
Mono: successfully reloaded assembly
- Finished resetting the current domain, in  0.747 seconds
Domain Reload Profiling: 1460ms
	BeginReloadAssembly (205ms)
		ExecutionOrderSort (0ms)
		DisableScriptedObjects (6ms)
		BackupInstance (0ms)
		ReleaseScriptingObjects (0ms)
		CreateAndSetChildDomain (43ms)
	RebuildCommonClasses (38ms)
	RebuildNativeTypeToScriptingClass (15ms)
	initialDomainReloadingComplete (33ms)
	LoadAllAssembliesAndSetupDomain (421ms)
		LoadAssemblies (366ms)
		RebuildTransferFunctionScriptingTraits (0ms)
		AnalyzeDomain (170ms)
			TypeCache.Refresh (7ms)
				TypeCache.ScanAssembly (0ms)
			BuildScriptInfoCaches (154ms)
			ResolveRequiredComponents (7ms)
	FinalizeReload (747ms)
		ReleaseScriptCaches (0ms)
		RebuildScriptCaches (0ms)
		SetupLoadedEditorAssemblies (532ms)
			LogAssemblyErrors (0ms)
			InitializePlatformSupportModulesInManaged (2ms)
			SetLoadedEditorAssemblies (5ms)
			BeforeProcessingInitializeOnLoad (67ms)
			ProcessInitializeOnLoadAttributes (425ms)
			ProcessInitializeOnLoadMethodAttributes (25ms)
			AfterProcessingInitializeOnLoad (8ms)
			EditorAssembliesLoaded (0ms)
		ExecutionOrderSort2 (0ms)
		AwakeInstancesAfterBackupRestoration (7ms)
Refreshing native plugins compatible for Editor in 1.39 ms, found 3 plugins.
Preloading 0 native plugins for Editor in 0.00 ms.
Unloading 14 Unused Serialized files (Serialized files now loaded: 0)
Unloading 4491 unused Assets / (2.5 MB). Loaded Objects now: 5121.
Memory consumption went from 217.3 MB to 214.8 MB.
Total: 7.603500 ms (FindLiveObjects: 0.549400 ms CreateObjectMapping: 0.718600 ms MarkObjects: 4.502800 ms  DeleteObjects: 1.831600 ms)

Prepare: number of updated asset objects reloaded= 0
========================================================================
Received Prepare
Begin MonoManager ReloadAssembly
C:\build\output\Unity-Technologies\mono\mono\metadata\icall.c:1842:
C:\build\output\Unity-Technologies\mono\mono\metadata\icall.c:1842:
C:\build\output\Unity-Technologies\mono\mono\metadata\icall.c:1842:
C:\build\output\Unity-Technologies\mono\mono\metadata\icall.c:1842:
C:\build\output\Unity-Technologies\mono\mono\metadata\icall.c:1842:
C:\build\output\Unity-Technologies\mono\mono\metadata\icall.c:1842:
C:\build\output\Unity-Technologies\mono\mono\metadata\icall.c:1842:
C:\build\output\Unity-Technologies\mono\mono\metadata\icall.c:1842:
C:\build\output\Unity-Technologies\mono\mono\metadata\icall.c:1842:
C:\build\output\Unity-Technologies\mono\mono\metadata\icall.c:1842:
C:\build\output\Unity-Technologies\mono\mono\metadata\icall.c:1842:
C:\build\output\Unity-Technologies\mono\mono\metadata\icall.c:1842:
Symbol file data-000001C1C594E5B0 doesn't match image C:\Users\dosra\Documents\CappiAstralMuseum\Cappi Astral Museum\Library\ScriptAssemblies\Assembly-CSharp.dll
Symbol file LoadedFromMemory is not a mono symbol file
Symbol file data-000001C237DF0040 doesn't match image C:\Users\dosra\Documents\CappiAstralMuseum\Cappi Astral Museum\Library\ScriptAssemblies\CFXR.WelcomeScreen.dll
Symbol file LoadedFromMemory is not a mono symbol file
Symbol file data-000001C237DF0040 doesn't match image C:\Users\dosra\Documents\CappiAstralMuseum\Cappi Astral Museum\Library\ScriptAssemblies\CFXRDemo.dll
Symbol file LoadedFromMemory is not a mono symbol file
Symbol file data-000001C2295C2A50 doesn't match image C:\Users\dosra\Documents\CappiAstralMuseum\Cappi Astral Museum\Library\ScriptAssemblies\CFXREditor.dll
Symbol file LoadedFromMemory is not a mono symbol file
Symbol file data-000001C22B558020 doesn't match image C:\Users\dosra\Documents\CappiAstralMuseum\Cappi Astral Museum\Library\ScriptAssemblies\CFXRRuntime.dll
Symbol file LoadedFromMemory is not a mono symbol file
Symbol file data-000001C23B205040 doesn't match image C:\Users\dosra\Documents\CappiAstralMuseum\Cappi Astral Museum\Library\ScriptAssemblies\Cinemachine.dll
Symbol file LoadedFromMemory is not a mono symbol file
Symbol file data-000001C229A7F010 doesn't match image C:\Users\dosra\Documents\CappiAstralMuseum\Cappi Astral Museum\Library\ScriptAssemblies\com.unity.cinemachine.editor.dll
Symbol file LoadedFromMemory is not a mono symbol file
Symbol file data-000001C22B558020 doesn't match image C:\Users\dosra\Documents\CappiAstralMuseum\Cappi Astral Museum\Library\ScriptAssemblies\KinoBloom.Runtime.dll
Symbol file LoadedFromMemory is not a mono symbol file
Symbol file data-000001C22B558020 doesn't match image C:\Users\dosra\Documents\CappiAstralMuseum\Cappi Astral Museum\Library\ScriptAssemblies\ToonyColorsPro.Demo.Editor.dll
Symbol file LoadedFromMemory is not a mono symbol file
Symbol file data-000001C2387F1020 doesn't match image C:\Users\dosra\Documents\CappiAstralMuseum\Cappi Astral Museum\Library\ScriptAssemblies\Unity.AI.Navigation.dll
Symbol file LoadedFromMemory is not a mono symbol file
Symbol file data-000001C229466420 doesn't match image C:\Users\dosra\Documents\CappiAstralMuseum\Cappi Astral Museum\Library\ScriptAssemblies\Unity.AI.Navigation.Editor.ConversionSystem.dll
Symbol file LoadedFromMemory is not a mono symbol file
Symbol file data-000001C229466420 doesn't match image C:\Users\dosra\Documents\CappiAstralMuseum\Cappi Astral Museum\Library\ScriptAssemblies\Unity.AI.Navigation.Editor.dll
Symbol file LoadedFromMemory is not a mono symbol file
Symbol file data-000001C27D81B8A0 doesn't match image C:\Users\dosra\Documents\CappiAstralMuseum\Cappi Astral Museum\Library\ScriptAssemblies\Unity.AI.Navigation.Updater.dll
Symbol file LoadedFromMemory is not a mono symbol file
Symbol file data-000001C238465010 doesn't match image C:\Users\dosra\Documents\CappiAstralMuseum\Cappi Astral Museum\Library\ScriptAssemblies\Unity.Animation.Rigging.dll
Symbol file LoadedFromMemory is not a mono symbol file
Symbol file data-000001C22946B630 doesn't match image C:\Users\dosra\Documents\CappiAstralMuseum\Cappi Astral Museum\Library\ScriptAssemblies\Unity.Animation.Rigging.DocCodeExamples.dll
Symbol file LoadedFromMemory is not a mono symbol file
Symbol file data-000001C1C594E5B0 doesn't match image C:\Users\dosra\Documents\CappiAstralMuseum\Cappi Astral Museum\Library\ScriptAssemblies\Unity.Animation.Rigging.Editor.dll
Symbol file LoadedFromMemory is not a mono symbol file
Symbol file data-000001C27D81B8A0 doesn't match image C:\Users\dosra\Documents\CappiAstralMuseum\Cappi Astral Museum\Library\ScriptAssemblies\Unity.Burst.CodeGen.dll
Symbol file LoadedFromMemory is not a mono symbol file
Symbol file data-000001C22C92C700 doesn't match image C:\Users\dosra\Documents\CappiAstralMuseum\Cappi Astral Museum\Library\ScriptAssemblies\Unity.Burst.dll
Symbol file LoadedFromMemory is not a mono symbol file
Symbol file data-000001C22EAE1010 doesn't match image C:\Users\dosra\Documents\CappiAstralMuseum\Cappi Astral Museum\Library\ScriptAssemblies\Unity.Burst.Editor.dll
Symbol file LoadedFromMemory is not a mono symbol file
Symbol file data-000001C22946B630 doesn't match image C:\Users\dosra\Documents\CappiAstralMuseum\Cappi Astral Museum\Library\ScriptAssemblies\Unity.CollabProxy.Editor.dll
Symbol file LoadedFromMemory is not a mono symbol file
Symbol file data-000001C22946B630 doesn't match image C:\Users\dosra\Documents\CappiAstralMuseum\Cappi Astral Museum\Library\ScriptAssemblies\Unity.EditorCoroutines.Editor.dll
Symbol file LoadedFromMemory is not a mono symbol file
Symbol file data-000001C22ABCF020 doesn't match image C:\Users\dosra\Documents\CappiAstralMuseum\Cappi Astral Museum\Library\ScriptAssemblies\Unity.InputSystem.dll
Symbol file LoadedFromMemory is not a mono symbol file
Symbol file data-000001C22BE8A830 doesn't match image C:\Users\dosra\Documents\CappiAstralMuseum\Cappi Astral Museum\Library\ScriptAssemblies\Unity.InputSystem.ForUI.dll
Symbol file LoadedFromMemory is not a mono symbol file
Symbol file data-000001C27D81B8A0 doesn't match image C:\Users\dosra\Documents\CappiAstralMuseum\Cappi Astral Museum\Library\ScriptAssemblies\Unity.InputSystem.TestFramework.dll
Symbol file LoadedFromMemory is not a mono symbol file
Symbol file data-000001C22F0E6030 doesn't match image C:\Users\dosra\Documents\CappiAstralMuseum\Cappi Astral Museum\Library\ScriptAssemblies\Unity.Mathematics.dll
Symbol file LoadedFromMemory is not a mono symbol file
Symbol file data-000001C22BE8A830 doesn't match image C:\Users\dosra\Documents\CappiAstralMuseum\Cappi Astral Museum\Library\ScriptAssemblies\Unity.Mathematics.Editor.dll
Symbol file LoadedFromMemory is not a mono symbol file
Symbol file data-000001C22D9F7010 doesn't match image C:\Users\dosra\Documents\CappiAstralMuseum\Cappi Astral Museum\Library\ScriptAssemblies\Unity.Performance.Profile-Analyzer.Editor.dll
Symbol file LoadedFromMemory is not a mono symbol file
Symbol file data-000001C2296DC020 doesn't match image C:\Users\dosra\Documents\CappiAstralMuseum\Cappi Astral Museum\Library\ScriptAssemblies\Unity.PlasticSCM.Editor.dll
Symbol file LoadedFromMemory is not a mono symbol file
Symbol file data-000001C237C5B020 doesn't match image C:\Users\dosra\Documents\CappiAstralMuseum\Cappi Astral Museum\Library\ScriptAssemblies\Unity.Postprocessing.Editor.dll
Symbol file LoadedFromMemory is not a mono symbol file
Symbol file data-000001C22AEF8020 doesn't match image C:\Users\dosra\Documents\CappiAstralMuseum\Cappi Astral Museum\Library\ScriptAssemblies\Unity.Postprocessing.Runtime.dll
Symbol file LoadedFromMemory is not a mono symbol file
Symbol file data-000001C27D81B8A0 doesn't match image C:\Users\dosra\Documents\CappiAstralMuseum\Cappi Astral Museum\Library\ScriptAssemblies\Unity.Rider.Editor.dll
Symbol file LoadedFromMemory is not a mono symbol file
Symbol file data-000001C237C5B020 doesn't match image C:\Users\dosra\Documents\CappiAstralMuseum\Cappi Astral Museum\Library\ScriptAssemblies\Unity.Settings.Editor.dll
Symbol file LoadedFromMemory is not a mono symbol file
Symbol file data-000001C22CAE7040 doesn't match image C:\Users\dosra\Documents\CappiAstralMuseum\Cappi Astral Museum\Library\ScriptAssemblies\Unity.Splines.dll
Symbol file LoadedFromMemory is not a mono symbol file
Symbol file data-000001C22EAE1010 doesn't match image C:\Users\dosra\Documents\CappiAstralMuseum\Cappi Astral Museum\Library\ScriptAssemblies\Unity.Splines.Editor.dll
Symbol file LoadedFromMemory is not a mono symbol file
Symbol file data-000001C237C5B020 doesn't match image C:\Users\dosra\Documents\CappiAstralMuseum\Cappi Astral Museum\Library\ScriptAssemblies\Unity.TestTools.CodeCoverage.Editor.dll
Symbol file LoadedFromMemory is not a mono symbol file
Symbol file data-000001C237C5B020 doesn't match image C:\Users\dosra\Documents\CappiAstralMuseum\Cappi Astral Museum\Library\ScriptAssemblies\Unity.TestTools.CodeCoverage.Editor.OpenCover.Model.dll
Symbol file LoadedFromMemory is not a mono symbol file
Symbol file data-000001C237C5B020 doesn't match image C:\Users\dosra\Documents\CappiAstralMuseum\Cappi Astral Museum\Library\ScriptAssemblies\Unity.TestTools.CodeCoverage.Editor.OpenCover.Mono.Reflection.dll
Symbol file LoadedFromMemory is not a mono symbol file
Symbol file data-000001C22A864010 doesn't match image C:\Users\dosra\Documents\CappiAstralMuseum\Cappi Astral Museum\Library\ScriptAssemblies\Unity.TextMeshPro.dll
Symbol file LoadedFromMemory is not a mono symbol file
Symbol file data-000001C22D15B830 doesn't match image C:\Users\dosra\Documents\CappiAstralMuseum\Cappi Astral Museum\Library\ScriptAssemblies\Unity.TextMeshPro.Editor.dll
Symbol file LoadedFromMemory is not a mono symbol file
Symbol file data-000001C22CAE7040 doesn't match image C:\Users\dosra\Documents\CappiAstralMuseum\Cappi Astral Museum\Library\ScriptAssemblies\Unity.Timeline.dll
Symbol file LoadedFromMemory is not a mono symbol file
Symbol file data-000001C22B15F010 doesn't match image C:\Users\dosra\Documents\CappiAstralMuseum\Cappi Astral Museum\Library\ScriptAssemblies\Unity.Timeline.Editor.dll
Symbol file LoadedFromMemory is not a mono symbol file
Symbol file data-000001C27DAD2010 doesn't match image C:\Users\dosra\Documents\CappiAstralMuseum\Cappi Astral Museum\Library\ScriptAssemblies\Unity.VisualScripting.Core.dll
Symbol file LoadedFromMemory is not a mono symbol file
Symbol file data-000001C229722020 doesn't match image C:\Users\dosra\Documents\CappiAstralMuseum\Cappi Astral Museum\Library\ScriptAssemblies\Unity.VisualScripting.Core.Editor.dll
Symbol file LoadedFromMemory is not a mono symbol file
Symbol file data-000001C22A864010 doesn't match image C:\Users\dosra\Documents\CappiAstralMuseum\Cappi Astral Museum\Library\ScriptAssemblies\Unity.VisualScripting.Flow.dll
Symbol file LoadedFromMemory is not a mono symbol file
Symbol file data-000001C22D9F7010 doesn't match image C:\Users\dosra\Documents\CappiAstralMuseum\Cappi Astral Museum\Library\ScriptAssemblies\Unity.VisualScripting.Flow.Editor.dll
Symbol file LoadedFromMemory is not a mono symbol file
Symbol file data-000001C237C5B020 doesn't match image C:\Users\dosra\Documents\CappiAstralMuseum\Cappi Astral Museum\Library\ScriptAssemblies\Unity.VisualScripting.SettingsProvider.Editor.dll
Symbol file LoadedFromMemory is not a mono symbol file
Symbol file data-000001C237C5B020 doesn't match image C:\Users\dosra\Documents\CappiAstralMuseum\Cappi Astral Museum\Library\ScriptAssemblies\Unity.VisualScripting.Shared.Editor.dll
Symbol file LoadedFromMemory is not a mono symbol file
Symbol file data-000001C22C194010 doesn't match image C:\Users\dosra\Documents\CappiAstralMuseum\Cappi Astral Museum\Library\ScriptAssemblies\Unity.VisualScripting.State.dll
Symbol file LoadedFromMemory is not a mono symbol file
Symbol file data-000001C22C194010 doesn't match image C:\Users\dosra\Documents\CappiAstralMuseum\Cappi Astral Museum\Library\ScriptAssemblies\Unity.VisualScripting.State.Editor.dll
Symbol file LoadedFromMemory is not a mono symbol file
Symbol file data-000001C22B3B1C30 doesn't match image C:\Users\dosra\Documents\CappiAstralMuseum\Cappi Astral Museum\Library\ScriptAssemblies\Unity.VisualStudio.Editor.dll
Symbol file LoadedFromMemory is not a mono symbol file
Symbol file data-000001C22D9F7010 doesn't match image C:\Users\dosra\Documents\CappiAstralMuseum\Cappi Astral Museum\Library\ScriptAssemblies\UnityEditor.TestRunner.dll
Symbol file LoadedFromMemory is not a mono symbol file
Symbol file data-000001C22C194010 doesn't match image C:\Users\dosra\Documents\CappiAstralMuseum\Cappi Astral Museum\Library\ScriptAssemblies\UnityEditor.UI.dll
Symbol file LoadedFromMemory is not a mono symbol file
Symbol file data-000001C22CAE7040 doesn't match image C:\Users\dosra\Documents\CappiAstralMuseum\Cappi Astral Museum\Library\ScriptAssemblies\UnityEngine.TestRunner.dll
Symbol file LoadedFromMemory is not a mono symbol file
Symbol file data-000001C23876C020 doesn't match image C:\Users\dosra\Documents\CappiAstralMuseum\Cappi Astral Museum\Library\ScriptAssemblies\UnityEngine.UI.dll
Symbol file LoadedFromMemory is not a mono symbol file
Symbol file LoadedFromMemory doesn't match image C:\Users\dosra\Documents\CappiAstralMuseum\Cappi Astral Museum\Library\PackageCache\com.unity.visualscripting@1.8.0\Editor\VisualScripting.Core\Dependencies\YamlDotNet\Unity.VisualScripting.YamlDotNet.dll
Symbol file LoadedFromMemory doesn't match image C:\Users\dosra\Documents\CappiAstralMuseum\Cappi Astral Museum\Library\PackageCache\com.unity.visualscripting@1.8.0\Editor\VisualScripting.Core\Dependencies\DotNetZip\Unity.VisualScripting.IonicZip.dll
Symbol file LoadedFromMemory is not a mono symbol file
- Loaded All Assemblies, in  0.708 seconds
Refreshing native plugins compatible for Editor in 0.98 ms, found 3 plugins.
Native extension for WindowsStandalone target not found
Error saving file Library/StateCache/LayerSettings/9e/9ecc5c3c162a7aba29bafa64c8b94b7c.json. Error: System.IO.IOException: Sharing violation on path C:\Users\dosra\Documents\CappiAstralMuseum\Cappi Astral Museum\Library\StateCache\LayerSettings\9e\9ecc5c3c162a7aba29bafa64c8b94b7c.json
  at System.IO.FileStream..ctor (System.String path, System.IO.FileMode mode, System.IO.FileAccess access, System.IO.FileShare share, System.Int32 bufferSize, System.Boolean anonymous, System.IO.FileOptions options) [0x0019e] in <51ee0c51c90047b488b10b1b78b365d8>:0 
  at System.IO.FileStream..ctor (System.String path, System.IO.FileMode mode, System.IO.FileAccess access, System.IO.FileShare share, System.Int32 bufferSize, System.IO.FileOptions options) [0x00000] in <51ee0c51c90047b488b10b1b78b365d8>:0 
  at (wrapper remoting-invoke-with-check) System.IO.FileStream..ctor(string,System.IO.FileMode,System.IO.FileAccess,System.IO.FileShare,int,System.IO.FileOptions)
  at System.IO.StreamWriter..ctor (System.String path, System.Boolean append, System.Text.Encoding encoding, System.Int32 bufferSize) [0x00055] in <51ee0c51c90047b488b10b1b78b365d8>:0 
  at System.IO.StreamWriter..ctor (System.String path, System.Boolean append, System.Text.Encoding encoding) [0x00000] in <51ee0c51c90047b488b10b1b78b365d8>:0 
  at (wrapper remoting-invoke-with-check) System.IO.StreamWriter..ctor(string,bool,System.Text.Encoding)
  at System.IO.File.WriteAllText (System.String path, System.String contents, System.Text.Encoding encoding) [0x00034] in <51ee0c51c90047b488b10b1b78b365d8>:0 
  at UnityEditor.StateCache`1[T].SetState (UnityEngine.Hash128 key, T obj) [0x0004b] in <adf0e73faa2b4739bc17dcc108877e1a>:0 
UnityEngine.Debug:ExtractStackTraceNoAlloc (byte*,int,string)
UnityEngine.StackTraceUtility:ExtractStackTrace ()
UnityEngine.DebugLogHandler:Internal_Log (UnityEngine.LogType,UnityEngine.LogOption,string,UnityEngine.Object)
UnityEngine.DebugLogHandler:LogFormat (UnityEngine.LogType,UnityEngine.Object,string,object[])
UnityEngine.Logger:Log (UnityEngine.LogType,object)
UnityEngine.Debug:LogError (object)
UnityEditor.StateCache`1<UnityEditor.Tools/LayerSettings>:SetState (UnityEngine.Hash128,UnityEditor.Tools/LayerSettings)
UnityEditor.Tools:set_lockedLayers (int)
UnityEditor.Tools:OnEnable ()
UnityEngine.ScriptableObject:CreateScriptableObjectInstanceFromType (System.Type,bool)
UnityEngine.ScriptableObject:CreateInstance (System.Type)
UnityEngine.ScriptableObject:CreateInstance<UnityEditor.Tools> ()
UnityEditor.Tools:get_get ()
UnityEditor.Tools:get_visibleLayers ()
UnityEditor.Animations.Rigging.BoneRendererUtils:.cctor ()
System.Runtime.CompilerServices.RuntimeHelpers:RunClassConstructor (System.RuntimeTypeHandle)
UnityEditor.EditorAssemblies:ProcessInitializeOnLoadAttributes (System.Type[])

[MODES] ModeService[none].Initialize
[MODES] ModeService[none].LoadModes
[MODES] Loading mode Default (0) for mode-current-id-Cappi Astral Museum
Error saving file Library/StateCache/LayerSettings/9e/9ecc5c3c162a7aba29bafa64c8b94b7c.json. Error: System.IO.IOException: Sharing violation on path C:\Users\dosra\Documents\CappiAstralMuseum\Cappi Astral Museum\Library\StateCache\LayerSettings\9e\9ecc5c3c162a7aba29bafa64c8b94b7c.json
  at System.IO.FileStream..ctor (System.String path, System.IO.FileMode mode, System.IO.FileAccess access, System.IO.FileShare share, System.Int32 bufferSize, System.Boolean anonymous, System.IO.FileOptions options) [0x0019e] in <51ee0c51c90047b488b10b1b78b365d8>:0 
  at System.IO.FileStream..ctor (System.String path, System.IO.FileMode mode, System.IO.FileAccess access, System.IO.FileShare share, System.Int32 bufferSize, System.IO.FileOptions options) [0x00000] in <51ee0c51c90047b488b10b1b78b365d8>:0 
  at (wrapper remoting-invoke-with-check) System.IO.FileStream..ctor(string,System.IO.FileMode,System.IO.FileAccess,System.IO.FileShare,int,System.IO.FileOptions)
  at System.IO.StreamWriter..ctor (System.String path, System.Boolean append, System.Text.Encoding encoding, System.Int32 bufferSize) [0x00055] in <51ee0c51c90047b488b10b1b78b365d8>:0 
  at System.IO.StreamWriter..ctor (System.String path, System.Boolean append, System.Text.Encoding encoding) [0x00000] in <51ee0c51c90047b488b10b1b78b365d8>:0 
  at (wrapper remoting-invoke-with-check) System.IO.StreamWriter..ctor(string,bool,System.Text.Encoding)
  at System.IO.File.WriteAllText (System.String path, System.String contents, System.Text.Encoding encoding) [0x00034] in <51ee0c51c90047b488b10b1b78b365d8>:0 
  at UnityEditor.StateCache`1[T].SetState (UnityEngine.Hash128 key, T obj) [0x0004b] in <adf0e73faa2b4739bc17dcc108877e1a>:0 
UnityEngine.Debug:ExtractStackTraceNoAlloc (byte*,int,string)
UnityEngine.StackTraceUtility:ExtractStackTrace ()
UnityEngine.DebugLogHandler:Internal_Log (UnityEngine.LogType,UnityEngine.LogOption,string,UnityEngine.Object)
UnityEngine.DebugLogHandler:LogFormat (UnityEngine.LogType,UnityEngine.Object,string,object[])
UnityEngine.Logger:Log (UnityEngine.LogType,object)
UnityEngine.Debug:LogError (object)
UnityEditor.StateCache`1<UnityEditor.Tools/LayerSettings>:SetState (UnityEngine.Hash128,UnityEditor.Tools/LayerSettings)
UnityEditor.Tools:set_lockedLayers (int)
UnityEditor.Tools:OnEnable ()

Mono: successfully reloaded assembly
- Finished resetting the current domain, in  0.722 seconds
Domain Reload Profiling: 1426ms
	BeginReloadAssembly (191ms)
		ExecutionOrderSort (0ms)
		DisableScriptedObjects (6ms)
		BackupInstance (0ms)
		ReleaseScriptingObjects (0ms)
		CreateAndSetChildDomain (40ms)
	RebuildCommonClasses (43ms)
	RebuildNativeTypeToScriptingClass (15ms)
	initialDomainReloadingComplete (35ms)
	LoadAllAssembliesAndSetupDomain (420ms)
		LoadAssemblies (357ms)
		RebuildTransferFunctionScriptingTraits (0ms)
		AnalyzeDomain (166ms)
			TypeCache.Refresh (6ms)
				TypeCache.ScanAssembly (0ms)
			BuildScriptInfoCaches (149ms)
			ResolveRequiredComponents (7ms)
	FinalizeReload (722ms)
		ReleaseScriptCaches (0ms)
		RebuildScriptCaches (0ms)
		SetupLoadedEditorAssemblies (512ms)
			LogAssemblyErrors (0ms)
			InitializePlatformSupportModulesInManaged (3ms)
			SetLoadedEditorAssemblies (5ms)
			BeforeProcessingInitializeOnLoad (64ms)
			ProcessInitializeOnLoadAttributes (412ms)
			ProcessInitializeOnLoadMethodAttributes (21ms)
			AfterProcessingInitializeOnLoad (8ms)
			EditorAssembliesLoaded (0ms)
		ExecutionOrderSort2 (0ms)
		AwakeInstancesAfterBackupRestoration (10ms)
Refreshing native plugins compatible for Editor in 0.96 ms, found 3 plugins.
Preloading 0 native plugins for Editor in 0.00 ms.
Unloading 14 Unused Serialized files (Serialized files now loaded: 0)
Unloading 4491 unused Assets / (2.9 MB). Loaded Objects now: 5122.
Memory consumption went from 219.2 MB to 216.3 MB.
Total: 7.390700 ms (FindLiveObjects: 0.617000 ms CreateObjectMapping: 0.608000 ms MarkObjects: 4.295800 ms  DeleteObjects: 1.868700 ms)

Prepare: number of updated asset objects reloaded= 0
========================================================================
Received Prepare
Begin MonoManager ReloadAssembly
C:\build\output\Unity-Technologies\mono\mono\metadata\icall.c:1842:
C:\build\output\Unity-Technologies\mono\mono\metadata\icall.c:1842:
C:\build\output\Unity-Technologies\mono\mono\metadata\icall.c:1842:
C:\build\output\Unity-Technologies\mono\mono\metadata\icall.c:1842:
C:\build\output\Unity-Technologies\mono\mono\metadata\icall.c:1842:
C:\build\output\Unity-Technologies\mono\mono\metadata\icall.c:1842:
C:\build\output\Unity-Technologies\mono\mono\metadata\icall.c:1842:
C:\build\output\Unity-Technologies\mono\mono\metadata\icall.c:1842:
C:\build\output\Unity-Technologies\mono\mono\metadata\icall.c:1842:
C:\build\output\Unity-Technologies\mono\mono\metadata\icall.c:1842:
C:\build\output\Unity-Technologies\mono\mono\metadata\icall.c:1842:
C:\build\output\Unity-Technologies\mono\mono\metadata\icall.c:1842:
Symbol file data-000001C23909E6B0 doesn't match image C:\Users\dosra\Documents\CappiAstralMuseum\Cappi Astral Museum\Library\ScriptAssemblies\Assembly-CSharp.dll
Symbol file LoadedFromMemory is not a mono symbol file
Symbol file data-000001C22D70D810 doesn't match image C:\Users\dosra\Documents\CappiAstralMuseum\Cappi Astral Museum\Library\ScriptAssemblies\CFXR.WelcomeScreen.dll
Symbol file LoadedFromMemory is not a mono symbol file
Symbol file data-000001C2294C0410 doesn't match image C:\Users\dosra\Documents\CappiAstralMuseum\Cappi Astral Museum\Library\ScriptAssemblies\CFXRDemo.dll
Symbol file LoadedFromMemory is not a mono symbol file
Symbol file data-000001C2294C0410 doesn't match image C:\Users\dosra\Documents\CappiAstralMuseum\Cappi Astral Museum\Library\ScriptAssemblies\CFXREditor.dll
Symbol file LoadedFromMemory is not a mono symbol file
Symbol file data-000001C2294C0410 doesn't match image C:\Users\dosra\Documents\CappiAstralMuseum\Cappi Astral Museum\Library\ScriptAssemblies\CFXRRuntime.dll
Symbol file LoadedFromMemory is not a mono symbol file
Symbol file data-000001C22AA83020 doesn't match image C:\Users\dosra\Documents\CappiAstralMuseum\Cappi Astral Museum\Library\ScriptAssemblies\Cinemachine.dll
Symbol file LoadedFromMemory is not a mono symbol file
Symbol file data-000001C22D15B830 doesn't match image C:\Users\dosra\Documents\CappiAstralMuseum\Cappi Astral Museum\Library\ScriptAssemblies\com.unity.cinemachine.editor.dll
Symbol file LoadedFromMemory is not a mono symbol file
Symbol file data-000001C22D70D810 doesn't match image C:\Users\dosra\Documents\CappiAstralMuseum\Cappi Astral Museum\Library\ScriptAssemblies\KinoBloom.Runtime.dll
Symbol file LoadedFromMemory is not a mono symbol file
Symbol file data-000001C22D70D810 doesn't match image C:\Users\dosra\Documents\CappiAstralMuseum\Cappi Astral Museum\Library\ScriptAssemblies\ToonyColorsPro.Demo.Editor.dll
Symbol file LoadedFromMemory is not a mono symbol file
Symbol file data-000001C22CA3E680 doesn't match image C:\Users\dosra\Documents\CappiAstralMuseum\Cappi Astral Museum\Library\ScriptAssemblies\Unity.AI.Navigation.dll
Symbol file LoadedFromMemory is not a mono symbol file
Symbol file data-000001C23861A010 doesn't match image C:\Users\dosra\Documents\CappiAstralMuseum\Cappi Astral Museum\Library\ScriptAssemblies\Unity.AI.Navigation.Editor.ConversionSystem.dll
Symbol file LoadedFromMemory is not a mono symbol file
Symbol file data-000001C22C6A3DF0 doesn't match image C:\Users\dosra\Documents\CappiAstralMuseum\Cappi Astral Museum\Library\ScriptAssemblies\Unity.AI.Navigation.Editor.dll
Symbol file LoadedFromMemory is not a mono symbol file
Symbol file data-000001C2297CB010 doesn't match image C:\Users\dosra\Documents\CappiAstralMuseum\Cappi Astral Museum\Library\ScriptAssemblies\Unity.AI.Navigation.Updater.dll
Symbol file LoadedFromMemory is not a mono symbol file
Symbol file data-000001C1C59F4030 doesn't match image C:\Users\dosra\Documents\CappiAstralMuseum\Cappi Astral Museum\Library\ScriptAssemblies\Unity.Animation.Rigging.dll
Symbol file LoadedFromMemory is not a mono symbol file
Symbol file data-000001C22D70D810 doesn't match image C:\Users\dosra\Documents\CappiAstralMuseum\Cappi Astral Museum\Library\ScriptAssemblies\Unity.Animation.Rigging.DocCodeExamples.dll
Symbol file LoadedFromMemory is not a mono symbol file
Symbol file data-000001C1C594E5B0 doesn't match image C:\Users\dosra\Documents\CappiAstralMuseum\Cappi Astral Museum\Library\ScriptAssemblies\Unity.Animation.Rigging.Editor.dll
Symbol file LoadedFromMemory is not a mono symbol file
Symbol file data-000001C22C6A3DF0 doesn't match image C:\Users\dosra\Documents\CappiAstralMuseum\Cappi Astral Museum\Library\ScriptAssemblies\Unity.Burst.CodeGen.dll
Symbol file LoadedFromMemory is not a mono symbol file
Symbol file data-000001C22C92C700 doesn't match image C:\Users\dosra\Documents\CappiAstralMuseum\Cappi Astral Museum\Library\ScriptAssemblies\Unity.Burst.dll
Symbol file LoadedFromMemory is not a mono symbol file
Symbol file data-000001C27CA9F940 doesn't match image C:\Users\dosra\Documents\CappiAstralMuseum\Cappi Astral Museum\Library\ScriptAssemblies\Unity.Burst.Editor.dll
Symbol file LoadedFromMemory is not a mono symbol file
Symbol file data-000001C22D70D810 doesn't match image C:\Users\dosra\Documents\CappiAstralMuseum\Cappi Astral Museum\Library\ScriptAssemblies\Unity.CollabProxy.Editor.dll
Symbol file LoadedFromMemory is not a mono symbol file
Symbol file data-000001C22BE8A830 doesn't match image C:\Users\dosra\Documents\CappiAstralMuseum\Cappi Astral Museum\Library\ScriptAssemblies\Unity.EditorCoroutines.Editor.dll
Symbol file LoadedFromMemory is not a mono symbol file
Symbol file data-000001C22ABCF020 doesn't match image C:\Users\dosra\Documents\CappiAstralMuseum\Cappi Astral Museum\Library\ScriptAssemblies\Unity.InputSystem.dll
Symbol file LoadedFromMemory is not a mono symbol file
Symbol file data-000001C22BE8A830 doesn't match image C:\Users\dosra\Documents\CappiAstralMuseum\Cappi Astral Museum\Library\ScriptAssemblies\Unity.InputSystem.ForUI.dll
Symbol file LoadedFromMemory is not a mono symbol file
Symbol file data-000001C2297CB010 doesn't match image C:\Users\dosra\Documents\CappiAstralMuseum\Cappi Astral Museum\Library\ScriptAssemblies\Unity.InputSystem.TestFramework.dll
Symbol file LoadedFromMemory is not a mono symbol file
Symbol file data-000001C22C8C7010 doesn't match image C:\Users\dosra\Documents\CappiAstralMuseum\Cappi Astral Museum\Library\ScriptAssemblies\Unity.Mathematics.dll
Symbol file LoadedFromMemory is not a mono symbol file
Symbol file data-000001C22BE8A830 doesn't match image C:\Users\dosra\Documents\CappiAstralMuseum\Cappi Astral Museum\Library\ScriptAssemblies\Unity.Mathematics.Editor.dll
Symbol file LoadedFromMemory is not a mono symbol file
Symbol file data-000001C27F6C0A10 doesn't match image C:\Users\dosra\Documents\CappiAstralMuseum\Cappi Astral Museum\Library\ScriptAssemblies\Unity.Performance.Profile-Analyzer.Editor.dll
Symbol file LoadedFromMemory is not a mono symbol file
Symbol file data-000001C27F864020 doesn't match image C:\Users\dosra\Documents\CappiAstralMuseum\Cappi Astral Museum\Library\ScriptAssemblies\Unity.PlasticSCM.Editor.dll
Symbol file LoadedFromMemory is not a mono symbol file
Symbol file data-000001C23909E6B0 doesn't match image C:\Users\dosra\Documents\CappiAstralMuseum\Cappi Astral Museum\Library\ScriptAssemblies\Unity.Postprocessing.Editor.dll
Symbol file LoadedFromMemory is not a mono symbol file
Symbol file data-000001C229074020 doesn't match image C:\Users\dosra\Documents\CappiAstralMuseum\Cappi Astral Museum\Library\ScriptAssemblies\Unity.Postprocessing.Runtime.dll
Symbol file LoadedFromMemory is not a mono symbol file
Symbol file data-000001C27D81B8A0 doesn't match image C:\Users\dosra\Documents\CappiAstralMuseum\Cappi Astral Museum\Library\ScriptAssemblies\Unity.Rider.Editor.dll
Symbol file LoadedFromMemory is not a mono symbol file
Symbol file data-000001C2297CB010 doesn't match image C:\Users\dosra\Documents\CappiAstralMuseum\Cappi Astral Museum\Library\ScriptAssemblies\Unity.Settings.Editor.dll
Symbol file LoadedFromMemory is not a mono symbol file
Symbol file data-000001C22CAE7040 doesn't match image C:\Users\dosra\Documents\CappiAstralMuseum\Cappi Astral Museum\Library\ScriptAssemblies\Unity.Splines.dll
Symbol file LoadedFromMemory is not a mono symbol file
Symbol file data-000001C22EAE1010 doesn't match image C:\Users\dosra\Documents\CappiAstralMuseum\Cappi Astral Museum\Library\ScriptAssemblies\Unity.Splines.Editor.dll
Symbol file LoadedFromMemory is not a mono symbol file
Symbol file data-000001C237C5B020 doesn't match image C:\Users\dosra\Documents\CappiAstralMuseum\Cappi Astral Museum\Library\ScriptAssemblies\Unity.TestTools.CodeCoverage.Editor.dll
Symbol file LoadedFromMemory is not a mono symbol file
Symbol file data-000001C2297CB010 doesn't match image C:\Users\dosra\Documents\CappiAstralMuseum\Cappi Astral Museum\Library\ScriptAssemblies\Unity.TestTools.CodeCoverage.Editor.OpenCover.Model.dll
Symbol file LoadedFromMemory is not a mono symbol file
Symbol file data-000001C2297CB010 doesn't match image C:\Users\dosra\Documents\CappiAstralMuseum\Cappi Astral Museum\Library\ScriptAssemblies\Unity.TestTools.CodeCoverage.Editor.OpenCover.Mono.Reflection.dll
Symbol file LoadedFromMemory is not a mono symbol file
Symbol file data-000001C229E5C450 doesn't match image C:\Users\dosra\Documents\CappiAstralMuseum\Cappi Astral Museum\Library\ScriptAssemblies\Unity.TextMeshPro.dll
Symbol file LoadedFromMemory is not a mono symbol file
Symbol file data-000001C23AEE2020 doesn't match image C:\Users\dosra\Documents\CappiAstralMuseum\Cappi Astral Museum\Library\ScriptAssemblies\Unity.TextMeshPro.Editor.dll
Symbol file LoadedFromMemory is not a mono symbol file
Symbol file data-000001C22CAE7040 doesn't match image C:\Users\dosra\Documents\CappiAstralMuseum\Cappi Astral Museum\Library\ScriptAssemblies\Unity.Timeline.dll
Symbol file LoadedFromMemory is not a mono symbol file
Symbol file data-000001C22C8C7010 doesn't match image C:\Users\dosra\Documents\CappiAstralMuseum\Cappi Astral Museum\Library\ScriptAssemblies\Unity.Timeline.Editor.dll
Symbol file LoadedFromMemory is not a mono symbol file
Symbol file data-000001C27DAD2010 doesn't match image C:\Users\dosra\Documents\CappiAstralMuseum\Cappi Astral Museum\Library\ScriptAssemblies\Unity.VisualScripting.Core.dll
Symbol file LoadedFromMemory is not a mono symbol file
Symbol file data-000001C238AB0020 doesn't match image C:\Users\dosra\Documents\CappiAstralMuseum\Cappi Astral Museum\Library\ScriptAssemblies\Unity.VisualScripting.Core.Editor.dll
Symbol file LoadedFromMemory is not a mono symbol file
Symbol file data-000001C237D33010 doesn't match image C:\Users\dosra\Documents\CappiAstralMuseum\Cappi Astral Museum\Library\ScriptAssemblies\Unity.VisualScripting.Flow.dll
Symbol file LoadedFromMemory is not a mono symbol file
Symbol file data-000001C22B330010 doesn't match image C:\Users\dosra\Documents\CappiAstralMuseum\Cappi Astral Museum\Library\ScriptAssemblies\Unity.VisualScripting.Flow.Editor.dll
Symbol file LoadedFromMemory is not a mono symbol file
Symbol file data-000001C2297CB010 doesn't match image C:\Users\dosra\Documents\CappiAstralMuseum\Cappi Astral Museum\Library\ScriptAssemblies\Unity.VisualScripting.SettingsProvider.Editor.dll
Symbol file LoadedFromMemory is not a mono symbol file
Symbol file data-000001C2297CB010 doesn't match image C:\Users\dosra\Documents\CappiAstralMuseum\Cappi Astral Museum\Library\ScriptAssemblies\Unity.VisualScripting.Shared.Editor.dll
Symbol file LoadedFromMemory is not a mono symbol file
Symbol file data-000001C22AFE8430 doesn't match image C:\Users\dosra\Documents\CappiAstralMuseum\Cappi Astral Museum\Library\ScriptAssemblies\Unity.VisualScripting.State.dll
Symbol file LoadedFromMemory is not a mono symbol file
Symbol file data-000001C23909E6B0 doesn't match image C:\Users\dosra\Documents\CappiAstralMuseum\Cappi Astral Museum\Library\ScriptAssemblies\Unity.VisualScripting.State.Editor.dll
Symbol file LoadedFromMemory is not a mono symbol file
Symbol file data-000001C27D7D4B30 doesn't match image C:\Users\dosra\Documents\CappiAstralMuseum\Cappi Astral Museum\Library\ScriptAssemblies\Unity.VisualStudio.Editor.dll
Symbol file LoadedFromMemory is not a mono symbol file
Symbol file data-000001C22B330010 doesn't match image C:\Users\dosra\Documents\CappiAstralMuseum\Cappi Astral Museum\Library\ScriptAssemblies\UnityEditor.TestRunner.dll
Symbol file LoadedFromMemory is not a mono symbol file
Symbol file data-000001C23909E6B0 doesn't match image C:\Users\dosra\Documents\CappiAstralMuseum\Cappi Astral Museum\Library\ScriptAssemblies\UnityEditor.UI.dll
Symbol file LoadedFromMemory is not a mono symbol file
Symbol file data-000001C22CAE7040 doesn't match image C:\Users\dosra\Documents\CappiAstralMuseum\Cappi Astral Museum\Library\ScriptAssemblies\UnityEngine.TestRunner.dll
Symbol file LoadedFromMemory is not a mono symbol file
Symbol file data-000001C22C92C700 doesn't match image C:\Users\dosra\Documents\CappiAstralMuseum\Cappi Astral Museum\Library\ScriptAssemblies\UnityEngine.UI.dll
Symbol file LoadedFromMemory is not a mono symbol file
Symbol file LoadedFromMemory doesn't match image C:\Users\dosra\Documents\CappiAstralMuseum\Cappi Astral Museum\Library\PackageCache\com.unity.visualscripting@1.8.0\Editor\VisualScripting.Core\Dependencies\YamlDotNet\Unity.VisualScripting.YamlDotNet.dll
Symbol file LoadedFromMemory doesn't match image C:\Users\dosra\Documents\CappiAstralMuseum\Cappi Astral Museum\Library\PackageCache\com.unity.visualscripting@1.8.0\Editor\VisualScripting.Core\Dependencies\DotNetZip\Unity.VisualScripting.IonicZip.dll
Symbol file LoadedFromMemory is not a mono symbol file
- Loaded All Assemblies, in  0.695 seconds
Refreshing native plugins compatible for Editor in 0.94 ms, found 3 plugins.
Native extension for WindowsStandalone target not found
[MODES] ModeService[none].Initialize
[MODES] ModeService[none].LoadModes
[MODES] Loading mode Default (0) for mode-current-id-Cappi Astral Museum
Mono: successfully reloaded assembly
- Finished resetting the current domain, in  0.739 seconds
Domain Reload Profiling: 1430ms
	BeginReloadAssembly (188ms)
		ExecutionOrderSort (0ms)
		DisableScriptedObjects (6ms)
		BackupInstance (0ms)
		ReleaseScriptingObjects (0ms)
		CreateAndSetChildDomain (39ms)
	RebuildCommonClasses (39ms)
	RebuildNativeTypeToScriptingClass (17ms)
	initialDomainReloadingComplete (36ms)
	LoadAllAssembliesAndSetupDomain (412ms)
		LoadAssemblies (349ms)
		RebuildTransferFunctionScriptingTraits (0ms)
		AnalyzeDomain (165ms)
			TypeCache.Refresh (7ms)
				TypeCache.ScanAssembly (0ms)
			BuildScriptInfoCaches (148ms)
			ResolveRequiredComponents (7ms)
	FinalizeReload (739ms)
		ReleaseScriptCaches (0ms)
		RebuildScriptCaches (0ms)
		SetupLoadedEditorAssemblies (535ms)
			LogAssemblyErrors (0ms)
			InitializePlatformSupportModulesInManaged (2ms)
			SetLoadedEditorAssemblies (5ms)
			BeforeProcessingInitializeOnLoad (65ms)
			ProcessInitializeOnLoadAttributes (432ms)
			ProcessInitializeOnLoadMethodAttributes (24ms)
			AfterProcessingInitializeOnLoad (7ms)
			EditorAssembliesLoaded (0ms)
		ExecutionOrderSort2 (0ms)
		AwakeInstancesAfterBackupRestoration (7ms)
Refreshing native plugins compatible for Editor in 0.98 ms, found 3 plugins.
Preloading 0 native plugins for Editor in 0.00 ms.
Unloading 14 Unused Serialized files (Serialized files now loaded: 0)
Unloading 4491 unused Assets / (2.8 MB). Loaded Objects now: 5123.
Memory consumption went from 221.2 MB to 218.3 MB.
Total: 6.076300 ms (FindLiveObjects: 0.507400 ms CreateObjectMapping: 0.529000 ms MarkObjects: 3.540100 ms  DeleteObjects: 1.498800 ms)

Prepare: number of updated asset objects reloaded= 0
========================================================================
Received Prepare
Begin MonoManager ReloadAssembly
C:\build\output\Unity-Technologies\mono\mono\metadata\icall.c:1842:
C:\build\output\Unity-Technologies\mono\mono\metadata\icall.c:1842:
C:\build\output\Unity-Technologies\mono\mono\metadata\icall.c:1842:
C:\build\output\Unity-Technologies\mono\mono\metadata\icall.c:1842:
C:\build\output\Unity-Technologies\mono\mono\metadata\icall.c:1842:
C:\build\output\Unity-Technologies\mono\mono\metadata\icall.c:1842:
C:\build\output\Unity-Technologies\mono\mono\metadata\icall.c:1842:
C:\build\output\Unity-Technologies\mono\mono\metadata\icall.c:1842:
C:\build\output\Unity-Technologies\mono\mono\metadata\icall.c:1842:
C:\build\output\Unity-Technologies\mono\mono\metadata\icall.c:1842:
C:\build\output\Unity-Technologies\mono\mono\metadata\icall.c:1842:
C:\build\output\Unity-Technologies\mono\mono\metadata\icall.c:1842:
Symbol file data-000001C06094EF50 doesn't match image C:\Users\dosra\Documents\CappiAstralMuseum\Cappi Astral Museum\Library\ScriptAssemblies\Assembly-CSharp.dll
Symbol file LoadedFromMemory is not a mono symbol file
Symbol file data-000001C22D70D810 doesn't match image C:\Users\dosra\Documents\CappiAstralMuseum\Cappi Astral Museum\Library\ScriptAssemblies\CFXR.WelcomeScreen.dll
Symbol file LoadedFromMemory is not a mono symbol file
Symbol file data-000001C22BEE0050 doesn't match image C:\Users\dosra\Documents\CappiAstralMuseum\Cappi Astral Museum\Library\ScriptAssemblies\CFXRDemo.dll
Symbol file LoadedFromMemory is not a mono symbol file
Symbol file data-000001C27F6989F0 doesn't match image C:\Users\dosra\Documents\CappiAstralMuseum\Cappi Astral Museum\Library\ScriptAssemblies\CFXREditor.dll
Symbol file LoadedFromMemory is not a mono symbol file
Symbol file data-000001C2294C0410 doesn't match image C:\Users\dosra\Documents\CappiAstralMuseum\Cappi Astral Museum\Library\ScriptAssemblies\CFXRRuntime.dll
Symbol file LoadedFromMemory is not a mono symbol file
Symbol file data-000001C27F6C0A10 doesn't match image C:\Users\dosra\Documents\CappiAstralMuseum\Cappi Astral Museum\Library\ScriptAssemblies\Cinemachine.dll
Symbol file LoadedFromMemory is not a mono symbol file
Symbol file data-000001C23B0FFCC0 doesn't match image C:\Users\dosra\Documents\CappiAstralMuseum\Cappi Astral Museum\Library\ScriptAssemblies\com.unity.cinemachine.editor.dll
Symbol file LoadedFromMemory is not a mono symbol file
Symbol file data-000001C22D70D810 doesn't match image C:\Users\dosra\Documents\CappiAstralMuseum\Cappi Astral Museum\Library\ScriptAssemblies\KinoBloom.Runtime.dll
Symbol file LoadedFromMemory is not a mono symbol file
Symbol file data-000001C22D70D810 doesn't match image C:\Users\dosra\Documents\CappiAstralMuseum\Cappi Astral Museum\Library\ScriptAssemblies\ToonyColorsPro.Demo.Editor.dll
Symbol file LoadedFromMemory is not a mono symbol file
Symbol file data-000001C27F6989F0 doesn't match image C:\Users\dosra\Documents\CappiAstralMuseum\Cappi Astral Museum\Library\ScriptAssemblies\Unity.AI.Navigation.dll
Symbol file LoadedFromMemory is not a mono symbol file
Symbol file data-000001C27F6989F0 doesn't match image C:\Users\dosra\Documents\CappiAstralMuseum\Cappi Astral Museum\Library\ScriptAssemblies\Unity.AI.Navigation.Editor.ConversionSystem.dll
Symbol file LoadedFromMemory is not a mono symbol file
Symbol file data-000001C060A1D8D0 doesn't match image C:\Users\dosra\Documents\CappiAstralMuseum\Cappi Astral Museum\Library\ScriptAssemblies\Unity.AI.Navigation.Editor.dll
Symbol file LoadedFromMemory is not a mono symbol file
Symbol file data-000001C22BEA4010 doesn't match image C:\Users\dosra\Documents\CappiAstralMuseum\Cappi Astral Museum\Library\ScriptAssemblies\Unity.AI.Navigation.Updater.dll
Symbol file LoadedFromMemory is not a mono symbol file
Symbol file data-000001C22A928040 doesn't match image C:\Users\dosra\Documents\CappiAstralMuseum\Cappi Astral Museum\Library\ScriptAssemblies\Unity.Animation.Rigging.dll
Symbol file LoadedFromMemory is not a mono symbol file
Symbol file data-000001C22D70D810 doesn't match image C:\Users\dosra\Documents\CappiAstralMuseum\Cappi Astral Museum\Library\ScriptAssemblies\Unity.Animation.Rigging.DocCodeExamples.dll
Symbol file LoadedFromMemory is not a mono symbol file
Symbol file data-000001C22EE9D010 doesn't match image C:\Users\dosra\Documents\CappiAstralMuseum\Cappi Astral Museum\Library\ScriptAssemblies\Unity.Animation.Rigging.Editor.dll
Symbol file LoadedFromMemory is not a mono symbol file
Symbol file data-000001C22B3B7070 doesn't match image C:\Users\dosra\Documents\CappiAstralMuseum\Cappi Astral Museum\Library\ScriptAssemblies\Unity.Burst.CodeGen.dll
Symbol file LoadedFromMemory is not a mono symbol file
Symbol file data-000001C22C92C700 doesn't match image C:\Users\dosra\Documents\CappiAstralMuseum\Cappi Astral Museum\Library\ScriptAssemblies\Unity.Burst.dll
Symbol file LoadedFromMemory is not a mono symbol file
Symbol file data-000001C27CA9F940 doesn't match image C:\Users\dosra\Documents\CappiAstralMuseum\Cappi Astral Museum\Library\ScriptAssemblies\Unity.Burst.Editor.dll
Symbol file LoadedFromMemory is not a mono symbol file
Symbol file data-000001C22D70D810 doesn't match image C:\Users\dosra\Documents\CappiAstralMuseum\Cappi Astral Museum\Library\ScriptAssemblies\Unity.CollabProxy.Editor.dll
Symbol file LoadedFromMemory is not a mono symbol file
Symbol file data-000001C22BE8A830 doesn't match image C:\Users\dosra\Documents\CappiAstralMuseum\Cappi Astral Museum\Library\ScriptAssemblies\Unity.EditorCoroutines.Editor.dll
Symbol file LoadedFromMemory is not a mono symbol file
Symbol file data-000001C22ABCF020 doesn't match image C:\Users\dosra\Documents\CappiAstralMuseum\Cappi Astral Museum\Library\ScriptAssemblies\Unity.InputSystem.dll
Symbol file LoadedFromMemory is not a mono symbol file
Symbol file data-000001C22BE8A830 doesn't match image C:\Users\dosra\Documents\CappiAstralMuseum\Cappi Astral Museum\Library\ScriptAssemblies\Unity.InputSystem.ForUI.dll
Symbol file LoadedFromMemory is not a mono symbol file
Symbol file data-000001C22BEA4010 doesn't match image C:\Users\dosra\Documents\CappiAstralMuseum\Cappi Astral Museum\Library\ScriptAssemblies\Unity.InputSystem.TestFramework.dll
Symbol file LoadedFromMemory is not a mono symbol file
Symbol file data-000001C22E803020 doesn't match image C:\Users\dosra\Documents\CappiAstralMuseum\Cappi Astral Museum\Library\ScriptAssemblies\Unity.Mathematics.dll
Symbol file LoadedFromMemory is not a mono symbol file
Symbol file data-000001C22BE8A830 doesn't match image C:\Users\dosra\Documents\CappiAstralMuseum\Cappi Astral Museum\Library\ScriptAssemblies\Unity.Mathematics.Editor.dll
Symbol file LoadedFromMemory is not a mono symbol file
Symbol file data-000001C2296DC020 doesn't match image C:\Users\dosra\Documents\CappiAstralMuseum\Cappi Astral Museum\Library\ScriptAssemblies\Unity.Performance.Profile-Analyzer.Editor.dll
Symbol file LoadedFromMemory is not a mono symbol file
Symbol file data-000001C22E757030 doesn't match image C:\Users\dosra\Documents\CappiAstralMuseum\Cappi Astral Museum\Library\ScriptAssemblies\Unity.PlasticSCM.Editor.dll
Symbol file LoadedFromMemory is not a mono symbol file
Symbol file data-000001C23ACF67D0 doesn't match image C:\Users\dosra\Documents\CappiAstralMuseum\Cappi Astral Museum\Library\ScriptAssemblies\Unity.Postprocessing.Editor.dll
Symbol file LoadedFromMemory is not a mono symbol file
Symbol file data-000001C1C5882050 doesn't match image C:\Users\dosra\Documents\CappiAstralMuseum\Cappi Astral Museum\Library\ScriptAssemblies\Unity.Postprocessing.Runtime.dll
Symbol file LoadedFromMemory is not a mono symbol file
Symbol file data-000001C27D81B8A0 doesn't match image C:\Users\dosra\Documents\CappiAstralMuseum\Cappi Astral Museum\Library\ScriptAssemblies\Unity.Rider.Editor.dll
Symbol file LoadedFromMemory is not a mono symbol file
Symbol file data-000001C23861A010 doesn't match image C:\Users\dosra\Documents\CappiAstralMuseum\Cappi Astral Museum\Library\ScriptAssemblies\Unity.Settings.Editor.dll
Symbol file LoadedFromMemory is not a mono symbol file
Symbol file data-000001C22CAE7040 doesn't match image C:\Users\dosra\Documents\CappiAstralMuseum\Cappi Astral Museum\Library\ScriptAssemblies\Unity.Splines.dll
Symbol file LoadedFromMemory is not a mono symbol file
Symbol file data-000001C1C5852020 doesn't match image C:\Users\dosra\Documents\CappiAstralMuseum\Cappi Astral Museum\Library\ScriptAssemblies\Unity.Splines.Editor.dll
Symbol file LoadedFromMemory is not a mono symbol file
Symbol file data-000001C22A928040 doesn't match image C:\Users\dosra\Documents\CappiAstralMuseum\Cappi Astral Museum\Library\ScriptAssemblies\Unity.TestTools.CodeCoverage.Editor.dll
Symbol file LoadedFromMemory is not a mono symbol file
Symbol file data-000001C22BEA4010 doesn't match image C:\Users\dosra\Documents\CappiAstralMuseum\Cappi Astral Museum\Library\ScriptAssemblies\Unity.TestTools.CodeCoverage.Editor.OpenCover.Model.dll
Symbol file LoadedFromMemory is not a mono symbol file
Symbol file data-000001C22BEA4010 doesn't match image C:\Users\dosra\Documents\CappiAstralMuseum\Cappi Astral Museum\Library\ScriptAssemblies\Unity.TestTools.CodeCoverage.Editor.OpenCover.Mono.Reflection.dll
Symbol file LoadedFromMemory is not a mono symbol file
Symbol file data-000001C0603B8020 doesn't match image C:\Users\dosra\Documents\CappiAstralMuseum\Cappi Astral Museum\Library\ScriptAssemblies\Unity.TextMeshPro.dll
Symbol file LoadedFromMemory is not a mono symbol file
Symbol file data-000001C22B5E8020 doesn't match image C:\Users\dosra\Documents\CappiAstralMuseum\Cappi Astral Museum\Library\ScriptAssemblies\Unity.TextMeshPro.Editor.dll
Symbol file LoadedFromMemory is not a mono symbol file
Symbol file data-000001C22CAE7040 doesn't match image C:\Users\dosra\Documents\CappiAstralMuseum\Cappi Astral Museum\Library\ScriptAssemblies\Unity.Timeline.dll
Symbol file LoadedFromMemory is not a mono symbol file
Symbol file data-000001C22E803020 doesn't match image C:\Users\dosra\Documents\CappiAstralMuseum\Cappi Astral Museum\Library\ScriptAssemblies\Unity.Timeline.Editor.dll
Symbol file LoadedFromMemory is not a mono symbol file
Symbol file data-000001C27DAD2010 doesn't match image C:\Users\dosra\Documents\CappiAstralMuseum\Cappi Astral Museum\Library\ScriptAssemblies\Unity.VisualScripting.Core.dll
Symbol file LoadedFromMemory is not a mono symbol file
Symbol file data-000001C238AB0020 doesn't match image C:\Users\dosra\Documents\CappiAstralMuseum\Cappi Astral Museum\Library\ScriptAssemblies\Unity.VisualScripting.Core.Editor.dll
Symbol file LoadedFromMemory is not a mono symbol file
Symbol file data-000001C0603B8020 doesn't match image C:\Users\dosra\Documents\CappiAstralMuseum\Cappi Astral Museum\Library\ScriptAssemblies\Unity.VisualScripting.Flow.dll
Symbol file LoadedFromMemory is not a mono symbol file
Symbol file data-000001C2296DC020 doesn't match image C:\Users\dosra\Documents\CappiAstralMuseum\Cappi Astral Museum\Library\ScriptAssemblies\Unity.VisualScripting.Flow.Editor.dll
Symbol file LoadedFromMemory is not a mono symbol file
Symbol file data-000001C22BEA4010 doesn't match image C:\Users\dosra\Documents\CappiAstralMuseum\Cappi Astral Museum\Library\ScriptAssemblies\Unity.VisualScripting.SettingsProvider.Editor.dll
Symbol file LoadedFromMemory is not a mono symbol file
Symbol file data-000001C22BEA4010 doesn't match image C:\Users\dosra\Documents\CappiAstralMuseum\Cappi Astral Museum\Library\ScriptAssemblies\Unity.VisualScripting.Shared.Editor.dll
Symbol file LoadedFromMemory is not a mono symbol file
Symbol file data-000001C22BEA4010 doesn't match image C:\Users\dosra\Documents\CappiAstralMuseum\Cappi Astral Museum\Library\ScriptAssemblies\Unity.VisualScripting.State.dll
Symbol file LoadedFromMemory is not a mono symbol file
Symbol file data-000001C23ACF67D0 doesn't match image C:\Users\dosra\Documents\CappiAstralMuseum\Cappi Astral Museum\Library\ScriptAssemblies\Unity.VisualScripting.State.Editor.dll
Symbol file LoadedFromMemory is not a mono symbol file
Symbol file data-000001C27D7D4B30 doesn't match image C:\Users\dosra\Documents\CappiAstralMuseum\Cappi Astral Museum\Library\ScriptAssemblies\Unity.VisualStudio.Editor.dll
Symbol file LoadedFromMemory is not a mono symbol file
Symbol file data-000001C2296DC020 doesn't match image C:\Users\dosra\Documents\CappiAstralMuseum\Cappi Astral Museum\Library\ScriptAssemblies\UnityEditor.TestRunner.dll
Symbol file LoadedFromMemory is not a mono symbol file
Symbol file data-000001C23ACF67D0 doesn't match image C:\Users\dosra\Documents\CappiAstralMuseum\Cappi Astral Museum\Library\ScriptAssemblies\UnityEditor.UI.dll
Symbol file LoadedFromMemory is not a mono symbol file
Symbol file data-000001C22CAE7040 doesn't match image C:\Users\dosra\Documents\CappiAstralMuseum\Cappi Astral Museum\Library\ScriptAssemblies\UnityEngine.TestRunner.dll
Symbol file LoadedFromMemory is not a mono symbol file
Symbol file data-000001C22C7F7430 doesn't match image C:\Users\dosra\Documents\CappiAstralMuseum\Cappi Astral Museum\Library\ScriptAssemblies\UnityEngine.UI.dll
Symbol file LoadedFromMemory is not a mono symbol file
Symbol file LoadedFromMemory doesn't match image C:\Users\dosra\Documents\CappiAstralMuseum\Cappi Astral Museum\Library\PackageCache\com.unity.visualscripting@1.8.0\Editor\VisualScripting.Core\Dependencies\YamlDotNet\Unity.VisualScripting.YamlDotNet.dll
Symbol file LoadedFromMemory doesn't match image C:\Users\dosra\Documents\CappiAstralMuseum\Cappi Astral Museum\Library\PackageCache\com.unity.visualscripting@1.8.0\Editor\VisualScripting.Core\Dependencies\DotNetZip\Unity.VisualScripting.IonicZip.dll
Symbol file LoadedFromMemory is not a mono symbol file
- Loaded All Assemblies, in  0.739 seconds
Refreshing native plugins compatible for Editor in 1.07 ms, found 3 plugins.
Native extension for WindowsStandalone target not found
[MODES] ModeService[none].Initialize
[MODES] ModeService[none].LoadModes
[MODES] Loading mode Default (0) for mode-current-id-Cappi Astral Museum
Mono: successfully reloaded assembly
- Finished resetting the current domain, in  0.720 seconds
Domain Reload Profiling: 1455ms
	BeginReloadAssembly (201ms)
		ExecutionOrderSort (0ms)
		DisableScriptedObjects (9ms)
		BackupInstance (0ms)
		ReleaseScriptingObjects (0ms)
		CreateAndSetChildDomain (42ms)
	RebuildCommonClasses (43ms)
	RebuildNativeTypeToScriptingClass (15ms)
	initialDomainReloadingComplete (36ms)
	LoadAllAssembliesAndSetupDomain (440ms)
		LoadAssemblies (361ms)
		RebuildTransferFunctionScriptingTraits (0ms)
		AnalyzeDomain (180ms)
			TypeCache.Refresh (6ms)
				TypeCache.ScanAssembly (0ms)
			BuildScriptInfoCaches (165ms)
			ResolveRequiredComponents (7ms)
	FinalizeReload (720ms)
		ReleaseScriptCaches (0ms)
		RebuildScriptCaches (0ms)
		SetupLoadedEditorAssemblies (520ms)
			LogAssemblyErrors (0ms)
			InitializePlatformSupportModulesInManaged (2ms)
			SetLoadedEditorAssemblies (5ms)
			BeforeProcessingInitializeOnLoad (67ms)
			ProcessInitializeOnLoadAttributes (415ms)
			ProcessInitializeOnLoadMethodAttributes (22ms)
			AfterProcessingInitializeOnLoad (9ms)
			EditorAssembliesLoaded (0ms)
		ExecutionOrderSort2 (0ms)
		AwakeInstancesAfterBackupRestoration (7ms)
Refreshing native plugins compatible for Editor in 1.35 ms, found 3 plugins.
Preloading 0 native plugins for Editor in 0.00 ms.
Unloading 14 Unused Serialized files (Serialized files now loaded: 0)
Unloading 4491 unused Assets / (2.9 MB). Loaded Objects now: 5124.
Memory consumption went from 223.1 MB to 220.2 MB.
Total: 7.637800 ms (FindLiveObjects: 0.608800 ms CreateObjectMapping: 0.746300 ms MarkObjects: 4.244800 ms  DeleteObjects: 2.036900 ms)

Prepare: number of updated asset objects reloaded= 0
