Using pre-set license
Built from '2023.2/release' branch; Version is '2023.2.4f1 (3a7eb0602d92) revision 3833520'; Using compiler version '193431935'; Build Type 'Release'
OS: 'Windows 10  (10.0.19045) 64bit Core' Language: 'en' Physical Memory: 16253 MB
BatchMode: 1, IsHumanControllingUs: 0, StartBugReporterOnCrash: 0, Is64bit: 1, IsPro: 1

COMMAND LINE ARGUMENTS:
C:\Program Files\Unity\Hub\Editor\2023.2.4f1\Editor\Unity.exe
-adb2
-batchMode
-noUpm
-name
AssetImportWorker7
-projectPath
C:/Users/dosra/Documents/CappiAstralMuseum/Cappi Astral Museum
-logFile
Logs/AssetImportWorker7.log
-srvPort
62408
-job-worker-count
5
-background-job-worker-count
8
-asset-garbage-collectors
1
Successfully changed project path to: C:/Users/dosra/Documents/CappiAstralMuseum/Cappi Astral Museum
C:/Users/dosra/Documents/CappiAstralMuseum/Cappi Astral Museum
[UnityMemory] Configuration Parameters - Can be set up in boot.config
    "memorysetup-bucket-allocator-granularity=16"
    "memorysetup-bucket-allocator-bucket-count=8"
    "memorysetup-bucket-allocator-block-size=33554432"
    "memorysetup-bucket-allocator-block-count=8"
    "memorysetup-main-allocator-block-size=16777216"
    "memorysetup-thread-allocator-block-size=16777216"
    "memorysetup-gfx-main-allocator-block-size=16777216"
    "memorysetup-gfx-thread-allocator-block-size=16777216"
    "memorysetup-cache-allocator-block-size=4194304"
    "memorysetup-typetree-allocator-block-size=2097152"
    "memorysetup-profiler-bucket-allocator-granularity=16"
    "memorysetup-profiler-bucket-allocator-bucket-count=8"
    "memorysetup-profiler-bucket-allocator-block-size=33554432"
    "memorysetup-profiler-bucket-allocator-block-count=8"
    "memorysetup-profiler-allocator-block-size=16777216"
    "memorysetup-profiler-editor-allocator-block-size=1048576"
    "memorysetup-temp-allocator-size-main=16777216"
    "memorysetup-job-temp-allocator-block-size=2097152"
    "memorysetup-job-temp-allocator-block-size-background=1048576"
    "memorysetup-job-temp-allocator-reduction-small-platforms=262144"
    "memorysetup-allocator-temp-initial-block-size-main=262144"
    "memorysetup-allocator-temp-initial-block-size-worker=262144"
    "memorysetup-temp-allocator-size-background-worker=32768"
    "memorysetup-temp-allocator-size-job-worker=262144"
    "memorysetup-temp-allocator-size-preload-manager=33554432"
    "memorysetup-temp-allocator-size-nav-mesh-worker=65536"
    "memorysetup-temp-allocator-size-audio-worker=65536"
    "memorysetup-temp-allocator-size-cloud-worker=32768"
    "memorysetup-temp-allocator-size-gi-baking-worker=262144"
    "memorysetup-temp-allocator-size-gi-baking-worker=262144"
    "memorysetup-temp-allocator-size-gi-baking-worker=262144"
    "memorysetup-temp-allocator-size-gi-baking-worker=262144"
    "memorysetup-temp-allocator-size-gfx=262144"
Player connection [11564] Host "[IP] 10.0.0.241 [Port] 0 [Flags] 2 [Guid] 1382353442 [EditorId] 1382353442 [Version] 1048832 [Id] WindowsEditor(7,DESKTOP-7VA17B2) [Debug] 1 [PackageName] WindowsEditor [ProjectName] Editor" joined multi-casting on [225.0.0.222:54997]...
Player connection [11564] Host "[IP] 10.0.0.241 [Port] 0 [Flags] 2 [Guid] 1382353442 [EditorId] 1382353442 [Version] 1048832 [Id] WindowsEditor(7,DESKTOP-7VA17B2) [Debug] 1 [PackageName] WindowsEditor [ProjectName] Editor" joined alternative multi-casting on [225.0.0.222:34997]...
JobSystem: Creating JobQueue using job-worker-count value 5
[Physics::Module] Initialized MultithreadedJobDispatcher with 5 workers.
Library Redirect Path: Library/
Refreshing native plugins compatible for Editor in 1.41 ms, found 3 plugins.
Preloading 0 native plugins for Editor in 0.00 ms.
Initialize engine version: 2023.2.4f1 (3a7eb0602d92)
[Subsystems] Discovering subsystems at path C:/Program Files/Unity/Hub/Editor/2023.2.4f1/Editor/Data/Resources/UnitySubsystems
[Subsystems] Discovering subsystems at path C:/Users/dosra/Documents/CappiAstralMuseum/Cappi Astral Museum/Assets
GfxDevice: creating device client; kGfxThreadingModeNonThreaded
Direct3D:
    Version:  Direct3D 11.0 [level 11.1]
    Renderer: NVIDIA GeForce RTX 3060 Ti (ID=0x2486)
    Vendor:   NVIDIA
    VRAM:     8024 MB
    Driver:   32.0.15.8097
Initialize mono
Mono path[0] = 'C:/Program Files/Unity/Hub/Editor/2023.2.4f1/Editor/Data/Managed'
Mono path[1] = 'C:/Program Files/Unity/Hub/Editor/2023.2.4f1/Editor/Data/MonoBleedingEdge/lib/mono/unityjit-win32'
Mono config path = 'C:/Program Files/Unity/Hub/Editor/2023.2.4f1/Editor/Data/MonoBleedingEdge/etc'
Using monoOptions --debugger-agent=transport=dt_socket,embedding=1,server=y,suspend=n,address=127.0.0.1:56272
Begin MonoManager ReloadAssembly
C:\build\output\Unity-Technologies\mono\mono\metadata\icall.c:1842:
C:\build\output\Unity-Technologies\mono\mono\metadata\icall.c:1842:
C:\build\output\Unity-Technologies\mono\mono\metadata\icall.c:1842:
C:\build\output\Unity-Technologies\mono\mono\metadata\icall.c:1842:
C:\build\output\Unity-Technologies\mono\mono\metadata\icall.c:1842:
C:\build\output\Unity-Technologies\mono\mono\metadata\icall.c:1842:
C:\build\output\Unity-Technologies\mono\mono\metadata\icall.c:1842:
C:\build\output\Unity-Technologies\mono\mono\metadata\icall.c:1842:
C:\build\output\Unity-Technologies\mono\mono\metadata\icall.c:1842:
C:\build\output\Unity-Technologies\mono\mono\metadata\icall.c:1842:
Registering precompiled unity dll's ...
Register platform support module: C:/Program Files/Unity/Hub/Editor/2023.2.4f1/Editor/Data/PlaybackEngines/WindowsStandaloneSupport/UnityEditor.WindowsStandalone.Extensions.dll
Registered in 0.003553 seconds.
- Loaded All Assemblies, in  0.438 seconds
Native extension for WindowsStandalone target not found
Mono: successfully reloaded assembly
C:\build\output\Unity-Technologies\mono\mono\metadata\icall.c:1842:
C:\build\output\Unity-Technologies\mono\mono\metadata\icall.c:1842:
- Finished resetting the current domain, in  0.308 seconds
Domain Reload Profiling: 743ms
	BeginReloadAssembly (149ms)
		ExecutionOrderSort (0ms)
		DisableScriptedObjects (0ms)
		BackupInstance (0ms)
		ReleaseScriptingObjects (0ms)
		CreateAndSetChildDomain (1ms)
	RebuildCommonClasses (38ms)
	RebuildNativeTypeToScriptingClass (14ms)
	initialDomainReloadingComplete (57ms)
	LoadAllAssembliesAndSetupDomain (176ms)
		LoadAssemblies (145ms)
		RebuildTransferFunctionScriptingTraits (0ms)
		AnalyzeDomain (174ms)
			TypeCache.Refresh (172ms)
				TypeCache.ScanAssembly (156ms)
			BuildScriptInfoCaches (0ms)
			ResolveRequiredComponents (1ms)
	FinalizeReload (308ms)
		ReleaseScriptCaches (0ms)
		RebuildScriptCaches (0ms)
		SetupLoadedEditorAssemblies (255ms)
			LogAssemblyErrors (0ms)
			InitializePlatformSupportModulesInManaged (9ms)
			SetLoadedEditorAssemblies (5ms)
			BeforeProcessingInitializeOnLoad (6ms)
			ProcessInitializeOnLoadAttributes (187ms)
			ProcessInitializeOnLoadMethodAttributes (48ms)
			AfterProcessingInitializeOnLoad (0ms)
			EditorAssembliesLoaded (0ms)
		ExecutionOrderSort2 (0ms)
		AwakeInstancesAfterBackupRestoration (0ms)
========================================================================
Worker process is ready to serve import requests
Import Worker Mode flag is 0x00
Begin MonoManager ReloadAssembly
C:\build\output\Unity-Technologies\mono\mono\metadata\icall.c:1842:
C:\build\output\Unity-Technologies\mono\mono\metadata\icall.c:1842:
C:\build\output\Unity-Technologies\mono\mono\metadata\icall.c:1842:
C:\build\output\Unity-Technologies\mono\mono\metadata\icall.c:1842:
C:\build\output\Unity-Technologies\mono\mono\metadata\icall.c:1842:
C:\build\output\Unity-Technologies\mono\mono\metadata\icall.c:1842:
C:\build\output\Unity-Technologies\mono\mono\metadata\icall.c:1842:
C:\build\output\Unity-Technologies\mono\mono\metadata\icall.c:1842:
C:\build\output\Unity-Technologies\mono\mono\metadata\icall.c:1842:
C:\build\output\Unity-Technologies\mono\mono\metadata\icall.c:1842:
C:\build\output\Unity-Technologies\mono\mono\metadata\icall.c:1842:
C:\build\output\Unity-Technologies\mono\mono\metadata\icall.c:1842:
Symbol file data-0000021623FB8A60 doesn't match image C:\Users\dosra\Documents\CappiAstralMuseum\Cappi Astral Museum\Library\ScriptAssemblies\Assembly-CSharp.dll
Symbol file LoadedFromMemory is not a mono symbol file
Symbol file data-0000021623FB8A60 doesn't match image C:\Users\dosra\Documents\CappiAstralMuseum\Cappi Astral Museum\Library\ScriptAssemblies\CFXR.WelcomeScreen.dll
Symbol file LoadedFromMemory is not a mono symbol file
Symbol file data-0000021623FB8A60 doesn't match image C:\Users\dosra\Documents\CappiAstralMuseum\Cappi Astral Museum\Library\ScriptAssemblies\CFXRDemo.dll
Symbol file LoadedFromMemory is not a mono symbol file
Symbol file data-0000021623FC0C70 doesn't match image C:\Users\dosra\Documents\CappiAstralMuseum\Cappi Astral Museum\Library\ScriptAssemblies\CFXREditor.dll
Symbol file LoadedFromMemory is not a mono symbol file
Symbol file data-0000021621A35010 doesn't match image C:\Users\dosra\Documents\CappiAstralMuseum\Cappi Astral Museum\Library\ScriptAssemblies\CFXRRuntime.dll
Symbol file LoadedFromMemory is not a mono symbol file
Symbol file data-0000021621A35010 doesn't match image C:\Users\dosra\Documents\CappiAstralMuseum\Cappi Astral Museum\Library\ScriptAssemblies\Cinemachine.dll
Symbol file LoadedFromMemory is not a mono symbol file
Symbol file data-000002162092E000 doesn't match image C:\Users\dosra\Documents\CappiAstralMuseum\Cappi Astral Museum\Library\ScriptAssemblies\com.unity.cinemachine.editor.dll
Symbol file LoadedFromMemory is not a mono symbol file
Symbol file data-00000216222C5230 doesn't match image C:\Users\dosra\Documents\CappiAstralMuseum\Cappi Astral Museum\Library\ScriptAssemblies\KinoBloom.Runtime.dll
Symbol file LoadedFromMemory is not a mono symbol file
Symbol file data-00000216222C5230 doesn't match image C:\Users\dosra\Documents\CappiAstralMuseum\Cappi Astral Museum\Library\ScriptAssemblies\ToonyColorsPro.Demo.Editor.dll
Symbol file LoadedFromMemory is not a mono symbol file
Symbol file data-000002162092E000 doesn't match image C:\Users\dosra\Documents\CappiAstralMuseum\Cappi Astral Museum\Library\ScriptAssemblies\Unity.AI.Navigation.dll
Symbol file LoadedFromMemory is not a mono symbol file
Symbol file data-000002162092E000 doesn't match image C:\Users\dosra\Documents\CappiAstralMuseum\Cappi Astral Museum\Library\ScriptAssemblies\Unity.AI.Navigation.Editor.ConversionSystem.dll
Symbol file LoadedFromMemory is not a mono symbol file
Symbol file data-000002162093EC10 doesn't match image C:\Users\dosra\Documents\CappiAstralMuseum\Cappi Astral Museum\Library\ScriptAssemblies\Unity.AI.Navigation.Editor.dll
Symbol file LoadedFromMemory is not a mono symbol file
Symbol file data-000002162093EC10 doesn't match image C:\Users\dosra\Documents\CappiAstralMuseum\Cappi Astral Museum\Library\ScriptAssemblies\Unity.AI.Navigation.Updater.dll
Symbol file LoadedFromMemory is not a mono symbol file
Symbol file data-000002162095B420 doesn't match image C:\Users\dosra\Documents\CappiAstralMuseum\Cappi Astral Museum\Library\ScriptAssemblies\Unity.Animation.Rigging.dll
Symbol file LoadedFromMemory is not a mono symbol file
Symbol file data-000002162095B420 doesn't match image C:\Users\dosra\Documents\CappiAstralMuseum\Cappi Astral Museum\Library\ScriptAssemblies\Unity.Animation.Rigging.DocCodeExamples.dll
Symbol file LoadedFromMemory is not a mono symbol file
Symbol file data-000002162095B420 doesn't match image C:\Users\dosra\Documents\CappiAstralMuseum\Cappi Astral Museum\Library\ScriptAssemblies\Unity.Animation.Rigging.Editor.dll
Symbol file LoadedFromMemory is not a mono symbol file
Symbol file data-000002162096A230 doesn't match image C:\Users\dosra\Documents\CappiAstralMuseum\Cappi Astral Museum\Library\ScriptAssemblies\Unity.Burst.CodeGen.dll
Symbol file LoadedFromMemory is not a mono symbol file
Symbol file data-0000021620FA8010 doesn't match image C:\Users\dosra\Documents\CappiAstralMuseum\Cappi Astral Museum\Library\ScriptAssemblies\Unity.Burst.dll
Symbol file LoadedFromMemory is not a mono symbol file
Symbol file data-00000216237CFCF0 doesn't match image C:\Users\dosra\Documents\CappiAstralMuseum\Cappi Astral Museum\Library\ScriptAssemblies\Unity.Burst.Editor.dll
Symbol file LoadedFromMemory is not a mono symbol file
Symbol file data-000002162096A230 doesn't match image C:\Users\dosra\Documents\CappiAstralMuseum\Cappi Astral Museum\Library\ScriptAssemblies\Unity.CollabProxy.Editor.dll
Symbol file LoadedFromMemory is not a mono symbol file
Symbol file data-000002162096C240 doesn't match image C:\Users\dosra\Documents\CappiAstralMuseum\Cappi Astral Museum\Library\ScriptAssemblies\Unity.EditorCoroutines.Editor.dll
Symbol file LoadedFromMemory is not a mono symbol file
Symbol file data-000002162368D780 doesn't match image C:\Users\dosra\Documents\CappiAstralMuseum\Cappi Astral Museum\Library\ScriptAssemblies\Unity.InputSystem.dll
Symbol file LoadedFromMemory is not a mono symbol file
Symbol file data-0000021620970050 doesn't match image C:\Users\dosra\Documents\CappiAstralMuseum\Cappi Astral Museum\Library\ScriptAssemblies\Unity.InputSystem.ForUI.dll
Symbol file LoadedFromMemory is not a mono symbol file
Symbol file data-0000021620970050 doesn't match image C:\Users\dosra\Documents\CappiAstralMuseum\Cappi Astral Museum\Library\ScriptAssemblies\Unity.InputSystem.TestFramework.dll
Symbol file LoadedFromMemory is not a mono symbol file
Symbol file data-0000021620FA8010 doesn't match image C:\Users\dosra\Documents\CappiAstralMuseum\Cappi Astral Museum\Library\ScriptAssemblies\Unity.Mathematics.dll
Symbol file LoadedFromMemory is not a mono symbol file
Symbol file data-00000216237DA700 doesn't match image C:\Users\dosra\Documents\CappiAstralMuseum\Cappi Astral Museum\Library\ScriptAssemblies\Unity.Mathematics.Editor.dll
Symbol file LoadedFromMemory is not a mono symbol file
Symbol file data-00000216237DA700 doesn't match image C:\Users\dosra\Documents\CappiAstralMuseum\Cappi Astral Museum\Library\ScriptAssemblies\Unity.Performance.Profile-Analyzer.Editor.dll
Symbol file LoadedFromMemory is not a mono symbol file
Symbol file data-0000021623BD7020 doesn't match image C:\Users\dosra\Documents\CappiAstralMuseum\Cappi Astral Museum\Library\ScriptAssemblies\Unity.PlasticSCM.Editor.dll
Symbol file LoadedFromMemory is not a mono symbol file
Symbol file data-0000021620FE9420 doesn't match image C:\Users\dosra\Documents\CappiAstralMuseum\Cappi Astral Museum\Library\ScriptAssemblies\Unity.Postprocessing.Editor.dll
Symbol file LoadedFromMemory is not a mono symbol file
Symbol file data-0000021620FE9420 doesn't match image C:\Users\dosra\Documents\CappiAstralMuseum\Cappi Astral Museum\Library\ScriptAssemblies\Unity.Postprocessing.Runtime.dll
Symbol file LoadedFromMemory is not a mono symbol file
Symbol file data-0000021620FE9420 doesn't match image C:\Users\dosra\Documents\CappiAstralMuseum\Cappi Astral Museum\Library\ScriptAssemblies\Unity.Rider.Editor.dll
Symbol file LoadedFromMemory is not a mono symbol file
Symbol file data-0000021620FF3830 doesn't match image C:\Users\dosra\Documents\CappiAstralMuseum\Cappi Astral Museum\Library\ScriptAssemblies\Unity.Settings.Editor.dll
Symbol file LoadedFromMemory is not a mono symbol file
Symbol file data-0000021623C12440 doesn't match image C:\Users\dosra\Documents\CappiAstralMuseum\Cappi Astral Museum\Library\ScriptAssemblies\Unity.Splines.dll
Symbol file LoadedFromMemory is not a mono symbol file
Symbol file data-0000021623C12440 doesn't match image C:\Users\dosra\Documents\CappiAstralMuseum\Cappi Astral Museum\Library\ScriptAssemblies\Unity.Splines.Editor.dll
Symbol file LoadedFromMemory is not a mono symbol file
Symbol file data-0000021623C12440 doesn't match image C:\Users\dosra\Documents\CappiAstralMuseum\Cappi Astral Museum\Library\ScriptAssemblies\Unity.TestTools.CodeCoverage.Editor.dll
Symbol file LoadedFromMemory is not a mono symbol file
Symbol file data-0000021620FF3830 doesn't match image C:\Users\dosra\Documents\CappiAstralMuseum\Cappi Astral Museum\Library\ScriptAssemblies\Unity.TestTools.CodeCoverage.Editor.OpenCover.Model.dll
Symbol file LoadedFromMemory is not a mono symbol file
Symbol file data-0000021620FF3830 doesn't match image C:\Users\dosra\Documents\CappiAstralMuseum\Cappi Astral Museum\Library\ScriptAssemblies\Unity.TestTools.CodeCoverage.Editor.OpenCover.Mono.Reflection.dll
Symbol file LoadedFromMemory is not a mono symbol file
Symbol file data-00000216249C0430 doesn't match image C:\Users\dosra\Documents\CappiAstralMuseum\Cappi Astral Museum\Library\ScriptAssemblies\Unity.TextMeshPro.dll
Symbol file LoadedFromMemory is not a mono symbol file
Symbol file data-00000216231DDA40 doesn't match image C:\Users\dosra\Documents\CappiAstralMuseum\Cappi Astral Museum\Library\ScriptAssemblies\Unity.TextMeshPro.Editor.dll
Symbol file LoadedFromMemory is not a mono symbol file
Symbol file data-00000216231DDA40 doesn't match image C:\Users\dosra\Documents\CappiAstralMuseum\Cappi Astral Museum\Library\ScriptAssemblies\Unity.Timeline.dll
Symbol file LoadedFromMemory is not a mono symbol file
Symbol file data-0000021621EE8010 doesn't match image C:\Users\dosra\Documents\CappiAstralMuseum\Cappi Astral Museum\Library\ScriptAssemblies\Unity.Timeline.Editor.dll
Symbol file LoadedFromMemory is not a mono symbol file
Symbol file data-0000021621EE8010 doesn't match image C:\Users\dosra\Documents\CappiAstralMuseum\Cappi Astral Museum\Library\ScriptAssemblies\Unity.VisualScripting.Core.dll
Symbol file LoadedFromMemory is not a mono symbol file
Symbol file data-0000021621EE8010 doesn't match image C:\Users\dosra\Documents\CappiAstralMuseum\Cappi Astral Museum\Library\ScriptAssemblies\Unity.VisualScripting.Core.Editor.dll
Symbol file LoadedFromMemory is not a mono symbol file
Symbol file data-0000021621EE8010 doesn't match image C:\Users\dosra\Documents\CappiAstralMuseum\Cappi Astral Museum\Library\ScriptAssemblies\Unity.VisualScripting.Flow.dll
Symbol file LoadedFromMemory is not a mono symbol file
Symbol file data-000002162321B010 doesn't match image C:\Users\dosra\Documents\CappiAstralMuseum\Cappi Astral Museum\Library\ScriptAssemblies\Unity.VisualScripting.Flow.Editor.dll
Symbol file LoadedFromMemory is not a mono symbol file
Symbol file data-0000021620FF3830 doesn't match image C:\Users\dosra\Documents\CappiAstralMuseum\Cappi Astral Museum\Library\ScriptAssemblies\Unity.VisualScripting.SettingsProvider.Editor.dll
Symbol file LoadedFromMemory is not a mono symbol file
Symbol file data-0000021620FF3830 doesn't match image C:\Users\dosra\Documents\CappiAstralMuseum\Cappi Astral Museum\Library\ScriptAssemblies\Unity.VisualScripting.Shared.Editor.dll
Symbol file LoadedFromMemory is not a mono symbol file
Symbol file data-0000021621F3EA30 doesn't match image C:\Users\dosra\Documents\CappiAstralMuseum\Cappi Astral Museum\Library\ScriptAssemblies\Unity.VisualScripting.State.dll
Symbol file LoadedFromMemory is not a mono symbol file
Symbol file data-0000021623C22450 doesn't match image C:\Users\dosra\Documents\CappiAstralMuseum\Cappi Astral Museum\Library\ScriptAssemblies\Unity.VisualScripting.State.Editor.dll
Symbol file LoadedFromMemory is not a mono symbol file
Symbol file data-0000021623C22450 doesn't match image C:\Users\dosra\Documents\CappiAstralMuseum\Cappi Astral Museum\Library\ScriptAssemblies\Unity.VisualStudio.Editor.dll
Symbol file LoadedFromMemory is not a mono symbol file
Symbol file data-0000021623305410 doesn't match image C:\Users\dosra\Documents\CappiAstralMuseum\Cappi Astral Museum\Library\ScriptAssemblies\UnityEditor.TestRunner.dll
Symbol file LoadedFromMemory is not a mono symbol file
Symbol file data-0000021623305410 doesn't match image C:\Users\dosra\Documents\CappiAstralMuseum\Cappi Astral Museum\Library\ScriptAssemblies\UnityEditor.UI.dll
Symbol file LoadedFromMemory is not a mono symbol file
Symbol file data-0000021623261A30 doesn't match image C:\Users\dosra\Documents\CappiAstralMuseum\Cappi Astral Museum\Library\ScriptAssemblies\UnityEngine.TestRunner.dll
Symbol file LoadedFromMemory is not a mono symbol file
Symbol file data-0000021623305410 doesn't match image C:\Users\dosra\Documents\CappiAstralMuseum\Cappi Astral Museum\Library\ScriptAssemblies\UnityEngine.UI.dll
Symbol file LoadedFromMemory is not a mono symbol file
Symbol file LoadedFromMemory doesn't match image C:\Users\dosra\Documents\CappiAstralMuseum\Cappi Astral Museum\Library\PackageCache\com.unity.visualscripting@1.8.0\Editor\VisualScripting.Core\Dependencies\YamlDotNet\Unity.VisualScripting.YamlDotNet.dll
Symbol file LoadedFromMemory doesn't match image C:\Users\dosra\Documents\CappiAstralMuseum\Cappi Astral Museum\Library\PackageCache\com.unity.visualscripting@1.8.0\Editor\VisualScripting.Core\Dependencies\DotNetZip\Unity.VisualScripting.IonicZip.dll
Symbol file LoadedFromMemory is not a mono symbol file
- Loaded All Assemblies, in  0.996 seconds
Refreshing native plugins compatible for Editor in 0.93 ms, found 3 plugins.
Native extension for WindowsStandalone target not found
[MODES] ModeService[none].Initialize
[MODES] ModeService[none].LoadModes
[MODES] Loading mode Default (0) for mode-current-id-Cappi Astral Museum
Mono: successfully reloaded assembly
- Finished resetting the current domain, in  0.755 seconds
Domain Reload Profiling: 1746ms
	BeginReloadAssembly (380ms)
		ExecutionOrderSort (0ms)
		DisableScriptedObjects (6ms)
		BackupInstance (0ms)
		ReleaseScriptingObjects (0ms)
		CreateAndSetChildDomain (39ms)
	RebuildCommonClasses (43ms)
	RebuildNativeTypeToScriptingClass (19ms)
	initialDomainReloadingComplete (45ms)
	LoadAllAssembliesAndSetupDomain (504ms)
		LoadAssemblies (368ms)
		RebuildTransferFunctionScriptingTraits (0ms)
		AnalyzeDomain (242ms)
			TypeCache.Refresh (202ms)
				TypeCache.ScanAssembly (182ms)
			BuildScriptInfoCaches (29ms)
			ResolveRequiredComponents (8ms)
	FinalizeReload (755ms)
		ReleaseScriptCaches (0ms)
		RebuildScriptCaches (0ms)
		SetupLoadedEditorAssemblies (554ms)
			LogAssemblyErrors (0ms)
			InitializePlatformSupportModulesInManaged (2ms)
			SetLoadedEditorAssemblies (5ms)
			BeforeProcessingInitializeOnLoad (62ms)
			ProcessInitializeOnLoadAttributes (452ms)
			ProcessInitializeOnLoadMethodAttributes (24ms)
			AfterProcessingInitializeOnLoad (8ms)
			EditorAssembliesLoaded (0ms)
		ExecutionOrderSort2 (0ms)
		AwakeInstancesAfterBackupRestoration (6ms)
Launched and connected shader compiler UnityShaderCompiler.exe after 0.01 seconds
Refreshing native plugins compatible for Editor in 0.95 ms, found 3 plugins.
Preloading 0 native plugins for Editor in 0.00 ms.
Unloading 78 Unused Serialized files (Serialized files now loaded: 0)
Unloading 4493 unused Assets / (3.0 MB). Loaded Objects now: 5120.
Memory consumption went from 229.8 MB to 226.8 MB.
Total: 6.269500 ms (FindLiveObjects: 0.485700 ms CreateObjectMapping: 0.517600 ms MarkObjects: 3.608300 ms  DeleteObjects: 1.657200 ms)

========================================================================
Received Import Request.
  Time since last request: 36511.754605 seconds.
  path: Assets/Assets Used/Low Poly Nature Pack/Particle Effects/Fire_Fx.prefab
  artifactKey: Guid(18a5f5c724978754399885856c81dc27) Importer(815301076,1909f56bfc062723c751e8b465ee728b)
Start importing Assets/Assets Used/Low Poly Nature Pack/Particle Effects/Fire_Fx.prefab using Guid(18a5f5c724978754399885856c81dc27) Importer(815301076,1909f56bfc062723c751e8b465ee728b) (PreviewImporter) -> (artifact id: '934c1e754fd9124216d3c12f2617ee64') in 0.1655701 seconds
Number of updated asset objects reloaded before import = 0Number of asset objects unloaded after import = 15

========================================================================
Received Import Request.
  Time since last request: 0.000028 seconds.
  path: Assets/Assets Used/Low Poly Nature Pack/Particle Effects/Smoke_Fx.prefab
  artifactKey: Guid(a6bc24f70f2b89c499184c7e95e51d80) Importer(815301076,1909f56bfc062723c751e8b465ee728b)
Start importing Assets/Assets Used/Low Poly Nature Pack/Particle Effects/Smoke_Fx.prefab using Guid(a6bc24f70f2b89c499184c7e95e51d80) Importer(815301076,1909f56bfc062723c751e8b465ee728b) (PreviewImporter) -> (artifact id: 'cb0e3b07a5c7b6a0e7d3b11bc5004dc6') in 0.0199642 seconds
Number of updated asset objects reloaded before import = 0Number of asset objects unloaded after import = 11

========================================================================
Received Import Request.
  Time since last request: 0.000026 seconds.
  path: Assets/Assets Used/Low Poly Nature Pack/Particle Effects/Fireflies_Fx.prefab
  artifactKey: Guid(55cf934240d859c47b20be0c6a36ee8a) Importer(815301076,1909f56bfc062723c751e8b465ee728b)
Start importing Assets/Assets Used/Low Poly Nature Pack/Particle Effects/Fireflies_Fx.prefab using Guid(55cf934240d859c47b20be0c6a36ee8a) Importer(815301076,1909f56bfc062723c751e8b465ee728b) (PreviewImporter) -> (artifact id: '595297bce8a323398603cb93177f5d5e') in 0.0378055 seconds
Number of updated asset objects reloaded before import = 0Number of asset objects unloaded after import = 11

========================================================================
Received Import Request.
  Time since last request: 0.000015 seconds.
  path: Assets/Assets Used/Low Poly Nature Pack/Particle Effects/Fish_Fx.prefab
  artifactKey: Guid(a1ecbe35f456298428a96acdd1469c2d) Importer(815301076,1909f56bfc062723c751e8b465ee728b)
Start importing Assets/Assets Used/Low Poly Nature Pack/Particle Effects/Fish_Fx.prefab using Guid(a1ecbe35f456298428a96acdd1469c2d) Importer(815301076,1909f56bfc062723c751e8b465ee728b) (PreviewImporter) -> (artifact id: '7b12a9b86372452bd84716c091c75701') in 0.0466767 seconds
Number of updated asset objects reloaded before import = 0Number of asset objects unloaded after import = 12

========================================================================
Received Import Request.
  Time since last request: 22.030981 seconds.
  path: Assets/Assets Used/Low Poly Nature Pack/Models/Clouds/Cloud04.fbx
  artifactKey: Guid(20ed633237c0fd44fb11c33630101bae) Importer(815301076,1909f56bfc062723c751e8b465ee728b)
Start importing Assets/Assets Used/Low Poly Nature Pack/Models/Clouds/Cloud04.fbx using Guid(20ed633237c0fd44fb11c33630101bae) Importer(815301076,1909f56bfc062723c751e8b465ee728b) (PreviewImporter) -> (artifact id: '9b55c87ae3f2bb5be7624ddafe346bc6') in 0.0729924 seconds
Number of updated asset objects reloaded before import = 0Number of asset objects unloaded after import = 8

========================================================================
Received Import Request.
  Time since last request: 0.000021 seconds.
  path: Assets/Assets Used/Low Poly Nature Pack/Models/Clouds/Clouds.fbx
  artifactKey: Guid(08523883f023c8b4980e6d4fe59df1a7) Importer(815301076,1909f56bfc062723c751e8b465ee728b)
Start importing Assets/Assets Used/Low Poly Nature Pack/Models/Clouds/Clouds.fbx using Guid(08523883f023c8b4980e6d4fe59df1a7) Importer(815301076,1909f56bfc062723c751e8b465ee728b) (PreviewImporter) -> (artifact id: '79209f281e21889ae7aed440621c419a') in 0.0240679 seconds
Number of updated asset objects reloaded before import = 0Number of asset objects unloaded after import = 8

Editor requested this worker to shutdown with reason: Scaling down because of idle timeout
AssetImportWorker is now disconnected from the server
Process exiting
Exiting without the bug reporter. Application will terminate with return code 0